Component: Arm Compiler for Embedded 6.19 Tool: armlink [5e73cb00]

==============================================================================

Section Cross References

    startup_stm32f103xb.o(RESET) refers to startup_stm32f103xb.o(STACK) for __initial_sp
    startup_stm32f103xb.o(RESET) refers to startup_stm32f103xb.o(.text) for Reset_Handler
    startup_stm32f103xb.o(RESET) refers to stm32f1xx_it.o(.text.NMI_Handler) for NMI_Handler
    startup_stm32f103xb.o(RESET) refers to stm32f1xx_it.o(.text.HardFault_Handler) for HardFault_Handler
    startup_stm32f103xb.o(RESET) refers to stm32f1xx_it.o(.text.MemManage_Handler) for MemManage_Handler
    startup_stm32f103xb.o(RESET) refers to stm32f1xx_it.o(.text.BusFault_Handler) for BusFault_Handler
    startup_stm32f103xb.o(RESET) refers to stm32f1xx_it.o(.text.UsageFault_Handler) for UsageFault_Handler
    startup_stm32f103xb.o(RESET) refers to stm32f1xx_it.o(.text.SVC_Handler) for SVC_Handler
    startup_stm32f103xb.o(RESET) refers to stm32f1xx_it.o(.text.DebugMon_Handler) for DebugMon_Handler
    startup_stm32f103xb.o(RESET) refers to stm32f1xx_it.o(.text.PendSV_Handler) for PendSV_Handler
    startup_stm32f103xb.o(RESET) refers to stm32f1xx_it.o(.text.SysTick_Handler) for SysTick_Handler
    startup_stm32f103xb.o(RESET) refers to stm32f1xx_it.o(.text.USB_LP_CAN1_RX0_IRQHandler) for USB_LP_CAN1_RX0_IRQHandler
    startup_stm32f103xb.o(.text) refers to system_stm32f1xx.o(.text.SystemInit) for SystemInit
    startup_stm32f103xb.o(.text) refers to entry.o(.ARM.Collect$$$$00000000) for __main
    main.o(.text.USBRxHandler) refers to strncmp.o(.text) for strncmp
    main.o(.text.USBRxHandler) refers to main.o(.bss.Is_App_Connect) for Is_App_Connect
    main.o(.text.USBRxHandler) refers to main.o(.bss.Is_app_status) for Is_app_status
    main.o(.text.USBRxHandler) refers to main.o(.bss.enl_setting_state) for enl_setting_state
    main.o(.text.USBRxHandler) refers to main.o(.bss.App_Voltage) for App_Voltage
    main.o(.text.USBRxHandler) refers to main.o(.bss.App_Signal) for App_Signal
    main.o(.ARM.exidx.text.USBRxHandler) refers to main.o(.text.USBRxHandler) for [Anonymous Symbol]
    main.o(.text.main) refers to stm32f1xx_hal.o(.text.HAL_Init) for HAL_Init
    main.o(.text.main) refers to main.o(.text.SystemClock_Config) for SystemClock_Config
    main.o(.text.main) refers to stm32f1xx_hal_gpio.o(.text.HAL_GPIO_WritePin) for HAL_GPIO_WritePin
    main.o(.text.main) refers to stm32f1xx_hal_gpio.o(.text.HAL_GPIO_Init) for HAL_GPIO_Init
    main.o(.text.main) refers to main.o(.bss.htim3) for htim3
    main.o(.text.main) refers to stm32f1xx_hal_tim.o(.text.HAL_TIM_PWM_Init) for HAL_TIM_PWM_Init
    main.o(.text.main) refers to stm32f1xx_hal_tim_ex.o(.text.HAL_TIMEx_MasterConfigSynchronization) for HAL_TIMEx_MasterConfigSynchronization
    main.o(.text.main) refers to stm32f1xx_hal_tim.o(.text.HAL_TIM_PWM_ConfigChannel) for HAL_TIM_PWM_ConfigChannel
    main.o(.text.main) refers to stm32f1xx_hal_msp.o(.text.HAL_TIM_MspPostInit) for HAL_TIM_MspPostInit
    main.o(.text.main) refers to usb_device.o(.text.MX_USB_DEVICE_Init) for MX_USB_DEVICE_Init
    main.o(.text.main) refers to stm32f1xx_hal_tim.o(.text.HAL_TIM_PWM_Start) for HAL_TIM_PWM_Start
    main.o(.text.main) refers to main.o(.bss.LCD1) for LCD1
    main.o(.text.main) refers to clcd.o(.text.CLCD_4BIT_Init) for CLCD_4BIT_Init
    main.o(.text.main) refers to main.o(.bss.enl_setting_state) for enl_setting_state
    main.o(.text.main) refers to main.o(.bss.Is_App_Connect) for Is_App_Connect
    main.o(.text.main) refers to main.o(.bss.u1l_LCD_pos_cur) for u1l_LCD_pos_cur
    main.o(.text.main) refers to main.o(.bss.Is_app_status) for Is_app_status
    main.o(.text.main) refers to main.o(.bss.App_Voltage) for App_Voltage
    main.o(.text.main) refers to main.o(.bss.App_Signal) for App_Signal
    main.o(.text.main) refers to main.o(.text.f_display_voltage) for f_display_voltage
    main.o(.text.main) refers to stm32f1xx_hal.o(.text.HAL_Delay) for HAL_Delay
    main.o(.text.main) refers to main.o(.data.u1l_LCD_pos_Sig) for u1l_LCD_pos_Sig
    main.o(.text.main) refers to main.o(.data.u1l_LCD_pos_Vol) for u1l_LCD_pos_Vol
    main.o(.text.main) refers to clcd.o(.text.CLCD_Clear) for CLCD_Clear
    main.o(.text.main) refers to clcd.o(.text.CLCD_SetCursor) for CLCD_SetCursor
    main.o(.text.main) refers to main.o(.rodata.str1.1) for .L.str.21
    main.o(.text.main) refers to clcd.o(.text.CLCD_WriteString) for CLCD_WriteString
    main.o(.text.main) refers to stm32f1xx_hal_gpio.o(.text.HAL_GPIO_ReadPin) for HAL_GPIO_ReadPin
    main.o(.text.main) refers to main.o(.text.f_display_sw_signal) for f_display_sw_signal
    main.o(.ARM.exidx.text.main) refers to main.o(.text.main) for [Anonymous Symbol]
    main.o(.text.SystemClock_Config) refers to memseta.o(.text) for __aeabi_memclr4
    main.o(.text.SystemClock_Config) refers to stm32f1xx_hal_rcc.o(.text.HAL_RCC_OscConfig) for HAL_RCC_OscConfig
[...]
    Removing usbd_cdc_if.o(.ARM.exidx.text.CDC_DeInit_FS), (8 bytes).
    Removing usbd_cdc_if.o(.ARM.exidx.text.CDC_Control_FS), (8 bytes).
    Removing usbd_cdc_if.o(.ARM.exidx.text.CDC_Receive_FS), (8 bytes).
    Removing usbd_cdc_if.o(.text.CDC_Transmit_FS), (54 bytes).
    Removing usbd_cdc_if.o(.ARM.exidx.text.CDC_Transmit_FS), (8 bytes).
    Removing usbd_conf.o(.text), (0 bytes).
    Removing usbd_conf.o(.ARM.exidx.text.HAL_PCD_MspInit), (8 bytes).
    Removing usbd_conf.o(.text.HAL_PCD_MspDeInit), (38 bytes).
    Removing usbd_conf.o(.ARM.exidx.text.HAL_PCD_MspDeInit), (8 bytes).
    Removing usbd_conf.o(.ARM.exidx.text.HAL_PCD_SetupStageCallback), (8 bytes).
    Removing usbd_conf.o(.ARM.exidx.text.HAL_PCD_DataOutStageCallback), (8 bytes).
    Removing usbd_conf.o(.ARM.exidx.text.HAL_PCD_DataInStageCallback), (8 bytes).
    Removing usbd_conf.o(.ARM.exidx.text.HAL_PCD_SOFCallback), (8 bytes).
    Removing usbd_conf.o(.ARM.exidx.text.HAL_PCD_ResetCallback), (8 bytes).
    Removing usbd_conf.o(.ARM.exidx.text.HAL_PCD_SuspendCallback), (8 bytes).
    Removing usbd_conf.o(.ARM.exidx.text.HAL_PCD_ResumeCallback), (8 bytes).
    Removing usbd_conf.o(.text.HAL_PCD_ISOOUTIncompleteCallback), (8 bytes).
    Removing usbd_conf.o(.ARM.exidx.text.HAL_PCD_ISOOUTIncompleteCallback), (8 bytes).
    Removing usbd_conf.o(.text.HAL_PCD_ISOINIncompleteCallback), (8 bytes).
    Removing usbd_conf.o(.ARM.exidx.text.HAL_PCD_ISOINIncompleteCallback), (8 bytes).
    Removing usbd_conf.o(.text.HAL_PCD_ConnectCallback), (8 bytes).
    Removing usbd_conf.o(.ARM.exidx.text.HAL_PCD_ConnectCallback), (8 bytes).
    Removing usbd_conf.o(.text.HAL_PCD_DisconnectCallback), (8 bytes).
    Removing usbd_conf.o(.ARM.exidx.text.HAL_PCD_DisconnectCallback), (8 bytes).
    Removing usbd_conf.o(.ARM.exidx.text.USBD_LL_Init), (8 bytes).
    Removing usbd_conf.o(.text.USBD_LL_DeInit), (34 bytes).
    Removing usbd_conf.o(.ARM.exidx.text.USBD_LL_DeInit), (8 bytes).
    Removing usbd_conf.o(.ARM.exidx.text.USBD_LL_Start), (8 bytes).
    Removing usbd_conf.o(.text.USBD_LL_Stop), (34 bytes).
    Removing usbd_conf.o(.ARM.exidx.text.USBD_LL_Stop), (8 bytes).
    Removing usbd_conf.o(.ARM.exidx.text.USBD_LL_OpenEP), (8 bytes).
    Removing usbd_conf.o(.ARM.exidx.text.USBD_LL_CloseEP), (8 bytes).
    Removing usbd_conf.o(.text.USBD_LL_FlushEP), (34 bytes).
    Removing usbd_conf.o(.ARM.exidx.text.USBD_LL_FlushEP), (8 bytes).
    Removing usbd_conf.o(.ARM.exidx.text.USBD_LL_StallEP), (8 bytes).
    Removing usbd_conf.o(.ARM.exidx.text.USBD_LL_ClearStallEP), (8 bytes).
    Removing usbd_conf.o(.ARM.exidx.text.USBD_LL_IsStallEP), (8 bytes).
    Removing usbd_conf.o(.ARM.exidx.text.USBD_LL_SetUSBAddress), (8 bytes).
    Removing usbd_conf.o(.ARM.exidx.text.USBD_LL_Transmit), (8 bytes).
    Removing usbd_conf.o(.ARM.exidx.text.USBD_LL_PrepareReceive), (8 bytes).
    Removing usbd_conf.o(.ARM.exidx.text.USBD_LL_GetRxDataSize), (8 bytes).
    Removing usbd_conf.o(.text.USBD_LL_Delay), (4 bytes).
    Removing usbd_conf.o(.ARM.exidx.text.USBD_LL_Delay), (8 bytes).
    Removing usbd_conf.o(.ARM.exidx.text.USBD_static_malloc), (8 bytes).
    Removing usbd_conf.o(.ARM.exidx.text.USBD_static_free), (8 bytes).
    Removing usbd_conf.o(.ARM.exidx.text.HAL_PCDEx_SetConnectionState), (8 bytes).
    Removing usbd_core.o(.text), (0 bytes).
    Removing usbd_core.o(.ARM.exidx.text.USBD_Init), (8 bytes).
    Removing usbd_core.o(.text.USBD_DeInit), (38 bytes).
    Removing usbd_core.o(.ARM.exidx.text.USBD_DeInit), (8 bytes).
    Removing usbd_core.o(.ARM.exidx.text.USBD_RegisterClass), (8 bytes).
    Removing usbd_core.o(.ARM.exidx.text.USBD_Start), (8 bytes).
    Removing usbd_core.o(.text.USBD_Stop), (26 bytes).
    Removing usbd_core.o(.ARM.exidx.text.USBD_Stop), (8 bytes).
    Removing usbd_core.o(.text.USBD_RunTestMode), (4 bytes).
    Removing usbd_core.o(.ARM.exidx.text.USBD_RunTestMode), (8 bytes).
    Removing usbd_core.o(.ARM.exidx.text.USBD_SetClassConfig), (8 bytes).
    Removing usbd_core.o(.ARM.exidx.text.USBD_ClrClassConfig), (8 bytes).
    Removing usbd_core.o(.ARM.exidx.text.USBD_LL_SetupStage), (8 bytes).
    Removing usbd_core.o(.ARM.exidx.text.USBD_LL_DataOutStage), (8 bytes).
    Removing usbd_core.o(.ARM.exidx.text.USBD_LL_DataInStage), (8 bytes).
    Removing usbd_core.o(.ARM.exidx.text.USBD_LL_Reset), (8 bytes).
    Removing usbd_core.o(.ARM.exidx.text.USBD_LL_SetSpeed), (8 bytes).
    Removing usbd_core.o(.ARM.exidx.text.USBD_LL_Suspend), (8 bytes).
    Removing usbd_core.o(.ARM.exidx.text.USBD_LL_Resume), (8 bytes).
    Removing usbd_core.o(.ARM.exidx.text.USBD_LL_SOF), (8 bytes).
    Removing usbd_core.o(.text.USBD_LL_IsoINIncomplete), (4 bytes).
    Removing usbd_core.o(.ARM.exidx.text.USBD_LL_IsoINIncomplete), (8 bytes).
    Removing usbd_core.o(.text.USBD_LL_IsoOUTIncomplete), (4 bytes).
    Removing usbd_core.o(.ARM.exidx.text.USBD_LL_IsoOUTIncomplete), (8 bytes).
    Removing usbd_core.o(.text.USBD_LL_DevConnected), (4 bytes).
    Removing usbd_core.o(.ARM.exidx.text.USBD_LL_DevConnected), (8 bytes).
    Removing usbd_core.o(.text.USBD_LL_DevDisconnected), (22 bytes).
    Removing usbd_core.o(.ARM.exidx.text.USBD_LL_DevDisconnected), (8 bytes).
    Removing usbd_ctlreq.o(.text), (0 bytes).
    Removing usbd_ctlreq.o(.ARM.exidx.text.USBD_StdDevReq), (8 bytes).
    Removing usbd_ctlreq.o(.ARM.exidx.text.USBD_CtlError), (8 bytes).
    Removing usbd_ctlreq.o(.ARM.exidx.text.USBD_StdItfReq), (8 bytes).
    Removing usbd_ctlreq.o(.ARM.exidx.text.USBD_StdEPReq), (8 bytes).
    Removing usbd_ctlreq.o(.ARM.exidx.text.USBD_ParseSetupRequest), (8 bytes).
    Removing usbd_ctlreq.o(.ARM.exidx.text.USBD_GetString), (8 bytes).
    Removing usbd_ioreq.o(.text), (0 bytes).
    Removing usbd_ioreq.o(.ARM.exidx.text.USBD_CtlSendData), (8 bytes).
    Removing usbd_ioreq.o(.ARM.exidx.text.USBD_CtlContinueSendData), (8 bytes).
    Removing usbd_ioreq.o(.ARM.exidx.text.USBD_CtlPrepareRx), (8 bytes).
    Removing usbd_ioreq.o(.ARM.exidx.text.USBD_CtlContinueRx), (8 bytes).
    Removing usbd_ioreq.o(.ARM.exidx.text.USBD_CtlSendStatus), (8 bytes).
    Removing usbd_ioreq.o(.ARM.exidx.text.USBD_CtlReceiveStatus), (8 bytes).
    Removing usbd_ioreq.o(.text.USBD_GetRxCount), (4 bytes).
    Removing usbd_ioreq.o(.ARM.exidx.text.USBD_GetRxCount), (8 bytes).
    Removing usbd_cdc.o(.text), (0 bytes).
    Removing usbd_cdc.o(.ARM.exidx.text.USBD_CDC_Init), (8 bytes).
    Removing usbd_cdc.o(.ARM.exidx.text.USBD_CDC_DeInit), (8 bytes).
    Removing usbd_cdc.o(.ARM.exidx.text.USBD_CDC_Setup), (8 bytes).
    Removing usbd_cdc.o(.ARM.exidx.text.USBD_CDC_EP0_RxReady), (8 bytes).
    Removing usbd_cdc.o(.ARM.exidx.text.USBD_CDC_DataIn), (8 bytes).
    Removing usbd_cdc.o(.ARM.exidx.text.USBD_CDC_DataOut), (8 bytes).
    Removing usbd_cdc.o(.ARM.exidx.text.USBD_CDC_GetHSCfgDesc), (8 bytes).
    Removing usbd_cdc.o(.ARM.exidx.text.USBD_CDC_GetFSCfgDesc), (8 bytes).
    Removing usbd_cdc.o(.ARM.exidx.text.USBD_CDC_GetOtherSpeedCfgDesc), (8 bytes).
    Removing usbd_cdc.o(.ARM.exidx.text.USBD_CDC_GetDeviceQualifierDescriptor), (8 bytes).
    Removing usbd_cdc.o(.ARM.exidx.text.USBD_CDC_RegisterInterface), (8 bytes).
    Removing usbd_cdc.o(.ARM.exidx.text.USBD_CDC_SetTxBuffer), (8 bytes).
    Removing usbd_cdc.o(.ARM.exidx.text.USBD_CDC_SetRxBuffer), (8 bytes).
    Removing usbd_cdc.o(.text.USBD_CDC_TransmitPacket), (56 bytes).
    Removing usbd_cdc.o(.ARM.exidx.text.USBD_CDC_TransmitPacket), (8 bytes).
    Removing usbd_cdc.o(.ARM.exidx.text.USBD_CDC_ReceivePacket), (8 bytes).

849 unused section(s) (total 32680 bytes) removed from the image.

==============================================================================

Image Symbol Table

    Local Symbols

    Symbol Name                              Value     Ov Type        Size  Object(Section)

    ../clib/../cmprslib/zerorunl2.c          0x00000000   Number         0  __dczerorl2.o ABSOLUTE
    ../clib/microlib/init/entry.s            0x00000000   Number         0  entry.o ABSOLUTE
    ../clib/microlib/init/entry.s            0x00000000   Number         0  entry2.o ABSOLUTE
    ../clib/microlib/init/entry.s            0x00000000   Number         0  entry5.o ABSOLUTE
    ../clib/microlib/init/entry.s            0x00000000   Number         0  entry7a.o ABSOLUTE
    ../clib/microlib/init/entry.s            0x00000000   Number         0  entry7b.o ABSOLUTE
    ../clib/microlib/init/entry.s            0x00000000   Number         0  entry8a.o ABSOLUTE
    ../clib/microlib/init/entry.s            0x00000000   Number         0  entry8b.o ABSOLUTE
    ../clib/microlib/init/entry.s            0x00000000   Number         0  entry9a.o ABSOLUTE
    ../clib/microlib/init/entry.s            0x00000000   Number         0  entry9b.o ABSOLUTE
    ../clib/microlib/init/entry.s            0x00000000   Number         0  entry10a.o ABSOLUTE
    ../clib/microlib/init/entry.s            0x00000000   Number         0  entry10b.o ABSOLUTE
    ../clib/microlib/init/entry.s            0x00000000   Number         0  entry11a.o ABSOLUTE
    ../clib/microlib/init/entry.s            0x00000000   Number         0  entry11b.o ABSOLUTE
    ../clib/microlib/string/memset.c         0x00000000   Number         0  memseta.o ABSOLUTE
    ../clib/microlib/string/strncmp.c        0x00000000   Number         0  strncmp.o ABSOLUTE
    CLCD.c                                   0x00000000   Number         0  clcd.o ABSOLUTE
    dc.s                                     0x00000000   Number         0  dc.o ABSOLUTE
    handlers.s                               0x00000000   Number         0  handlers.o ABSOLUTE
    init.s                                   0x00000000   Number         0  init.o ABSOLUTE
    main.c                                   0x00000000   Number         0  main.o ABSOLUTE
    startup_stm32f103xb.s                    0x00000000   Number         0  startup_stm32f103xb.o ABSOLUTE
    stm32f1xx_hal.c                          0x00000000   Number         0  stm32f1xx_hal.o ABSOLUTE
    stm32f1xx_hal_cortex.c                   0x00000000   Number         0  stm32f1xx_hal_cortex.o ABSOLUTE
    stm32f1xx_hal_dma.c                      0x00000000   Number         0  stm32f1xx_hal_dma.o ABSOLUTE
    stm32f1xx_hal_exti.c                     0x00000000   Number         0  stm32f1xx_hal_exti.o ABSOLUTE
    stm32f1xx_hal_flash.c                    0x00000000   Number         0  stm32f1xx_hal_flash.o ABSOLUTE
    stm32f1xx_hal_flash_ex.c                 0x00000000   Number         0  stm32f1xx_hal_flash_ex.o ABSOLUTE
    stm32f1xx_hal_gpio.c                     0x00000000   Number         0  stm32f1xx_hal_gpio.o ABSOLUTE
    stm32f1xx_hal_gpio_ex.c                  0x00000000   Number         0  stm32f1xx_hal_gpio_ex.o ABSOLUTE
    stm32f1xx_hal_msp.c                      0x00000000   Number         0  stm32f1xx_hal_msp.o ABSOLUTE
    stm32f1xx_hal_pcd.c                      0x00000000   Number         0  stm32f1xx_hal_pcd.o ABSOLUTE
    stm32f1xx_hal_pcd_ex.c                   0x00000000   Number         0  stm32f1xx_hal_pcd_ex.o ABSOLUTE
    stm32f1xx_hal_pwr.c                      0x00000000   Number         0  stm32f1xx_hal_pwr.o ABSOLUTE
    stm32f1xx_hal_rcc.c                      0x00000000   Number         0  stm32f1xx_hal_rcc.o ABSOLUTE
    stm32f1xx_hal_rcc_ex.c                   0x00000000   Number         0  stm32f1xx_hal_rcc_ex.o ABSOLUTE
    stm32f1xx_hal_tim.c                      0x00000000   Number         0  stm32f1xx_hal_tim.o ABSOLUTE
    stm32f1xx_hal_tim_ex.c                   0x00000000   Number         0  stm32f1xx_hal_tim_ex.o ABSOLUTE
    stm32f1xx_it.c                           0x00000000   Number         0  stm32f1xx_it.o ABSOLUTE
    stm32f1xx_ll_usb.c                       0x00000000   Number         0  stm32f1xx_ll_usb.o ABSOLUTE
    system_stm32f1xx.c                       0x00000000   Number         0  system_stm32f1xx.o ABSOLUTE
    usb_device.c                             0x00000000   Number         0  usb_device.o ABSOLUTE
    usbd_cdc.c                               0x00000000   Number         0  usbd_cdc.o ABSOLUTE
    usbd_cdc_if.c                            0x00000000   Number         0  usbd_cdc_if.o ABSOLUTE
    usbd_conf.c                              0x00000000   Number         0  usbd_conf.o ABSOLUTE
    usbd_core.c                              0x00000000   Number         0  usbd_core.o ABSOLUTE
    usbd_ctlreq.c                            0x00000000   Number         0  usbd_ctlreq.o ABSOLUTE
    usbd_desc.c                              0x00000000   Number         0  usbd_desc.o ABSOLUTE
    usbd_ioreq.c                             0x00000000   Number         0  usbd_ioreq.o ABSOLUTE
    RESET                                    0x08000000   Section      236  startup_stm32f103xb.o(RESET)
    .ARM.Collect$$$$00000000                 0x080000ec   Section        0  entry.o(.ARM.Collect$$$$00000000)
    .ARM.Collect$$$$00000001                 0x080000ec   Section        4  entry2.o(.ARM.Collect$$$$00000001)
    .ARM.Collect$$$$00000004                 0x080000f0   Section        4  entry5.o(.ARM.Collect$$$$00000004)
    .ARM.Collect$$$$00000008                 0x080000f4   Section        0  entry7b.o(.ARM.Collect$$$$00000008)
    .ARM.Collect$$$$0000000A                 0x080000f4   Section        0  entry8b.o(.ARM.Collect$$$$0000000A)
    .ARM.Collect$$$$0000000B                 0x080000f4   Section        8  entry9a.o(.ARM.Collect$$$$0000000B)
    __lit__00000000                          0x080000fc   Data           4  entry2.o(.ARM.Collect$$$$00002712)
    .ARM.Collect$$$$0000000D                 0x080000fc   Section        0  entry10a.o(.ARM.Collect$$$$0000000D)
    .ARM.Collect$$$$0000000F                 0x080000fc   Section        0  entry11a.o(.ARM.Collect$$$$0000000F)
    .ARM.Collect$$$$00002712                 0x080000fc   Section        4  entry2.o(.ARM.Collect$$$$00002712)
    .text                                    0x08000100   Section       36  startup_stm32f103xb.o(.text)
    .text                                    0x08000124   Section        0  memseta.o(.text)
    .text                                    0x08000148   Section        0  strncmp.o(.text)
    .text                                    0x08000168   Section       36  init.o(.text)
    .text                                    0x0800018c   Section        0  __dczerorl2.o(.text)
    [Anonymous Symbol]                       0x080001e4   Section        0  stm32f1xx_it.o(.text.BusFault_Handler)
    CDC_Control_FS                           0x080001e9   Thumb Code     4  usbd_cdc_if.o(.text.CDC_Control_FS)
    [Anonymous Symbol]                       0x080001e8   Section        0  usbd_cdc_if.o(.text.CDC_Control_FS)
    CDC_DeInit_FS                            0x080001ed   Thumb Code     4  usbd_cdc_if.o(.text.CDC_DeInit_FS)
    [Anonymous Symbol]                       0x080001ec   Section        0  usbd_cdc_if.o(.text.CDC_DeInit_FS)
    CDC_Init_FS                              0x080001f1   Thumb Code    44  usbd_cdc_if.o(.text.CDC_Init_FS)
    [Anonymous Symbol]                       0x080001f0   Section        0  usbd_cdc_if.o(.text.CDC_Init_FS)
    CDC_Receive_FS                           0x0800021d   Thumb Code    44  usbd_cdc_if.o(.text.CDC_Receive_FS)
    [Anonymous Symbol]                       0x0800021c   Section        0  usbd_cdc_if.o(.text.CDC_Receive_FS)
    [Anonymous Symbol]                       0x08000248   Section        0  clcd.o(.text.CLCD_4BIT_Init)
    [Anonymous Symbol]                       0x08000334   Section        0  clcd.o(.text.CLCD_Clear)
    [Anonymous Symbol]                       0x0800035c   Section        0  clcd.o(.text.CLCD_SetCursor)
    CLCD_Write4                              0x080003b1   Thumb Code   226  clcd.o(.text.CLCD_Write4)
    [Anonymous Symbol]                       0x080003b0   Section        0  clcd.o(.text.CLCD_Write4)
    CLCD_Write8                              0x08000495   Thumb Code   172  clcd.o(.text.CLCD_Write8)
    [Anonymous Symbol]                       0x08000494   Section        0  clcd.o(.text.CLCD_Write8)
    [Anonymous Symbol]                       0x08000540   Section        0  clcd.o(.text.CLCD_WriteString)
    [Anonymous Symbol]                       0x08000578   Section        0  stm32f1xx_it.o(.text.DebugMon_Handler)
    [Anonymous Symbol]                       0x0800057c   Section        0  main.o(.text.Error_Handler)
    [Anonymous Symbol]                       0x08000588   Section        0  stm32f1xx_hal.o(.text.HAL_Delay)
    [Anonymous Symbol]                       0x080005b0   Section        0  stm32f1xx_hal_gpio.o(.text.HAL_GPIO_Init)
    [Anonymous Symbol]                       0x080007b4   Section        0  stm32f1xx_hal_gpio.o(.text.HAL_GPIO_ReadPin)
    [Anonymous Symbol]                       0x080007c0   Section        0  stm32f1xx_hal_gpio.o(.text.HAL_GPIO_WritePin)
    [Anonymous Symbol]                       0x080007cc   Section        0  stm32f1xx_hal.o(.text.HAL_GetTick)
    [Anonymous Symbol]                       0x080007d8   Section        0  stm32f1xx_hal.o(.text.HAL_IncTick)
    [Anonymous Symbol]                       0x080007f4   Section        0  stm32f1xx_hal.o(.text.HAL_Init)
    [Anonymous Symbol]                       0x0800081c   Section        0  stm32f1xx_hal.o(.text.HAL_InitTick)
    [Anonymous Symbol]                       0x0800086c   Section        0  stm32f1xx_hal_msp.o(.text.HAL_MspInit)
    [Anonymous Symbol]                       0x080008b0   Section        0  stm32f1xx_hal_cortex.o(.text.HAL_NVIC_EnableIRQ)
    [Anonymous Symbol]                       0x080008d0   Section        0  stm32f1xx_hal_cortex.o(.text.HAL_NVIC_SetPriority)
    [Anonymous Symbol]                       0x08000928   Section        0  stm32f1xx_hal_cortex.o(.text.HAL_NVIC_SetPriorityGrouping)
    [Anonymous Symbol]                       0x08000948   Section        0  stm32f1xx_hal_pcd_ex.o(.text.HAL_PCDEx_PMAConfig)
    [Anonymous Symbol]                       0x08000990   Section        0  usbd_conf.o(.text.HAL_PCDEx_SetConnectionState)
    [Anonymous Symbol]                       0x08000994   Section        0  usbd_conf.o(.text.HAL_PCD_DataInStageCallback)
    [Anonymous Symbol]                       0x080009a8   Section        0  usbd_conf.o(.text.HAL_PCD_DataOutStageCallback)
    [Anonymous Symbol]                       0x080009c0   Section        0  stm32f1xx_hal_pcd.o(.text.HAL_PCD_EP_Close)
    [Anonymous Symbol]                       0x08000a10   Section        0  stm32f1xx_hal_pcd.o(.text.HAL_PCD_EP_ClrStall)
    [Anonymous Symbol]                       0x08000a74   Section        0  stm32f1xx_hal_pcd.o(.text.HAL_PCD_EP_GetRxCount)
    [Anonymous Symbol]                       0x08000a88   Section        0  stm32f1xx_hal_pcd.o(.text.HAL_PCD_EP_Open)
    [Anonymous Symbol]                       0x08000af0   Section        0  stm32f1xx_hal_pcd.o(.text.HAL_PCD_EP_Receive)
    [Anonymous Symbol]                       0x08000b24   Section        0  stm32f1xx_hal_pcd.o(.text.HAL_PCD_EP_SetStall)
    [Anonymous Symbol]                       0x08000b94   Section        0  stm32f1xx_hal_pcd.o(.text.HAL_PCD_EP_Transmit)
    [Anonymous Symbol]                       0x08000bcc   Section        0  stm32f1xx_hal_pcd.o(.text.HAL_PCD_IRQHandler)
    [Anonymous Symbol]                       0x0800146c   Section        0  stm32f1xx_hal_pcd.o(.text.HAL_PCD_Init)
    [Anonymous Symbol]                       0x08001560   Section        0  usbd_conf.o(.text.HAL_PCD_MspInit)
    [Anonymous Symbol]                       0x080015a8   Section        0  usbd_conf.o(.text.HAL_PCD_ResetCallback)
    [Anonymous Symbol]                       0x080015cc   Section        0  usbd_conf.o(.text.HAL_PCD_ResumeCallback)
    [Anonymous Symbol]                       0x080015d4   Section        0  usbd_conf.o(.text.HAL_PCD_SOFCallback)
    [Anonymous Symbol]                       0x080015dc   Section        0  stm32f1xx_hal_pcd.o(.text.HAL_PCD_SetAddress)
    [Anonymous Symbol]                       0x08001604   Section        0  usbd_conf.o(.text.HAL_PCD_SetupStageCallback)
    [Anonymous Symbol]                       0x08001614   Section        0  stm32f1xx_hal_pcd.o(.text.HAL_PCD_Start)
    [Anonymous Symbol]                       0x08001648   Section        0  usbd_conf.o(.text.HAL_PCD_SuspendCallback)
    [Anonymous Symbol]                       0x08001670   Section        0  stm32f1xx_hal_rcc_ex.o(.text.HAL_RCCEx_PeriphCLKConfig)
    [Anonymous Symbol]                       0x08001778   Section        0  stm32f1xx_hal_rcc.o(.text.HAL_RCC_ClockConfig)
    [Anonymous Symbol]                       0x08001934   Section        0  stm32f1xx_hal_rcc.o(.text.HAL_RCC_OscConfig)
    [Anonymous Symbol]                       0x08001c64   Section        0  stm32f1xx_hal_cortex.o(.text.HAL_SYSTICK_Config)
    [Anonymous Symbol]                       0x08001c90   Section        0  stm32f1xx_hal_tim_ex.o(.text.HAL_TIMEx_MasterConfigSynchronization)
    [Anonymous Symbol]                       0x08001d08   Section        0  stm32f1xx_hal_msp.o(.text.HAL_TIM_MspPostInit)
    [Anonymous Symbol]                       0x08001d5c   Section        0  stm32f1xx_hal_tim.o(.text.HAL_TIM_PWM_ConfigChannel)
    [Anonymous Symbol]                       0x08001f5c   Section        0  stm32f1xx_hal_tim.o(.text.HAL_TIM_PWM_Init)
    [Anonymous Symbol]                       0x08002034   Section        0  stm32f1xx_hal_msp.o(.text.HAL_TIM_PWM_MspInit)
    [Anonymous Symbol]                       0x08002068   Section        0  stm32f1xx_hal_tim.o(.text.HAL_TIM_PWM_Start)
    [Anonymous Symbol]                       0x0800212c   Section        0  stm32f1xx_it.o(.text.HardFault_Handler)
    [Anonymous Symbol]                       0x08002130   Section        0  usb_device.o(.text.MX_USB_DEVICE_Init)
    [Anonymous Symbol]                       0x080021a4   Section        0  stm32f1xx_it.o(.text.MemManage_Handler)
    [Anonymous Symbol]                       0x080021a8   Section        0  stm32f1xx_it.o(.text.NMI_Handler)
    [Anonymous Symbol]                       0x080021ac   Section        0  stm32f1xx_it.o(.text.PendSV_Handler)
    [Anonymous Symbol]                       0x080021b0   Section        0  stm32f1xx_it.o(.text.SVC_Handler)
    [Anonymous Symbol]                       0x080021b4   Section        0  stm32f1xx_it.o(.text.SysTick_Handler)
    [Anonymous Symbol]                       0x080021b8   Section        0  main.o(.text.SystemClock_Config)
    [Anonymous Symbol]                       0x08002248   Section        0  system_stm32f1xx.o(.text.SystemInit)
    USBD_CDC_DataIn                          0x0800224d   Thumb Code    80  usbd_cdc.o(.text.USBD_CDC_DataIn)
    [Anonymous Symbol]                       0x0800224c   Section        0  usbd_cdc.o(.text.USBD_CDC_DataIn)
    USBD_CDC_DataOut                         0x0800229d   Thumb Code    46  usbd_cdc.o(.text.USBD_CDC_DataOut)
    [Anonymous Symbol]                       0x0800229c   Section        0  usbd_cdc.o(.text.USBD_CDC_DataOut)
    USBD_CDC_DeInit                          0x080022cd   Thumb Code    66  usbd_cdc.o(.text.USBD_CDC_DeInit)
    [Anonymous Symbol]                       0x080022cc   Section        0  usbd_cdc.o(.text.USBD_CDC_DeInit)
    USBD_CDC_EP0_RxReady                     0x08002311   Thumb Code    40  usbd_cdc.o(.text.USBD_CDC_EP0_RxReady)
    [Anonymous Symbol]                       0x08002310   Section        0  usbd_cdc.o(.text.USBD_CDC_EP0_RxReady)
    [Anonymous Symbol]                       0x08002338   Section        0  usbd_cdc.o(.text.USBD_CDC_GetDeviceQualifierDescriptor)
    USBD_CDC_GetFSCfgDesc                    0x08002349   Thumb Code    16  usbd_cdc.o(.text.USBD_CDC_GetFSCfgDesc)
    [Anonymous Symbol]                       0x08002348   Section        0  usbd_cdc.o(.text.USBD_CDC_GetFSCfgDesc)
    USBD_CDC_GetHSCfgDesc                    0x08002359   Thumb Code    16  usbd_cdc.o(.text.USBD_CDC_GetHSCfgDesc)
    [Anonymous Symbol]                       0x08002358   Section        0  usbd_cdc.o(.text.USBD_CDC_GetHSCfgDesc)
    USBD_CDC_GetOtherSpeedCfgDesc            0x08002369   Thumb Code    16  usbd_cdc.o(.text.USBD_CDC_GetOtherSpeedCfgDesc)
    [Anonymous Symbol]                       0x08002368   Section        0  usbd_cdc.o(.text.USBD_CDC_GetOtherSpeedCfgDesc)
    USBD_CDC_Init                            0x08002379   Thumb Code   130  usbd_cdc.o(.text.USBD_CDC_Init)
    [Anonymous Symbol]                       0x08002378   Section        0  usbd_cdc.o(.text.USBD_CDC_Init)
    [Anonymous Symbol]                       0x080023fc   Section        0  usbd_cdc.o(.text.USBD_CDC_ReceivePacket)
    [Anonymous Symbol]                       0x08002428   Section        0  usbd_cdc.o(.text.USBD_CDC_RegisterInterface)
    [Anonymous Symbol]                       0x08002438   Section        0  usbd_cdc.o(.text.USBD_CDC_SetRxBuffer)
    [Anonymous Symbol]                       0x08002444   Section        0  usbd_cdc.o(.text.USBD_CDC_SetTxBuffer)
    USBD_CDC_Setup                           0x08002455   Thumb Code   246  usbd_cdc.o(.text.USBD_CDC_Setup)
    [Anonymous Symbol]                       0x08002454   Section        0  usbd_cdc.o(.text.USBD_CDC_Setup)
    [Anonymous Symbol]                       0x0800254c   Section        0  usbd_core.o(.text.USBD_ClrClassConfig)
    [Anonymous Symbol]                       0x0800255c   Section        0  usbd_ioreq.o(.text.USBD_CtlContinueRx)
    [Anonymous Symbol]                       0x0800256c   Section        0  usbd_ioreq.o(.text.USBD_CtlContinueSendData)
    [Anonymous Symbol]                       0x0800257c   Section        0  usbd_ctlreq.o(.text.USBD_CtlError)
    [Anonymous Symbol]                       0x08002594   Section        0  usbd_ioreq.o(.text.USBD_CtlPrepareRx)
    [Anonymous Symbol]                       0x080025b0   Section        0  usbd_ioreq.o(.text.USBD_CtlReceiveStatus)
    [Anonymous Symbol]                       0x080025c8   Section        0  usbd_ioreq.o(.text.USBD_CtlSendData)
    [Anonymous Symbol]                       0x080025e4   Section        0  usbd_ioreq.o(.text.USBD_CtlSendStatus)
    [Anonymous Symbol]                       0x080025fc   Section        0  usbd_desc.o(.text.USBD_FS_ConfigStrDescriptor)
    [Anonymous Symbol]                       0x08002620   Section        0  usbd_desc.o(.text.USBD_FS_DeviceDescriptor)
    [Anonymous Symbol]                       0x08002630   Section        0  usbd_desc.o(.text.USBD_FS_InterfaceStrDescriptor)
    [Anonymous Symbol]                       0x08002658   Section        0  usbd_desc.o(.text.USBD_FS_LangIDStrDescriptor)
    [Anonymous Symbol]                       0x08002668   Section        0  usbd_desc.o(.text.USBD_FS_ManufacturerStrDescriptor)
    [Anonymous Symbol]                       0x08002694   Section        0  usbd_desc.o(.text.USBD_FS_ProductStrDescriptor)
    [Anonymous Symbol]                       0x080026c4   Section        0  usbd_desc.o(.text.USBD_FS_SerialStrDescriptor)
    [Anonymous Symbol]                       0x0800274c   Section        0  usbd_ctlreq.o(.text.USBD_GetString)
    [Anonymous Symbol]                       0x080027bc   Section        0  usbd_core.o(.text.USBD_Init)
    [Anonymous Symbol]                       0x080027ec   Section        0  usbd_conf.o(.text.USBD_LL_ClearStallEP)
    [Anonymous Symbol]                       0x08002810   Section        0  usbd_conf.o(.text.USBD_LL_CloseEP)
    [Anonymous Symbol]                       0x08002834   Section        0  usbd_core.o(.text.USBD_LL_DataInStage)
    [Anonymous Symbol]                       0x080028f8   Section        0  usbd_core.o(.text.USBD_LL_DataOutStage)
    [Anonymous Symbol]                       0x08002980   Section        0  usbd_conf.o(.text.USBD_LL_GetRxDataSize)
    [Anonymous Symbol]                       0x08002988   Section        0  usbd_conf.o(.text.USBD_LL_Init)
    [Anonymous Symbol]                       0x08002a10   Section        0  usbd_conf.o(.text.USBD_LL_IsStallEP)
    [Anonymous Symbol]                       0x08002a34   Section        0  usbd_conf.o(.text.USBD_LL_OpenEP)
    [Anonymous Symbol]                       0x08002a5c   Section        0  usbd_conf.o(.text.USBD_LL_PrepareReceive)
    [Anonymous Symbol]                       0x08002a80   Section        0  usbd_core.o(.text.USBD_LL_Reset)
    [Anonymous Symbol]                       0x08002ad4   Section        0  usbd_core.o(.text.USBD_LL_Resume)
    [Anonymous Symbol]                       0x08002ae8   Section        0  usbd_core.o(.text.USBD_LL_SOF)
    [Anonymous Symbol]                       0x08002b04   Section        0  usbd_core.o(.text.USBD_LL_SetSpeed)
    [Anonymous Symbol]                       0x08002b0c   Section        0  usbd_conf.o(.text.USBD_LL_SetUSBAddress)
    [Anonymous Symbol]                       0x08002b30   Section        0  usbd_core.o(.text.USBD_LL_SetupStage)
    [Anonymous Symbol]                       0x08002b90   Section        0  usbd_conf.o(.text.USBD_LL_StallEP)
    [Anonymous Symbol]                       0x08002bb4   Section        0  usbd_conf.o(.text.USBD_LL_Start)
    [Anonymous Symbol]                       0x08002bd8   Section        0  usbd_core.o(.text.USBD_LL_Suspend)
    [Anonymous Symbol]                       0x08002bec   Section        0  usbd_conf.o(.text.USBD_LL_Transmit)
    [Anonymous Symbol]                       0x08002c10   Section        0  usbd_ctlreq.o(.text.USBD_ParseSetupRequest)
    [Anonymous Symbol]                       0x08002c28   Section        0  usbd_core.o(.text.USBD_RegisterClass)
    [Anonymous Symbol]                       0x08002c38   Section        0  usbd_core.o(.text.USBD_SetClassConfig)
    [Anonymous Symbol]                       0x08002c54   Section        0  usbd_core.o(.text.USBD_Start)
    [Anonymous Symbol]                       0x08002c60   Section        0  usbd_ctlreq.o(.text.USBD_StdDevReq)
    [Anonymous Symbol]                       0x08003004   Section        0  usbd_ctlreq.o(.text.USBD_StdEPReq)
    [Anonymous Symbol]                       0x08003140   Section        0  usbd_ctlreq.o(.text.USBD_StdItfReq)
    [Anonymous Symbol]                       0x080031b4   Section        0  usbd_conf.o(.text.USBD_static_free)
    [Anonymous Symbol]                       0x080031b8   Section        0  usbd_conf.o(.text.USBD_static_malloc)
    [Anonymous Symbol]                       0x080031c4   Section        0  main.o(.text.USBRxHandler)
    [Anonymous Symbol]                       0x080032e0   Section        0  stm32f1xx_ll_usb.o(.text.USB_ActivateEndpoint)
    [Anonymous Symbol]                       0x080034d8   Section        0  stm32f1xx_ll_usb.o(.text.USB_CoreInit)
    [Anonymous Symbol]                       0x080034dc   Section        0  stm32f1xx_ll_usb.o(.text.USB_DeactivateEndpoint)
    [Anonymous Symbol]                       0x080035bc   Section        0  stm32f1xx_ll_usb.o(.text.USB_DevConnect)
    [Anonymous Symbol]                       0x080035c0   Section        0  stm32f1xx_ll_usb.o(.text.USB_DevDisconnect)
    [Anonymous Symbol]                       0x080035c4   Section        0  stm32f1xx_ll_usb.o(.text.USB_DevInit)
    [Anonymous Symbol]                       0x080035e0   Section        0  stm32f1xx_ll_usb.o(.text.USB_DisableGlobalInt)
    [Anonymous Symbol]                       0x080035f4   Section        0  stm32f1xx_ll_usb.o(.text.USB_EP0_OutStart)
    [Anonymous Symbol]                       0x080035f8   Section        0  stm32f1xx_ll_usb.o(.text.USB_EPClearStall)
    [Anonymous Symbol]                       0x08003674   Section        0  stm32f1xx_ll_usb.o(.text.USB_EPSetStall)
    [Anonymous Symbol]                       0x080036a8   Section        0  stm32f1xx_ll_usb.o(.text.USB_EPStartXfer)
    [Anonymous Symbol]                       0x08003f64   Section        0  stm32f1xx_ll_usb.o(.text.USB_EnableGlobalInt)
    [Anonymous Symbol]                       0x08003f78   Section        0  stm32f1xx_it.o(.text.USB_LP_CAN1_RX0_IRQHandler)
    [Anonymous Symbol]                       0x08003f84   Section        0  stm32f1xx_ll_usb.o(.text.USB_ReadInterrupts)
    [Anonymous Symbol]                       0x08003f8c   Section        0  stm32f1xx_ll_usb.o(.text.USB_ReadPMA)
    [Anonymous Symbol]                       0x08003fbc   Section        0  stm32f1xx_ll_usb.o(.text.USB_SetCurrentMode)
    [Anonymous Symbol]                       0x08003fc0   Section        0  stm32f1xx_ll_usb.o(.text.USB_SetDevAddress)
    [Anonymous Symbol]                       0x08003fd0   Section        0  stm32f1xx_ll_usb.o(.text.USB_WritePMA)
    [Anonymous Symbol]                       0x08003ff4   Section        0  stm32f1xx_it.o(.text.UsageFault_Handler)
    [Anonymous Symbol]                       0x08003ff8   Section        0  main.o(.text.f_display_sw_signal)
    [Anonymous Symbol]                       0x080040f0   Section        0  main.o(.text.f_display_voltage)
    [Anonymous Symbol]                       0x080041d0   Section        0  main.o(.text.main)
    i.__scatterload_copy                     0x08004b98   Section       14  handlers.o(i.__scatterload_copy)
    i.__scatterload_null                     0x08004ba6   Section        2  handlers.o(i.__scatterload_null)
    i.__scatterload_zeroinit                 0x08004ba8   Section       14  handlers.o(i.__scatterload_zeroinit)
    .L__const.HAL_RCC_GetSysClockFreq.aPredivFactorTable 0x08004bb6   Data           2  stm32f1xx_hal_rcc.o(.rodata..L__const.HAL_RCC_GetSysClockFreq.aPredivFactorTable)
    .L__const.HAL_RCC_GetSysClockFreq.aPLLMULFactorTable 0x08004bc8   Data          16  stm32f1xx_hal_rcc.o(.rodata.cst16)
    .L.str.13                                0x08004bd8   Data           8  main.o(.rodata.str1.1)
    [Anonymous Symbol]                       0x08004bd8   Section        0  main.o(.rodata.str1.1)
    .L.str.23                                0x08004be0   Data          10  main.o(.rodata.str1.1)
    .L.str.22                                0x08004bea   Data          10  main.o(.rodata.str1.1)
    .L.str.24                                0x08004bf2   Data           2  main.o(.rodata.str1.1)
    .L.str.25                                0x08004bf4   Data           2  main.o(.rodata.str1.1)
    .L.str.16                                0x08004bf6   Data           4  main.o(.rodata.str1.1)
    .L.str.14                                0x08004bfa   Data           6  main.o(.rodata.str1.1)
    .L.str.15                                0x08004c00   Data           4  main.o(.rodata.str1.1)
    .L.str.10                                0x08004c04   Data           3  main.o(.rodata.str1.1)
    .L.str.11                                0x08004c07   Data           4  main.o(.rodata.str1.1)
    .L.str.12                                0x08004c0b   Data           4  main.o(.rodata.str1.1)
    .L.str.21                                0x08004c0f   Data          18  main.o(.rodata.str1.1)
    USBD_CDC_DeviceQualifierDesc             0x200000e0   Data          10  usbd_cdc.o(.data.USBD_CDC_DeviceQualifierDesc)
    [Anonymous Symbol]                       0x200000e0   Section        0  usbd_cdc.o(.data.USBD_CDC_DeviceQualifierDesc)
    USBD_SetConfig.cfgidx                    0x200001e4   Data           1  usbd_ctlreq.o(.bss.USBD_SetConfig.cfgidx)
    [Anonymous Symbol]                       0x200001e4   Section        0  usbd_ctlreq.o(.bss.USBD_SetConfig.cfgidx)
    USBD_static_malloc.mem                   0x200003e8   Data         544  usbd_conf.o(.bss.USBD_static_malloc.mem)
    [Anonymous Symbol]                       0x200003e8   Section        0  usbd_conf.o(.bss.USBD_static_malloc.mem)
    STACK                                    0x20000c90   Section     1024  startup_stm32f103xb.o(STACK)

    Global Symbols

    Symbol Name                              Value     Ov Type        Size  Object(Section)

    BuildAttributes$$THM_ISAv4$P$D$K$B$S$PE$A:L22UL41UL21$X:L11$S22US41US21$IEEE1$IW$~IW$USESV6$~STKCKD$USESV7$~SHL$OTIME$EBA8$MICROLIB$REQ8$PRES8$EABIv2 0x00000000   Number         0  anon$$obj.o ABSOLUTE
    __cpp_initialize__aeabi_                  - Undefined Weak Reference
    __cxa_finalize                            - Undefined Weak Reference
    _clock_init                               - Undefined Weak Reference
    _microlib_exit                            - Undefined Weak Reference
    __Vectors_Size                           0x000000ec   Number         0  startup_stm32f103xb.o ABSOLUTE
    __Vectors                                0x08000000   Data           4  startup_stm32f103xb.o(RESET)
    __Vectors_End                            0x080000ec   Data           0  startup_stm32f103xb.o(RESET)
    __main                                   0x080000ed   Thumb Code     0  entry.o(.ARM.Collect$$$$00000000)
    _main_stk                                0x080000ed   Thumb Code     0  entry2.o(.ARM.Collect$$$$00000001)
    _main_scatterload                        0x080000f1   Thumb Code     0  entry5.o(.ARM.Collect$$$$00000004)
    __main_after_scatterload                 0x080000f5   Thumb Code     0  entry5.o(.ARM.Collect$$$$00000004)
    _main_clock                              0x080000f5   Thumb Code     0  entry7b.o(.ARM.Collect$$$$00000008)
    _main_cpp_init                           0x080000f5   Thumb Code     0  entry8b.o(.ARM.Collect$$$$0000000A)
    _main_init                               0x080000f5   Thumb Code     0  entry9a.o(.ARM.Collect$$$$0000000B)
    __rt_final_cpp                           0x080000fd   Thumb Code     0  entry10a.o(.ARM.Collect$$$$0000000D)
    __rt_final_exit                          0x080000fd   Thumb Code     0  entry11a.o(.ARM.Collect$$$$0000000F)
    Reset_Handler                            0x08000101   Thumb Code     8  startup_stm32f103xb.o(.text)
    ADC1_2_IRQHandler                        0x0800011b   Thumb Code     0  startup_stm32f103xb.o(.text)
    CAN1_RX1_IRQHandler                      0x0800011b   Thumb Code     0  startup_stm32f103xb.o(.text)
    CAN1_SCE_IRQHandler                      0x0800011b   Thumb Code     0  startup_stm32f103xb.o(.text)
    DMA1_Channel1_IRQHandler                 0x0800011b   Thumb Code     0  startup_stm32f103xb.o(.text)
    DMA1_Channel2_IRQHandler                 0x0800011b   Thumb Code     0  startup_stm32f103xb.o(.text)
    DMA1_Channel3_IRQHandler                 0x0800011b   Thumb Code     0  startup_stm32f103xb.o(.text)
    DMA1_Channel4_IRQHandler                 0x0800011b   Thumb Code     0  startup_stm32f103xb.o(.text)
    DMA1_Channel5_IRQHandler                 0x0800011b   Thumb Code     0  startup_stm32f103xb.o(.text)
    DMA1_Channel6_IRQHandler                 0x0800011b   Thumb Code     0  startup_stm32f103xb.o(.text)
    DMA1_Channel7_IRQHandler                 0x0800011b   Thumb Code     0  startup_stm32f103xb.o(.text)
    EXTI0_IRQHandler                         0x0800011b   Thumb Code     0  startup_stm32f103xb.o(.text)
    EXTI15_10_IRQHandler                     0x0800011b   Thumb Code     0  startup_stm32f103xb.o(.text)
    EXTI1_IRQHandler                         0x0800011b   Thumb Code     0  startup_stm32f103xb.o(.text)
    EXTI2_IRQHandler                         0x0800011b   Thumb Code     0  startup_stm32f103xb.o(.text)
    EXTI3_IRQHandler                         0x0800011b   Thumb Code     0  startup_stm32f103xb.o(.text)
    EXTI4_IRQHandler                         0x0800011b   Thumb Code     0  startup_stm32f103xb.o(.text)
    EXTI9_5_IRQHandler                       0x0800011b   Thumb Code     0  startup_stm32f103xb.o(.text)
    FLASH_IRQHandler                         0x0800011b   Thumb Code     0  startup_stm32f103xb.o(.text)
    I2C1_ER_IRQHandler                       0x0800011b   Thumb Code     0  startup_stm32f103xb.o(.text)
    I2C1_EV_IRQHandler                       0x0800011b   Thumb Code     0  startup_stm32f103xb.o(.text)
    I2C2_ER_IRQHandler                       0x0800011b   Thumb Code     0  startup_stm32f103xb.o(.text)
    I2C2_EV_IRQHandler                       0x0800011b   Thumb Code     0  startup_stm32f103xb.o(.text)
    PVD_IRQHandler                           0x0800011b   Thumb Code     0  startup_stm32f103xb.o(.text)
    RCC_IRQHandler                           0x0800011b   Thumb Code     0  startup_stm32f103xb.o(.text)
    RTC_Alarm_IRQHandler                     0x0800011b   Thumb Code     0  startup_stm32f103xb.o(.text)
    RTC_IRQHandler                           0x0800011b   Thumb Code     0  startup_stm32f103xb.o(.text)
    SPI1_IRQHandler                          0x0800011b   Thumb Code     0  startup_stm32f103xb.o(.text)
    SPI2_IRQHandler                          0x0800011b   Thumb Code     0  startup_stm32f103xb.o(.text)
    TAMPER_IRQHandler                        0x0800011b   Thumb Code     0  startup_stm32f103xb.o(.text)
    TIM1_BRK_IRQHandler                      0x0800011b   Thumb Code     0  startup_stm32f103xb.o(.text)
    TIM1_CC_IRQHandler                       0x0800011b   Thumb Code     0  startup_stm32f103xb.o(.text)
    TIM1_TRG_COM_IRQHandler                  0x0800011b   Thumb Code     0  startup_stm32f103xb.o(.text)
    TIM1_UP_IRQHandler                       0x0800011b   Thumb Code     0  startup_stm32f103xb.o(.text)
    TIM2_IRQHandler                          0x0800011b   Thumb Code     0  startup_stm32f103xb.o(.text)
    TIM3_IRQHandler                          0x0800011b   Thumb Code     0  startup_stm32f103xb.o(.text)
    TIM4_IRQHandler                          0x0800011b   Thumb Code     0  startup_stm32f103xb.o(.text)
    USART1_IRQHandler                        0x0800011b   Thumb Code     0  startup_stm32f103xb.o(.text)
    USART2_IRQHandler                        0x0800011b   Thumb Code     0  startup_stm32f103xb.o(.text)
    USART3_IRQHandler                        0x0800011b   Thumb Code     0  startup_stm32f103xb.o(.text)
    USBWakeUp_IRQHandler                     0x0800011b   Thumb Code     0  startup_stm32f103xb.o(.text)
    USB_HP_CAN1_TX_IRQHandler                0x0800011b   Thumb Code     0  startup_stm32f103xb.o(.text)
    WWDG_IRQHandler                          0x0800011b   Thumb Code     0  startup_stm32f103xb.o(.text)
    __aeabi_memset                           0x08000125   Thumb Code    14  memseta.o(.text)
    __aeabi_memset4                          0x08000125   Thumb Code     0  memseta.o(.text)
    __aeabi_memset8                          0x08000125   Thumb Code     0  memseta.o(.text)
    __aeabi_memclr                           0x08000133   Thumb Code     4  memseta.o(.text)
    __aeabi_memclr4                          0x08000133   Thumb Code     0  memseta.o(.text)
    __aeabi_memclr8                          0x08000133   Thumb Code     0  memseta.o(.text)
    _memset$wrapper                          0x08000137   Thumb Code    18  memseta.o(.text)
    strncmp                                  0x08000149   Thumb Code    30  strncmp.o(.text)
    __scatterload                            0x08000169   Thumb Code    28  init.o(.text)
    __scatterload_rt2                        0x08000169   Thumb Code     0  init.o(.text)
    __decompress                             0x0800018d   Thumb Code     0  __dczerorl2.o(.text)
    __decompress1                            0x0800018d   Thumb Code    86  __dczerorl2.o(.text)
    BusFault_Handler                         0x080001e5   Thumb Code     2  stm32f1xx_it.o(.text.BusFault_Handler)
    CLCD_4BIT_Init                           0x08000249   Thumb Code   234  clcd.o(.text.CLCD_4BIT_Init)
    CLCD_Clear                               0x08000335   Thumb Code    38  clcd.o(.text.CLCD_Clear)
    CLCD_SetCursor                           0x0800035d   Thumb Code    80  clcd.o(.text.CLCD_SetCursor)
    CLCD_WriteString                         0x08000541   Thumb Code    56  clcd.o(.text.CLCD_WriteString)
    DebugMon_Handler                         0x08000579   Thumb Code     2  stm32f1xx_it.o(.text.DebugMon_Handler)
    Error_Handler                            0x0800057d   Thumb Code    10  main.o(.text.Error_Handler)
    HAL_Delay                                0x08000589   Thumb Code    40  stm32f1xx_hal.o(.text.HAL_Delay)
    HAL_GPIO_Init                            0x080005b1   Thumb Code   516  stm32f1xx_hal_gpio.o(.text.HAL_GPIO_Init)
    HAL_GPIO_ReadPin                         0x080007b5   Thumb Code    10  stm32f1xx_hal_gpio.o(.text.HAL_GPIO_ReadPin)
    HAL_GPIO_WritePin                        0x080007c1   Thumb Code    10  stm32f1xx_hal_gpio.o(.text.HAL_GPIO_WritePin)
    HAL_GetTick                              0x080007cd   Thumb Code    12  stm32f1xx_hal.o(.text.HAL_GetTick)
    HAL_IncTick                              0x080007d9   Thumb Code    26  stm32f1xx_hal.o(.text.HAL_IncTick)
    HAL_Init                                 0x080007f5   Thumb Code    38  stm32f1xx_hal.o(.text.HAL_Init)
    HAL_InitTick                             0x0800081d   Thumb Code    80  stm32f1xx_hal.o(.text.HAL_InitTick)
    HAL_MspInit                              0x0800086d   Thumb Code    66  stm32f1xx_hal_msp.o(.text.HAL_MspInit)
    HAL_NVIC_EnableIRQ                       0x080008b1   Thumb Code    32  stm32f1xx_hal_cortex.o(.text.HAL_NVIC_EnableIRQ)
    HAL_NVIC_SetPriority                     0x080008d1   Thumb Code    86  stm32f1xx_hal_cortex.o(.text.HAL_NVIC_SetPriority)
    HAL_NVIC_SetPriorityGrouping             0x08000929   Thumb Code    32  stm32f1xx_hal_cortex.o(.text.HAL_NVIC_SetPriorityGrouping)
    HAL_PCDEx_PMAConfig                      0x08000949   Thumb Code    70  stm32f1xx_hal_pcd_ex.o(.text.HAL_PCDEx_PMAConfig)
    HAL_PCDEx_SetConnectionState             0x08000991   Thumb Code     2  usbd_conf.o(.text.HAL_PCDEx_SetConnectionState)
    HAL_PCD_DataInStageCallback              0x08000995   Thumb Code    20  usbd_conf.o(.text.HAL_PCD_DataInStageCallback)
    HAL_PCD_DataOutStageCallback             0x080009a9   Thumb Code    22  usbd_conf.o(.text.HAL_PCD_DataOutStageCallback)
    HAL_PCD_EP_Close                         0x080009c1   Thumb Code    80  stm32f1xx_hal_pcd.o(.text.HAL_PCD_EP_Close)
    HAL_PCD_EP_ClrStall                      0x08000a11   Thumb Code    98  stm32f1xx_hal_pcd.o(.text.HAL_PCD_EP_ClrStall)
    HAL_PCD_EP_GetRxCount                    0x08000a75   Thumb Code    18  stm32f1xx_hal_pcd.o(.text.HAL_PCD_EP_GetRxCount)
    HAL_PCD_EP_Open                          0x08000a89   Thumb Code   104  stm32f1xx_hal_pcd.o(.text.HAL_PCD_EP_Open)
    HAL_PCD_EP_Receive                       0x08000af1   Thumb Code    50  stm32f1xx_hal_pcd.o(.text.HAL_PCD_EP_Receive)
    HAL_PCD_EP_SetStall                      0x08000b25   Thumb Code   112  stm32f1xx_hal_pcd.o(.text.HAL_PCD_EP_SetStall)
    HAL_PCD_EP_Transmit                      0x08000b95   Thumb Code    54  stm32f1xx_hal_pcd.o(.text.HAL_PCD_EP_Transmit)
    HAL_PCD_IRQHandler                       0x08000bcd   Thumb Code  2206  stm32f1xx_hal_pcd.o(.text.HAL_PCD_IRQHandler)
    HAL_PCD_Init                             0x0800146d   Thumb Code   242  stm32f1xx_hal_pcd.o(.text.HAL_PCD_Init)
    HAL_PCD_MspInit                          0x08001561   Thumb Code    70  usbd_conf.o(.text.HAL_PCD_MspInit)
    HAL_PCD_ResetCallback                    0x080015a9   Thumb Code    36  usbd_conf.o(.text.HAL_PCD_ResetCallback)
    HAL_PCD_ResumeCallback                   0x080015cd   Thumb Code     8  usbd_conf.o(.text.HAL_PCD_ResumeCallback)
    HAL_PCD_SOFCallback                      0x080015d5   Thumb Code     8  usbd_conf.o(.text.HAL_PCD_SOFCallback)
    HAL_PCD_SetAddress                       0x080015dd   Thumb Code    40  stm32f1xx_hal_pcd.o(.text.HAL_PCD_SetAddress)
    HAL_PCD_SetupStageCallback               0x08001605   Thumb Code    14  usbd_conf.o(.text.HAL_PCD_SetupStageCallback)
    HAL_PCD_Start                            0x08001615   Thumb Code    50  stm32f1xx_hal_pcd.o(.text.HAL_PCD_Start)
    HAL_PCD_SuspendCallback                  0x08001649   Thumb Code    38  usbd_conf.o(.text.HAL_PCD_SuspendCallback)
    HAL_RCCEx_PeriphCLKConfig                0x08001671   Thumb Code   262  stm32f1xx_hal_rcc_ex.o(.text.HAL_RCCEx_PeriphCLKConfig)
    HAL_RCC_ClockConfig                      0x08001779   Thumb Code   442  stm32f1xx_hal_rcc.o(.text.HAL_RCC_ClockConfig)
    HAL_RCC_OscConfig                        0x08001935   Thumb Code   816  stm32f1xx_hal_rcc.o(.text.HAL_RCC_OscConfig)
    HAL_SYSTICK_Config                       0x08001c65   Thumb Code    44  stm32f1xx_hal_cortex.o(.text.HAL_SYSTICK_Config)
    HAL_TIMEx_MasterConfigSynchronization    0x08001c91   Thumb Code   118  stm32f1xx_hal_tim_ex.o(.text.HAL_TIMEx_MasterConfigSynchronization)
    HAL_TIM_MspPostInit                      0x08001d09   Thumb Code    84  stm32f1xx_hal_msp.o(.text.HAL_TIM_MspPostInit)
    HAL_TIM_PWM_ConfigChannel                0x08001d5d   Thumb Code   510  stm32f1xx_hal_tim.o(.text.HAL_TIM_PWM_ConfigChannel)
    HAL_TIM_PWM_Init                         0x08001f5d   Thumb Code   216  stm32f1xx_hal_tim.o(.text.HAL_TIM_PWM_Init)
    HAL_TIM_PWM_MspInit                      0x08002035   Thumb Code    50  stm32f1xx_hal_msp.o(.text.HAL_TIM_PWM_MspInit)
    HAL_TIM_PWM_Start                        0x08002069   Thumb Code   194  stm32f1xx_hal_tim.o(.text.HAL_TIM_PWM_Start)
    HardFault_Handler                        0x0800212d   Thumb Code     2  stm32f1xx_it.o(.text.HardFault_Handler)
    MX_USB_DEVICE_Init                       0x08002131   Thumb Code   114  usb_device.o(.text.MX_USB_DEVICE_Init)
    MemManage_Handler                        0x080021a5   Thumb Code     2  stm32f1xx_it.o(.text.MemManage_Handler)
    NMI_Handler                              0x080021a9   Thumb Code     2  stm32f1xx_it.o(.text.NMI_Handler)
    PendSV_Handler                           0x080021ad   Thumb Code     2  stm32f1xx_it.o(.text.PendSV_Handler)
    SVC_Handler                              0x080021b1   Thumb Code     2  stm32f1xx_it.o(.text.SVC_Handler)
    SysTick_Handler                          0x080021b5   Thumb Code     4  stm32f1xx_it.o(.text.SysTick_Handler)
    SystemClock_Config                       0x080021b9   Thumb Code   142  main.o(.text.SystemClock_Config)
    SystemInit                               0x08002249   Thumb Code     2  system_stm32f1xx.o(.text.SystemInit)
    USBD_CDC_GetDeviceQualifierDescriptor    0x08002339   Thumb Code    16  usbd_cdc.o(.text.USBD_CDC_GetDeviceQualifierDescriptor)
    USBD_CDC_ReceivePacket                   0x080023fd   Thumb Code    42  usbd_cdc.o(.text.USBD_CDC_ReceivePacket)
    USBD_CDC_RegisterInterface               0x08002429   Thumb Code    14  usbd_cdc.o(.text.USBD_CDC_RegisterInterface)
    USBD_CDC_SetRxBuffer                     0x08002439   Thumb Code    12  usbd_cdc.o(.text.USBD_CDC_SetRxBuffer)
    USBD_CDC_SetTxBuffer                     0x08002445   Thumb Code    16  usbd_cdc.o(.text.USBD_CDC_SetTxBuffer)
    USBD_ClrClassConfig                      0x0800254d   Thumb Code    14  usbd_core.o(.text.USBD_ClrClassConfig)
    USBD_CtlContinueRx                       0x0800255d   Thumb Code    16  usbd_ioreq.o(.text.USBD_CtlContinueRx)
    USBD_CtlContinueSendData                 0x0800256d   Thumb Code    16  usbd_ioreq.o(.text.USBD_CtlContinueSendData)
    USBD_CtlError                            0x0800257d   Thumb Code    22  usbd_ctlreq.o(.text.USBD_CtlError)
    USBD_CtlPrepareRx                        0x08002595   Thumb Code    26  usbd_ioreq.o(.text.USBD_CtlPrepareRx)
    USBD_CtlReceiveStatus                    0x080025b1   Thumb Code    22  usbd_ioreq.o(.text.USBD_CtlReceiveStatus)
    USBD_CtlSendData                         0x080025c9   Thumb Code    26  usbd_ioreq.o(.text.USBD_CtlSendData)
    USBD_CtlSendStatus                       0x080025e5   Thumb Code    22  usbd_ioreq.o(.text.USBD_CtlSendStatus)
    USBD_FS_ConfigStrDescriptor              0x080025fd   Thumb Code    24  usbd_desc.o(.text.USBD_FS_ConfigStrDescriptor)
    USBD_FS_DeviceDescriptor                 0x08002621   Thumb Code    14  usbd_desc.o(.text.USBD_FS_DeviceDescriptor)
    USBD_FS_InterfaceStrDescriptor           0x08002631   Thumb Code    24  usbd_desc.o(.text.USBD_FS_InterfaceStrDescriptor)
    USBD_FS_LangIDStrDescriptor              0x08002659   Thumb Code    14  usbd_desc.o(.text.USBD_FS_LangIDStrDescriptor)
    USBD_FS_ManufacturerStrDescriptor        0x08002669   Thumb Code    24  usbd_desc.o(.text.USBD_FS_ManufacturerStrDescriptor)
    USBD_FS_ProductStrDescriptor             0x08002695   Thumb Code    24  usbd_desc.o(.text.USBD_FS_ProductStrDescriptor)
    USBD_FS_SerialStrDescriptor              0x080026c5   Thumb Code   136  usbd_desc.o(.text.USBD_FS_SerialStrDescriptor)
    USBD_GetString                           0x0800274d   Thumb Code   112  usbd_ctlreq.o(.text.USBD_GetString)
    USBD_Init                                0x080027bd   Thumb Code    48  usbd_core.o(.text.USBD_Init)
    USBD_LL_ClearStallEP                     0x080027ed   Thumb Code    34  usbd_conf.o(.text.USBD_LL_ClearStallEP)
    USBD_LL_CloseEP                          0x08002811   Thumb Code    34  usbd_conf.o(.text.USBD_LL_CloseEP)
    USBD_LL_DataInStage                      0x08002835   Thumb Code   194  usbd_core.o(.text.USBD_LL_DataInStage)
    USBD_LL_DataOutStage                     0x080028f9   Thumb Code   134  usbd_core.o(.text.USBD_LL_DataOutStage)
    USBD_LL_GetRxDataSize                    0x08002981   Thumb Code     8  usbd_conf.o(.text.USBD_LL_GetRxDataSize)
    USBD_LL_Init                             0x08002989   Thumb Code   134  usbd_conf.o(.text.USBD_LL_Init)
    USBD_LL_IsStallEP                        0x08002a11   Thumb Code    34  usbd_conf.o(.text.USBD_LL_IsStallEP)
    USBD_LL_OpenEP                           0x08002a35   Thumb Code    40  usbd_conf.o(.text.USBD_LL_OpenEP)
    USBD_LL_PrepareReceive                   0x08002a5d   Thumb Code    34  usbd_conf.o(.text.USBD_LL_PrepareReceive)
    USBD_LL_Reset                            0x08002a81   Thumb Code    84  usbd_core.o(.text.USBD_LL_Reset)
    USBD_LL_Resume                           0x08002ad5   Thumb Code    20  usbd_core.o(.text.USBD_LL_Resume)
    USBD_LL_SOF                              0x08002ae9   Thumb Code    26  usbd_core.o(.text.USBD_LL_SOF)
    USBD_LL_SetSpeed                         0x08002b05   Thumb Code     8  usbd_core.o(.text.USBD_LL_SetSpeed)
    USBD_LL_SetUSBAddress                    0x08002b0d   Thumb Code    34  usbd_conf.o(.text.USBD_LL_SetUSBAddress)
    USBD_LL_SetupStage                       0x08002b31   Thumb Code    96  usbd_core.o(.text.USBD_LL_SetupStage)
    USBD_LL_StallEP                          0x08002b91   Thumb Code    34  usbd_conf.o(.text.USBD_LL_StallEP)
    USBD_LL_Start                            0x08002bb5   Thumb Code    34  usbd_conf.o(.text.USBD_LL_Start)
    USBD_LL_Suspend                          0x08002bd9   Thumb Code    20  usbd_core.o(.text.USBD_LL_Suspend)
    USBD_LL_Transmit                         0x08002bed   Thumb Code    34  usbd_conf.o(.text.USBD_LL_Transmit)
    USBD_ParseSetupRequest                   0x08002c11   Thumb Code    22  usbd_ctlreq.o(.text.USBD_ParseSetupRequest)
    USBD_RegisterClass                       0x08002c29   Thumb Code    14  usbd_core.o(.text.USBD_RegisterClass)
    USBD_SetClassConfig                      0x08002c39   Thumb Code    26  usbd_core.o(.text.USBD_SetClassConfig)
    USBD_Start                               0x08002c55   Thumb Code    10  usbd_core.o(.text.USBD_Start)
    USBD_StdDevReq                           0x08002c61   Thumb Code   930  usbd_ctlreq.o(.text.USBD_StdDevReq)
    USBD_StdEPReq                            0x08003005   Thumb Code   316  usbd_ctlreq.o(.text.USBD_StdEPReq)
    USBD_StdItfReq                           0x08003141   Thumb Code   114  usbd_ctlreq.o(.text.USBD_StdItfReq)
    USBD_static_free                         0x080031b5   Thumb Code     2  usbd_conf.o(.text.USBD_static_free)
    USBD_static_malloc                       0x080031b9   Thumb Code    10  usbd_conf.o(.text.USBD_static_malloc)
    USBRxHandler                             0x080031c5   Thumb Code   248  main.o(.text.USBRxHandler)
    USB_ActivateEndpoint                     0x080032e1   Thumb Code   504  stm32f1xx_ll_usb.o(.text.USB_ActivateEndpoint)
    USB_CoreInit                             0x080034d9   Thumb Code     4  stm32f1xx_ll_usb.o(.text.USB_CoreInit)
    USB_DeactivateEndpoint                   0x080034dd   Thumb Code   224  stm32f1xx_ll_usb.o(.text.USB_DeactivateEndpoint)
    USB_DevConnect                           0x080035bd   Thumb Code     4  stm32f1xx_ll_usb.o(.text.USB_DevConnect)
    USB_DevDisconnect                        0x080035c1   Thumb Code     4  stm32f1xx_ll_usb.o(.text.USB_DevDisconnect)
    USB_DevInit                              0x080035c5   Thumb Code    26  stm32f1xx_ll_usb.o(.text.USB_DevInit)
    USB_DisableGlobalInt                     0x080035e1   Thumb Code    20  stm32f1xx_ll_usb.o(.text.USB_DisableGlobalInt)
    USB_EP0_OutStart                         0x080035f5   Thumb Code     4  stm32f1xx_ll_usb.o(.text.USB_EP0_OutStart)
    USB_EPClearStall                         0x080035f9   Thumb Code   122  stm32f1xx_ll_usb.o(.text.USB_EPClearStall)
    USB_EPSetStall                           0x08003675   Thumb Code    50  stm32f1xx_ll_usb.o(.text.USB_EPSetStall)
    USB_EPStartXfer                          0x080036a9   Thumb Code  2236  stm32f1xx_ll_usb.o(.text.USB_EPStartXfer)
    USB_EnableGlobalInt                      0x08003f65   Thumb Code    20  stm32f1xx_ll_usb.o(.text.USB_EnableGlobalInt)
    USB_LP_CAN1_RX0_IRQHandler               0x08003f79   Thumb Code    12  stm32f1xx_it.o(.text.USB_LP_CAN1_RX0_IRQHandler)
    USB_ReadInterrupts                       0x08003f85   Thumb Code     6  stm32f1xx_ll_usb.o(.text.USB_ReadInterrupts)
    USB_ReadPMA                              0x08003f8d   Thumb Code    46  stm32f1xx_ll_usb.o(.text.USB_ReadPMA)
    USB_SetCurrentMode                       0x08003fbd   Thumb Code     4  stm32f1xx_ll_usb.o(.text.USB_SetCurrentMode)
    USB_SetDevAddress                        0x08003fc1   Thumb Code    14  stm32f1xx_ll_usb.o(.text.USB_SetDevAddress)
    USB_WritePMA                             0x08003fd1   Thumb Code    34  stm32f1xx_ll_usb.o(.text.USB_WritePMA)
    UsageFault_Handler                       0x08003ff5   Thumb Code     2  stm32f1xx_it.o(.text.UsageFault_Handler)
    f_display_sw_signal                      0x08003ff9   Thumb Code   224  main.o(.text.f_display_sw_signal)
    f_display_voltage                        0x080040f1   Thumb Code   208  main.o(.text.f_display_voltage)
    main                                     0x080041d1   Thumb Code  2492  main.o(.text.main)
    __scatterload_copy                       0x08004b99   Thumb Code    14  handlers.o(i.__scatterload_copy)
    __scatterload_null                       0x08004ba7   Thumb Code     2  handlers.o(i.__scatterload_null)
    __scatterload_zeroinit                   0x08004ba9   Thumb Code    14  handlers.o(i.__scatterload_zeroinit)
    AHBPrescTable                            0x08004bb8   Data          16  system_stm32f1xx.o(.rodata.AHBPrescTable)
    Region$$Table$$Base                      0x08004c24   Number         0  anon$$obj.o(Region$$Table)
    Region$$Table$$Limit                     0x08004c44   Number         0  anon$$obj.o(Region$$Table)
    FS_Desc                                  0x20000000   Data          28  usbd_desc.o(.data.FS_Desc)
    SystemCoreClock                          0x2000001c   Data           4  system_stm32f1xx.o(.data.SystemCoreClock)
    USBD_CDC                                 0x20000020   Data          56  usbd_cdc.o(.data.USBD_CDC)
    USBD_CDC_CfgFSDesc                       0x20000058   Data          67  usbd_cdc.o(.data.USBD_CDC_CfgFSDesc)
    USBD_CDC_CfgHSDesc                       0x2000009c   Data          67  usbd_cdc.o(.data.USBD_CDC_CfgHSDesc)
    USBD_CDC_OtherSpeedCfgDesc               0x200000ec   Data          67  usbd_cdc.o(.data.USBD_CDC_OtherSpeedCfgDesc)
    USBD_FS_DeviceDesc                       0x20000130   Data          18  usbd_desc.o(.data.USBD_FS_DeviceDesc)
    USBD_Interface_fops_FS                   0x20000144   Data          16  usbd_cdc_if.o(.data.USBD_Interface_fops_FS)
    USBD_LangIDDesc                          0x20000154   Data           4  usbd_desc.o(.data.USBD_LangIDDesc)
    USBD_StringSerial                        0x20000158   Data          26  usbd_desc.o(.data.USBD_StringSerial)
    u1l_LCD_pos_Sig                          0x20000172   Data           8  main.o(.data.u1l_LCD_pos_Sig)
    u1l_LCD_pos_Vol                          0x2000017a   Data           6  main.o(.data.u1l_LCD_pos_Vol)
    uwTickFreq                               0x20000180   Data           1  stm32f1xx_hal.o(.data.uwTickFreq)
    uwTickPrio                               0x20000184   Data           4  stm32f1xx_hal.o(.data.uwTickPrio)
    App_Signal                               0x20000188   Data           1  main.o(.bss.App_Signal)
    App_Voltage                              0x20000189   Data           1  main.o(.bss.App_Voltage)
    Is_App_Connect                           0x2000018a   Data           1  main.o(.bss.Is_App_Connect)
    Is_app_status                            0x2000018b   Data           1  main.o(.bss.Is_app_status)
    LCD1                                     0x2000018c   Data          88  main.o(.bss.LCD1)
    USBD_StrDesc                             0x200001e8   Data         512  usbd_desc.o(.bss.USBD_StrDesc)
    UserRxBufferFS                           0x20000608   Data          64  usbd_cdc_if.o(.bss.UserRxBufferFS)
    UserTxBufferFS                           0x20000648   Data          64  usbd_cdc_if.o(.bss.UserTxBufferFS)
    enl_setting_state                        0x20000688   Data           1  main.o(.bss.enl_setting_state)
    hUsbDeviceFS                             0x2000068c   Data         708  usb_device.o(.bss.hUsbDeviceFS)
    hpcd_USB_FS                              0x20000950   Data         748  usbd_conf.o(.bss.hpcd_USB_FS)
    htim3                                    0x20000c3c   Data          72  main.o(.bss.htim3)
    u1l_LCD_pos_cur                          0x20000c84   Data           1  main.o(.bss.u1l_LCD_pos_cur)
    uwTick                                   0x20000c88   Data           4  stm32f1xx_hal.o(.bss.uwTick)
    __initial_sp                             0x20001090   Data           0  startup_stm32f103xb.o(STACK)



==============================================================================

Memory Map of the image

  Image Entry point : 0x080000ed

  Load Region LR_IROM1 (Base: 0x08000000, Size: 0x00004dd0, Max: 0x00010000, ABSOLUTE, COMPRESSED[0x00004d18])

    Execution Region ER_IROM1 (Exec base: 0x08000000, Load base: 0x08000000, Size: 0x00004c44, Max: 0x00010000, ABSOLUTE)

    Exec Addr    Load Addr    Size         Type   Attr      Idx    E Section Name        Object

    0x08000000   0x08000000   0x000000ec   Data   RO            3    RESET               startup_stm32f103xb.o
    0x080000ec   0x080000ec   0x00000000   Code   RO         1240  * .ARM.Collect$$$$00000000  mc_w.l(entry.o)
    0x080000ec   0x080000ec   0x00000004   Code   RO         1247    .ARM.Collect$$$$00000001  mc_w.l(entry2.o)
    0x080000f0   0x080000f0   0x00000004   Code   RO         1250    .ARM.Collect$$$$00000004  mc_w.l(entry5.o)
    0x080000f4   0x080000f4   0x00000000   Code   RO         1252    .ARM.Collect$$$$00000008  mc_w.l(entry7b.o)
    0x080000f4   0x080000f4   0x00000000   Code   RO         1254    .ARM.Collect$$$$0000000A  mc_w.l(entry8b.o)
    0x080000f4   0x080000f4   0x00000008   Code   RO         1255    .ARM.Collect$$$$0000000B  mc_w.l(entry9a.o)
    0x080000fc   0x080000fc   0x00000000   Code   RO         1257    .ARM.Collect$$$$0000000D  mc_w.l(entry10a.o)
    0x080000fc   0x080000fc   0x00000000   Code   RO         1259    .ARM.Collect$$$$0000000F  mc_w.l(entry11a.o)
    0x080000fc   0x080000fc   0x00000004   Code   RO         1248    .ARM.Collect$$$$00002712  mc_w.l(entry2.o)
    0x08000100   0x08000100   0x00000024   Code   RO            4    .text               startup_stm32f103xb.o
    0x08000124   0x08000124   0x00000024   Code   RO         1243    .text               mc_w.l(memseta.o)
    0x08000148   0x08000148   0x0000001e   Code   RO         1245    .text               mc_w.l(strncmp.o)
    0x08000166   0x08000166   0x00000002   PAD
    0x08000168   0x08000168   0x00000024   Code   RO         1261    .text               mc_w.l(init.o)
    0x0800018c   0x0800018c   0x00000056   Code   RO         1271    .text               mc_w.l(__dczerorl2.o)
    0x080001e2   0x080001e2   0x00000002   PAD
    0x080001e4   0x080001e4   0x00000002   Code   RO           73    .text.BusFault_Handler  stm32f1xx_it.o
    0x080001e6   0x080001e6   0x00000002   PAD
    0x080001e8   0x080001e8   0x00000004   Code   RO         1018    .text.CDC_Control_FS  usbd_cdc_if.o
    0x080001ec   0x080001ec   0x00000004   Code   RO         1016    .text.CDC_DeInit_FS  usbd_cdc_if.o
    0x080001f0   0x080001f0   0x0000002c   Code   RO         1014    .text.CDC_Init_FS   usbd_cdc_if.o
    0x0800021c   0x0800021c   0x0000002c   Code   RO         1020    .text.CDC_Receive_FS  usbd_cdc_if.o
    0x08000248   0x08000248   0x000000ea   Code   RO          948    .text.CLCD_4BIT_Init  clcd.o
    0x08000332   0x08000332   0x00000002   PAD
    0x08000334   0x08000334   0x00000026   Code   RO          958    .text.CLCD_Clear    clcd.o
    0x0800035a   0x0800035a   0x00000002   PAD
    0x0800035c   0x0800035c   0x00000054   Code   RO          952    .text.CLCD_SetCursor  clcd.o
    0x080003b0   0x080003b0   0x000000e2   Code   RO          950    .text.CLCD_Write4   clcd.o
    0x08000492   0x08000492   0x00000002   PAD
    0x08000494   0x08000494   0x000000ac   Code   RO          946    .text.CLCD_Write8   clcd.o
    0x08000540   0x08000540   0x00000038   Code   RO          956    .text.CLCD_WriteString  clcd.o
    0x08000578   0x08000578   0x00000002   Code   RO           79    .text.DebugMon_Handler  stm32f1xx_it.o
    0x0800057a   0x0800057a   0x00000002   PAD
    0x0800057c   0x0800057c   0x0000000a   Code   RO           43    .text.Error_Handler  main.o
    0x08000586   0x08000586   0x00000002   PAD
    0x08000588   0x08000588   0x00000028   Code   RO          296    .text.HAL_Delay     stm32f1xx_hal.o
    0x080005b0   0x080005b0   0x00000204   Code   RO          389    .text.HAL_GPIO_Init  stm32f1xx_hal_gpio.o
    0x080007b4   0x080007b4   0x0000000a   Code   RO          393    .text.HAL_GPIO_ReadPin  stm32f1xx_hal_gpio.o
    0x080007be   0x080007be   0x00000002   PAD
    0x080007c0   0x080007c0   0x0000000a   Code   RO          395    .text.HAL_GPIO_WritePin  stm32f1xx_hal_gpio.o
    0x080007ca   0x080007ca   0x00000002   PAD
    0x080007cc   0x080007cc   0x0000000c   Code   RO          288    .text.HAL_GetTick   stm32f1xx_hal.o
    0x080007d8   0x080007d8   0x0000001a   Code   RO          286    .text.HAL_IncTick   stm32f1xx_hal.o
    0x080007f2   0x080007f2   0x00000002   PAD
    0x080007f4   0x080007f4   0x00000026   Code   RO          276    .text.HAL_Init      stm32f1xx_hal.o
    0x0800081a   0x0800081a   0x00000002   PAD
    0x0800081c   0x0800081c   0x00000050   Code   RO          278    .text.HAL_InitTick  stm32f1xx_hal.o
    0x0800086c   0x0800086c   0x00000042   Code   RO           94    .text.HAL_MspInit   stm32f1xx_hal_msp.o
    0x080008ae   0x080008ae   0x00000002   PAD
    0x080008b0   0x080008b0   0x00000020   Code   RO          449    .text.HAL_NVIC_EnableIRQ  stm32f1xx_hal_cortex.o
    0x080008d0   0x080008d0   0x00000056   Code   RO          447    .text.HAL_NVIC_SetPriority  stm32f1xx_hal_cortex.o
    0x08000926   0x08000926   0x00000002   PAD
    0x08000928   0x08000928   0x00000020   Code   RO          445    .text.HAL_NVIC_SetPriorityGrouping  stm32f1xx_hal_cortex.o
    0x08000948   0x08000948   0x00000046   Code   RO          198    .text.HAL_PCDEx_PMAConfig  stm32f1xx_hal_pcd_ex.o
    0x0800098e   0x0800098e   0x00000002   PAD
    0x08000990   0x08000990   0x00000002   Code   RO         1095    .text.HAL_PCDEx_SetConnectionState  usbd_conf.o
    0x08000992   0x08000992   0x00000002   PAD
    0x08000994   0x08000994   0x00000014   Code   RO         1043    .text.HAL_PCD_DataInStageCallback  usbd_conf.o
    0x080009a8   0x080009a8   0x00000016   Code   RO         1041    .text.HAL_PCD_DataOutStageCallback  usbd_conf.o
    0x080009be   0x080009be   0x00000002   PAD
    0x080009c0   0x080009c0   0x00000050   Code   RO          170    .text.HAL_PCD_EP_Close  stm32f1xx_hal_pcd.o
    0x08000a10   0x08000a10   0x00000062   Code   RO          180    .text.HAL_PCD_EP_ClrStall  stm32f1xx_hal_pcd.o
    0x08000a72   0x08000a72   0x00000002   PAD
    0x08000a74   0x08000a74   0x00000012   Code   RO          174    .text.HAL_PCD_EP_GetRxCount  stm32f1xx_hal_pcd.o
    0x08000a86   0x08000a86   0x00000002   PAD
    0x08000a88   0x08000a88   0x00000068   Code   RO          168    .text.HAL_PCD_EP_Open  stm32f1xx_hal_pcd.o
    0x08000af0   0x08000af0   0x00000032   Code   RO          172    .text.HAL_PCD_EP_Receive  stm32f1xx_hal_pcd.o
    0x08000b22   0x08000b22   0x00000002   PAD
    0x08000b24   0x08000b24   0x00000070   Code   RO          178    .text.HAL_PCD_EP_SetStall  stm32f1xx_hal_pcd.o
    0x08000b94   0x08000b94   0x00000036   Code   RO          176    .text.HAL_PCD_EP_Transmit  stm32f1xx_hal_pcd.o
    0x08000bca   0x08000bca   0x00000002   PAD
    0x08000bcc   0x08000bcc   0x0000089e   Code   RO          136    .text.HAL_PCD_IRQHandler  stm32f1xx_hal_pcd.o
    0x0800146a   0x0800146a   0x00000002   PAD
    0x0800146c   0x0800146c   0x000000f2   Code   RO          124    .text.HAL_PCD_Init  stm32f1xx_hal_pcd.o
    0x0800155e   0x0800155e   0x00000002   PAD
    0x08001560   0x08001560   0x00000046   Code   RO         1035    .text.HAL_PCD_MspInit  usbd_conf.o
    0x080015a6   0x080015a6   0x00000002   PAD
    0x080015a8   0x080015a8   0x00000024   Code   RO         1047    .text.HAL_PCD_ResetCallback  usbd_conf.o
    0x080015cc   0x080015cc   0x00000008   Code   RO         1051    .text.HAL_PCD_ResumeCallback  usbd_conf.o
    0x080015d4   0x080015d4   0x00000008   Code   RO         1045    .text.HAL_PCD_SOFCallback  usbd_conf.o
    0x080015dc   0x080015dc   0x00000028   Code   RO          140    .text.HAL_PCD_SetAddress  stm32f1xx_hal_pcd.o
    0x08001604   0x08001604   0x0000000e   Code   RO         1039    .text.HAL_PCD_SetupStageCallback  usbd_conf.o
    0x08001612   0x08001612   0x00000002   PAD
    0x08001614   0x08001614   0x00000032   Code   RO          132    .text.HAL_PCD_Start  stm32f1xx_hal_pcd.o
    0x08001646   0x08001646   0x00000002   PAD
    0x08001648   0x08001648   0x00000026   Code   RO         1049    .text.HAL_PCD_SuspendCallback  usbd_conf.o
    0x0800166e   0x0800166e   0x00000002   PAD
    0x08001670   0x08001670   0x00000106   Code   RO          375    .text.HAL_RCCEx_PeriphCLKConfig  stm32f1xx_hal_rcc_ex.o
    0x08001776   0x08001776   0x00000002   PAD
    0x08001778   0x08001778   0x000001ba   Code   RO          341    .text.HAL_RCC_ClockConfig  stm32f1xx_hal_rcc.o
    0x08001932   0x08001932   0x00000002   PAD
    0x08001934   0x08001934   0x00000330   Code   RO          339    .text.HAL_RCC_OscConfig  stm32f1xx_hal_rcc.o
    0x08001c64   0x08001c64   0x0000002c   Code   RO          457    .text.HAL_SYSTICK_Config  stm32f1xx_hal_cortex.o
    0x08001c90   0x08001c90   0x00000076   Code   RO          905    .text.HAL_TIMEx_MasterConfigSynchronization  stm32f1xx_hal_tim_ex.o
    0x08001d06   0x08001d06   0x00000002   PAD
    0x08001d08   0x08001d08   0x00000054   Code   RO           98    .text.HAL_TIM_MspPostInit  stm32f1xx_hal_msp.o
    0x08001d5c   0x08001d5c   0x000001fe   Code   RO          764    .text.HAL_TIM_PWM_ConfigChannel  stm32f1xx_hal_tim.o
    0x08001f5a   0x08001f5a   0x00000002   PAD
    0x08001f5c   0x08001f5c   0x000000d8   Code   RO          664    .text.HAL_TIM_PWM_Init  stm32f1xx_hal_tim.o
    0x08002034   0x08002034   0x00000032   Code   RO           96    .text.HAL_TIM_PWM_MspInit  stm32f1xx_hal_msp.o
    0x08002066   0x08002066   0x00000002   PAD
    0x08002068   0x08002068   0x000000c2   Code   RO          672    .text.HAL_TIM_PWM_Start  stm32f1xx_hal_tim.o
    0x0800212a   0x0800212a   0x00000002   PAD
    0x0800212c   0x0800212c   0x00000002   Code   RO           69    .text.HardFault_Handler  stm32f1xx_it.o
    0x0800212e   0x0800212e   0x00000002   PAD
    0x08002130   0x08002130   0x00000072   Code   RO          978    .text.MX_USB_DEVICE_Init  usb_device.o
    0x080021a2   0x080021a2   0x00000002   PAD
    0x080021a4   0x080021a4   0x00000002   Code   RO           71    .text.MemManage_Handler  stm32f1xx_it.o
    0x080021a6   0x080021a6   0x00000002   PAD
    0x080021a8   0x080021a8   0x00000002   Code   RO           67    .text.NMI_Handler   stm32f1xx_it.o
    0x080021aa   0x080021aa   0x00000002   PAD
    0x080021ac   0x080021ac   0x00000002   Code   RO           81    .text.PendSV_Handler  stm32f1xx_it.o
    0x080021ae   0x080021ae   0x00000002   PAD
    0x080021b0   0x080021b0   0x00000002   Code   RO           77    .text.SVC_Handler   stm32f1xx_it.o
    0x080021b2   0x080021b2   0x00000002   PAD
    0x080021b4   0x080021b4   0x00000004   Code   RO           83    .text.SysTick_Handler  stm32f1xx_it.o
    0x080021b8   0x080021b8   0x0000008e   Code   RO           15    .text.SystemClock_Config  main.o
    0x08002246   0x08002246   0x00000002   PAD
    0x08002248   0x08002248   0x00000002   Code   RO          929    .text.SystemInit    system_stm32f1xx.o
    0x0800224a   0x0800224a   0x00000002   PAD
    0x0800224c   0x0800224c   0x00000050   Code   RO         1206    .text.USBD_CDC_DataIn  usbd_cdc.o
    0x0800229c   0x0800229c   0x0000002e   Code   RO         1208    .text.USBD_CDC_DataOut  usbd_cdc.o
    0x080022ca   0x080022ca   0x00000002   PAD
    0x080022cc   0x080022cc   0x00000042   Code   RO         1200    .text.USBD_CDC_DeInit  usbd_cdc.o
    0x0800230e   0x0800230e   0x00000002   PAD
    0x08002310   0x08002310   0x00000028   Code   RO         1204    .text.USBD_CDC_EP0_RxReady  usbd_cdc.o
    0x08002338   0x08002338   0x00000010   Code   RO         1216    .text.USBD_CDC_GetDeviceQualifierDescriptor  usbd_cdc.o
    0x08002348   0x08002348   0x00000010   Code   RO         1212    .text.USBD_CDC_GetFSCfgDesc  usbd_cdc.o
    0x08002358   0x08002358   0x00000010   Code   RO         1210    .text.USBD_CDC_GetHSCfgDesc  usbd_cdc.o
    0x08002368   0x08002368   0x00000010   Code   RO         1214    .text.USBD_CDC_GetOtherSpeedCfgDesc  usbd_cdc.o
    0x08002378   0x08002378   0x00000082   Code   RO         1198    .text.USBD_CDC_Init  usbd_cdc.o
    0x080023fa   0x080023fa   0x00000002   PAD
    0x080023fc   0x080023fc   0x0000002a   Code   RO         1226    .text.USBD_CDC_ReceivePacket  usbd_cdc.o
    0x08002426   0x08002426   0x00000002   PAD
    0x08002428   0x08002428   0x0000000e   Code   RO         1218    .text.USBD_CDC_RegisterInterface  usbd_cdc.o
    0x08002436   0x08002436   0x00000002   PAD
    0x08002438   0x08002438   0x0000000c   Code   RO         1222    .text.USBD_CDC_SetRxBuffer  usbd_cdc.o
    0x08002444   0x08002444   0x00000010   Code   RO         1220    .text.USBD_CDC_SetTxBuffer  usbd_cdc.o
    0x08002454   0x08002454   0x000000f6   Code   RO         1202    .text.USBD_CDC_Setup  usbd_cdc.o
    0x0800254a   0x0800254a   0x00000002   PAD
    0x0800254c   0x0800254c   0x0000000e   Code   RO         1121    .text.USBD_ClrClassConfig  usbd_core.o
    0x0800255a   0x0800255a   0x00000002   PAD
    0x0800255c   0x0800255c   0x00000010   Code   RO         1182    .text.USBD_CtlContinueRx  usbd_ioreq.o
    0x0800256c   0x0800256c   0x00000010   Code   RO         1178    .text.USBD_CtlContinueSendData  usbd_ioreq.o
    0x0800257c   0x0800257c   0x00000016   Code   RO         1157    .text.USBD_CtlError  usbd_ctlreq.o
    0x08002592   0x08002592   0x00000002   PAD
    0x08002594   0x08002594   0x0000001a   Code   RO         1180    .text.USBD_CtlPrepareRx  usbd_ioreq.o
    0x080025ae   0x080025ae   0x00000002   PAD
    0x080025b0   0x080025b0   0x00000016   Code   RO         1186    .text.USBD_CtlReceiveStatus  usbd_ioreq.o
    0x080025c6   0x080025c6   0x00000002   PAD
    0x080025c8   0x080025c8   0x0000001a   Code   RO         1176    .text.USBD_CtlSendData  usbd_ioreq.o
    0x080025e2   0x080025e2   0x00000002   PAD
    0x080025e4   0x080025e4   0x00000016   Code   RO         1184    .text.USBD_CtlSendStatus  usbd_ioreq.o
    0x080025fa   0x080025fa   0x00000002   PAD
    0x080025fc   0x080025fc   0x00000024   Code   RO          997    .text.USBD_FS_ConfigStrDescriptor  usbd_desc.o
    0x08002620   0x08002620   0x0000000e   Code   RO          987    .text.USBD_FS_DeviceDescriptor  usbd_desc.o
    0x0800262e   0x0800262e   0x00000002   PAD
    0x08002630   0x08002630   0x00000028   Code   RO          999    .text.USBD_FS_InterfaceStrDescriptor  usbd_desc.o
    0x08002658   0x08002658   0x0000000e   Code   RO          989    .text.USBD_FS_LangIDStrDescriptor  usbd_desc.o
    0x08002666   0x08002666   0x00000002   PAD
    0x08002668   0x08002668   0x0000002c   Code   RO          991    .text.USBD_FS_ManufacturerStrDescriptor  usbd_desc.o
    0x08002694   0x08002694   0x00000030   Code   RO          993    .text.USBD_FS_ProductStrDescriptor  usbd_desc.o
    0x080026c4   0x080026c4   0x00000088   Code   RO          995    .text.USBD_FS_SerialStrDescriptor  usbd_desc.o
    0x0800274c   0x0800274c   0x00000070   Code   RO         1165    .text.USBD_GetString  usbd_ctlreq.o
    0x080027bc   0x080027bc   0x00000030   Code   RO         1107    .text.USBD_Init     usbd_core.o
    0x080027ec   0x080027ec   0x00000022   Code   RO         1077    .text.USBD_LL_ClearStallEP  usbd_conf.o
    0x0800280e   0x0800280e   0x00000002   PAD
    0x08002810   0x08002810   0x00000022   Code   RO         1071    .text.USBD_LL_CloseEP  usbd_conf.o
    0x08002832   0x08002832   0x00000002   PAD
    0x08002834   0x08002834   0x000000c2   Code   RO         1127    .text.USBD_LL_DataInStage  usbd_core.o
    0x080028f6   0x080028f6   0x00000002   PAD
    0x080028f8   0x080028f8   0x00000086   Code   RO         1125    .text.USBD_LL_DataOutStage  usbd_core.o
    0x0800297e   0x0800297e   0x00000002   PAD
    0x08002980   0x08002980   0x00000008   Code   RO         1087    .text.USBD_LL_GetRxDataSize  usbd_conf.o
    0x08002988   0x08002988   0x00000086   Code   RO         1061    .text.USBD_LL_Init  usbd_conf.o
    0x08002a0e   0x08002a0e   0x00000002   PAD
    0x08002a10   0x08002a10   0x00000022   Code   RO         1079    .text.USBD_LL_IsStallEP  usbd_conf.o
    0x08002a32   0x08002a32   0x00000002   PAD
    0x08002a34   0x08002a34   0x00000028   Code   RO         1069    .text.USBD_LL_OpenEP  usbd_conf.o
    0x08002a5c   0x08002a5c   0x00000022   Code   RO         1085    .text.USBD_LL_PrepareReceive  usbd_conf.o
    0x08002a7e   0x08002a7e   0x00000002   PAD
    0x08002a80   0x08002a80   0x00000054   Code   RO         1129    .text.USBD_LL_Reset  usbd_core.o
    0x08002ad4   0x08002ad4   0x00000014   Code   RO         1135    .text.USBD_LL_Resume  usbd_core.o
    0x08002ae8   0x08002ae8   0x0000001a   Code   RO         1137    .text.USBD_LL_SOF   usbd_core.o
    0x08002b02   0x08002b02   0x00000002   PAD
    0x08002b04   0x08002b04   0x00000008   Code   RO         1131    .text.USBD_LL_SetSpeed  usbd_core.o
    0x08002b0c   0x08002b0c   0x00000022   Code   RO         1081    .text.USBD_LL_SetUSBAddress  usbd_conf.o
    0x08002b2e   0x08002b2e   0x00000002   PAD
    0x08002b30   0x08002b30   0x00000060   Code   RO         1123    .text.USBD_LL_SetupStage  usbd_core.o
    0x08002b90   0x08002b90   0x00000022   Code   RO         1075    .text.USBD_LL_StallEP  usbd_conf.o
    0x08002bb2   0x08002bb2   0x00000002   PAD
    0x08002bb4   0x08002bb4   0x00000022   Code   RO         1065    .text.USBD_LL_Start  usbd_conf.o
    0x08002bd6   0x08002bd6   0x00000002   PAD
    0x08002bd8   0x08002bd8   0x00000014   Code   RO         1133    .text.USBD_LL_Suspend  usbd_core.o
    0x08002bec   0x08002bec   0x00000022   Code   RO         1083    .text.USBD_LL_Transmit  usbd_conf.o
    0x08002c0e   0x08002c0e   0x00000002   PAD
    0x08002c10   0x08002c10   0x00000016   Code   RO         1163    .text.USBD_ParseSetupRequest  usbd_ctlreq.o
    0x08002c26   0x08002c26   0x00000002   PAD
    0x08002c28   0x08002c28   0x0000000e   Code   RO         1111    .text.USBD_RegisterClass  usbd_core.o
    0x08002c36   0x08002c36   0x00000002   PAD
    0x08002c38   0x08002c38   0x0000001a   Code   RO         1119    .text.USBD_SetClassConfig  usbd_core.o
    0x08002c52   0x08002c52   0x00000002   PAD
    0x08002c54   0x08002c54   0x0000000a   Code   RO         1113    .text.USBD_Start    usbd_core.o
    0x08002c5e   0x08002c5e   0x00000002   PAD
    0x08002c60   0x08002c60   0x000003a2   Code   RO         1155    .text.USBD_StdDevReq  usbd_ctlreq.o
    0x08003002   0x08003002   0x00000002   PAD
    0x08003004   0x08003004   0x0000013c   Code   RO         1161    .text.USBD_StdEPReq  usbd_ctlreq.o
    0x08003140   0x08003140   0x00000072   Code   RO         1159    .text.USBD_StdItfReq  usbd_ctlreq.o
    0x080031b2   0x080031b2   0x00000002   PAD
    0x080031b4   0x080031b4   0x00000002   Code   RO         1093    .text.USBD_static_free  usbd_conf.o
    0x080031b6   0x080031b6   0x00000002   PAD
    0x080031b8   0x080031b8   0x0000000a   Code   RO         1091    .text.USBD_static_malloc  usbd_conf.o
    0x080031c2   0x080031c2   0x00000002   PAD
    0x080031c4   0x080031c4   0x0000011c   Code   RO           11    .text.USBRxHandler  main.o
    0x080032e0   0x080032e0   0x000001f8   Code   RO          228    .text.USB_ActivateEndpoint  stm32f1xx_ll_usb.o
    0x080034d8   0x080034d8   0x00000004   Code   RO          214    .text.USB_CoreInit  stm32f1xx_ll_usb.o
    0x080034dc   0x080034dc   0x000000e0   Code   RO          230    .text.USB_DeactivateEndpoint  stm32f1xx_ll_usb.o
    0x080035bc   0x080035bc   0x00000004   Code   RO          244    .text.USB_DevConnect  stm32f1xx_ll_usb.o
    0x080035c0   0x080035c0   0x00000004   Code   RO          246    .text.USB_DevDisconnect  stm32f1xx_ll_usb.o
    0x080035c4   0x080035c4   0x0000001a   Code   RO          222    .text.USB_DevInit   stm32f1xx_ll_usb.o
    0x080035de   0x080035de   0x00000002   PAD
    0x080035e0   0x080035e0   0x00000014   Code   RO          218    .text.USB_DisableGlobalInt  stm32f1xx_ll_usb.o
    0x080035f4   0x080035f4   0x00000004   Code   RO          260    .text.USB_EP0_OutStart  stm32f1xx_ll_usb.o
    0x080035f8   0x080035f8   0x0000007a   Code   RO          238    .text.USB_EPClearStall  stm32f1xx_ll_usb.o
    0x08003672   0x08003672   0x00000002   PAD
    0x08003674   0x08003674   0x00000032   Code   RO          236    .text.USB_EPSetStall  stm32f1xx_ll_usb.o
    0x080036a6   0x080036a6   0x00000002   PAD
    0x080036a8   0x080036a8   0x000008bc   Code   RO          232    .text.USB_EPStartXfer  stm32f1xx_ll_usb.o
    0x08003f64   0x08003f64   0x00000014   Code   RO          216    .text.USB_EnableGlobalInt  stm32f1xx_ll_usb.o
    0x08003f78   0x08003f78   0x0000000c   Code   RO           85    .text.USB_LP_CAN1_RX0_IRQHandler  stm32f1xx_it.o
    0x08003f84   0x08003f84   0x00000006   Code   RO          248    .text.USB_ReadInterrupts  stm32f1xx_ll_usb.o
    0x08003f8a   0x08003f8a   0x00000002   PAD
    0x08003f8c   0x08003f8c   0x0000002e   Code   RO          266    .text.USB_ReadPMA   stm32f1xx_ll_usb.o
    0x08003fba   0x08003fba   0x00000002   PAD
    0x08003fbc   0x08003fbc   0x00000004   Code   RO          220    .text.USB_SetCurrentMode  stm32f1xx_ll_usb.o
    0x08003fc0   0x08003fc0   0x0000000e   Code   RO          242    .text.USB_SetDevAddress  stm32f1xx_ll_usb.o
    0x08003fce   0x08003fce   0x00000002   PAD
    0x08003fd0   0x08003fd0   0x00000022   Code   RO          234    .text.USB_WritePMA  stm32f1xx_ll_usb.o
    0x08003ff2   0x08003ff2   0x00000002   PAD
    0x08003ff4   0x08003ff4   0x00000002   Code   RO           75    .text.UsageFault_Handler  stm32f1xx_it.o
    0x08003ff6   0x08003ff6   0x00000002   PAD
    0x08003ff8   0x08003ff8   0x000000f8   Code   RO           31    .text.f_display_sw_signal  main.o
    0x080040f0   0x080040f0   0x000000e0   Code   RO           17    .text.f_display_voltage  main.o
    0x080041d0   0x080041d0   0x000009c8   Code   RO           13    .text.main          main.o
    0x08004b98   0x08004b98   0x0000000e   Code   RO         1265    i.__scatterload_copy  mc_w.l(handlers.o)
    0x08004ba6   0x08004ba6   0x00000002   Code   RO         1266    i.__scatterload_null  mc_w.l(handlers.o)
    0x08004ba8   0x08004ba8   0x0000000e   Code   RO         1267    i.__scatterload_zeroinit  mc_w.l(handlers.o)
    0x08004bb6   0x08004bb6   0x00000002   Data   RO          366    .rodata..L__const.HAL_RCC_GetSysClockFreq.aPredivFactorTable  stm32f1xx_hal_rcc.o
    0x08004bb8   0x08004bb8   0x00000010   Data   RO          934    .rodata.AHBPrescTable  system_stm32f1xx.o
    0x08004bc8   0x08004bc8   0x00000010   Data   RO          365    .rodata.cst16       stm32f1xx_hal_rcc.o
    0x08004bd8   0x08004bd8   0x00000049   Data   RO           57    .rodata.str1.1      main.o
    0x08004c21   0x08004c21   0x00000003   PAD
    0x08004c24   0x08004c24   0x00000020   Data   RO         1264    Region$$Table       anon$$obj.o


    Execution Region RW_IRAM1 (Exec base: 0x20000000, Load base: 0x08004c48, Size: 0x00001090, Max: 0x00005000, ABSOLUTE, COMPRESSED[0x000000d0])

    Exec Addr    Load Addr    Size         Type   Attr      Idx    E Section Name        Object

    0x20000000   COMPRESSED   0x0000001c   Data   RW         1001    .data.FS_Desc       usbd_desc.o
    0x2000001c   COMPRESSED   0x00000004   Data   RW          933    .data.SystemCoreClock  system_stm32f1xx.o
    0x20000020   COMPRESSED   0x00000038   Data   RW         1228    .data.USBD_CDC      usbd_cdc.o
    0x20000058   COMPRESSED   0x00000043   Data   RW         1230    .data.USBD_CDC_CfgFSDesc  usbd_cdc.o
    0x2000009b   COMPRESSED   0x00000001   PAD
    0x2000009c   COMPRESSED   0x00000043   Data   RW         1229    .data.USBD_CDC_CfgHSDesc  usbd_cdc.o
    0x200000df   COMPRESSED   0x00000001   PAD
    0x200000e0   COMPRESSED   0x0000000a   Data   RW         1232    .data.USBD_CDC_DeviceQualifierDesc  usbd_cdc.o
    0x200000ea   COMPRESSED   0x00000002   PAD
    0x200000ec   COMPRESSED   0x00000043   Data   RW         1231    .data.USBD_CDC_OtherSpeedCfgDesc  usbd_cdc.o
    0x2000012f   COMPRESSED   0x00000001   PAD
    0x20000130   COMPRESSED   0x00000012   Data   RW         1002    .data.USBD_FS_DeviceDesc  usbd_desc.o
    0x20000142   COMPRESSED   0x00000002   PAD
    0x20000144   COMPRESSED   0x00000010   Data   RW         1024    .data.USBD_Interface_fops_FS  usbd_cdc_if.o
    0x20000154   COMPRESSED   0x00000004   Data   RW         1003    .data.USBD_LangIDDesc  usbd_desc.o
    0x20000158   COMPRESSED   0x0000001a   Data   RW         1004    .data.USBD_StringSerial  usbd_desc.o
    0x20000172   COMPRESSED   0x00000008   Data   RW           48    .data.u1l_LCD_pos_Sig  main.o
    0x2000017a   COMPRESSED   0x00000006   Data   RW           47    .data.u1l_LCD_pos_Vol  main.o
    0x20000180   COMPRESSED   0x00000001   Data   RW          327    .data.uwTickFreq    stm32f1xx_hal.o
    0x20000181   COMPRESSED   0x00000003   PAD
    0x20000184   COMPRESSED   0x00000004   Data   RW          326    .data.uwTickPrio    stm32f1xx_hal.o
    0x20000188        -       0x00000001   Zero   RW           53    .bss.App_Signal     main.o
    0x20000189        -       0x00000001   Zero   RW           52    .bss.App_Voltage    main.o
    0x2000018a        -       0x00000001   Zero   RW           49    .bss.Is_App_Connect  main.o
    0x2000018b        -       0x00000001   Zero   RW           50    .bss.Is_app_status  main.o
    0x2000018c        -       0x00000058   Zero   RW           55    .bss.LCD1           main.o
    0x200001e4        -       0x00000001   Zero   RW         1167    .bss.USBD_SetConfig.cfgidx  usbd_ctlreq.o
    0x200001e5   COMPRESSED   0x00000003   PAD
    0x200001e8        -       0x00000200   Zero   RW         1005    .bss.USBD_StrDesc   usbd_desc.o
    0x200003e8        -       0x00000220   Zero   RW         1098    .bss.USBD_static_malloc.mem  usbd_conf.o
    0x20000608        -       0x00000040   Zero   RW         1025    .bss.UserRxBufferFS  usbd_cdc_if.o
    0x20000648        -       0x00000040   Zero   RW         1026    .bss.UserTxBufferFS  usbd_cdc_if.o
    0x20000688        -       0x00000001   Zero   RW           51    .bss.enl_setting_state  main.o
    0x20000689   COMPRESSED   0x00000003   PAD
    0x2000068c        -       0x000002c4   Zero   RW          980    .bss.hUsbDeviceFS   usb_device.o
    0x20000950        -       0x000002ec   Zero   RW         1097    .bss.hpcd_USB_FS    usbd_conf.o
    0x20000c3c        -       0x00000048   Zero   RW           54    .bss.htim3          main.o
    0x20000c84        -       0x00000001   Zero   RW           56    .bss.u1l_LCD_pos_cur  main.o
    0x20000c85   COMPRESSED   0x00000003   PAD
    0x20000c88        -       0x00000004   Zero   RW          328    .bss.uwTick         stm32f1xx_hal.o
    0x20000c8c   COMPRESSED   0x00000004   PAD
    0x20000c90        -       0x00000400   Zero   RW            1    STACK               startup_stm32f103xb.o


==============================================================================

Image component sizes


      Code (inc. data)   RO Data    RW Data    ZI Data      Debug   Object Name

       810          4          0          0          0       6745   clcd.o
      3412         92         73         14        166      12515   main.o
        36          8        236          0       1024        792   startup_stm32f103xb.o
       196          0          0          5          4       5743   stm32f1xx_hal.o
       194          0          0          0          0       8487   stm32f1xx_hal_cortex.o
       536         20          0          0          0       4612   stm32f1xx_hal_gpio.o
       200          0          0          0          0       4942   stm32f1xx_hal_msp.o
      3054          0          0          0          0      15685   stm32f1xx_hal_pcd.o
        70          0          0          0          0       4097   stm32f1xx_hal_pcd_ex.o
      1258          0         18          0          0       7594   stm32f1xx_hal_rcc.o
       262          0          0          0          0       3561   stm32f1xx_hal_rcc_ex.o
       920          4          0          0          0      52981   stm32f1xx_hal_tim.o
       118          0          0          0          0      19984   stm32f1xx_hal_tim_ex.o
        32          0          0          0          0       3786   stm32f1xx_it.o
      3322          4          0          0          0      20682   stm32f1xx_ll_usb.o
         2          0         16          4          0       1629   system_stm32f1xx.o
       114          0          0          0        708       2917   usb_device.o
       756          0          0        267          0      10420   usbd_cdc.o
        96          0          0         16        128       4447   usbd_cdc_if.o
       684          0          0          0       1292      16116   usbd_conf.o
       694          0          0          0          0       7518   usbd_core.o
      1516         30          0          0          1       9051   usbd_ctlreq.o
       332         72          0         76        512       3655   usbd_desc.o
       128          0          0          0          0       4405   usbd_ioreq.o

    ----------------------------------------------------------------------
     18904        234        378        392       3848     232364   Object Totals
         0          0         32          0          0          0   (incl. Generated)
       162          0          3         10         13          0   (incl. Padding)

    ----------------------------------------------------------------------

      Code (inc. data)   RO Data    RW Data    ZI Data      Debug   Library Member Name

        86          0          0          0          0          0   __dczerorl2.o
         0          0          0          0          0          0   entry.o
         0          0          0          0          0          0   entry10a.o
         0          0          0          0          0          0   entry11a.o
         8          4          0          0          0          0   entry2.o
         4          0          0          0          0          0   entry5.o
         0          0          0          0          0          0   entry7b.o
         0          0          0          0          0          0   entry8b.o
         8          4          0          0          0          0   entry9a.o
        30          0          0          0          0          0   handlers.o
        36          8          0          0          0         68   init.o
        36          0          0          0          0        108   memseta.o
        30          0          0          0          0         80   strncmp.o

    ----------------------------------------------------------------------
       242         16          0          0          0        256   Library Totals
         4          0          0          0          0          0   (incl. Padding)

    ----------------------------------------------------------------------

      Code (inc. data)   RO Data    RW Data    ZI Data      Debug   Library Name

       238         16          0          0          0        256   mc_w.l

    ----------------------------------------------------------------------
       242         16          0          0          0        256   Library Totals

    ----------------------------------------------------------------------

==============================================================================


      Code (inc. data)   RO Data    RW Data    ZI Data      Debug   

     19146        250        378        392       3848     232360   Grand Totals
     19146        250        378        208       3848     232360   ELF Image Totals (compressed)
     19146        250        378        208          0          0   ROM Totals

==============================================================================

    Total RO  Size (Code + RO Data)                19524 (  19.07kB)
    Total RW  Size (RW Data + ZI Data)              4240 (   4.14kB)
    Total ROM Size (Code + RO Data + RW Data)      19732 (  19.27kB)

==============================================================================

