Component: ARM Compiler 6.14 Tool: armlink [5db06800]

==============================================================================

Section Cross References

    startup_stm32f103xb.o(RESET) refers to startup_stm32f103xb.o(STACK) for __initial_sp
    startup_stm32f103xb.o(RESET) refers to startup_stm32f103xb.o(.text) for Reset_Handler
    startup_stm32f103xb.o(RESET) refers to stm32f1xx_it.o(.text.NMI_Handler) for NMI_Handler
    startup_stm32f103xb.o(RESET) refers to stm32f1xx_it.o(.text.HardFault_Handler) for HardFault_Handler
    startup_stm32f103xb.o(RESET) refers to stm32f1xx_it.o(.text.MemManage_Handler) for MemManage_Handler
    startup_stm32f103xb.o(RESET) refers to stm32f1xx_it.o(.text.BusFault_Handler) for BusFault_Handler
    startup_stm32f103xb.o(RESET) refers to stm32f1xx_it.o(.text.UsageFault_Handler) for UsageFault_Handler
    startup_stm32f103xb.o(RESET) refers to stm32f1xx_it.o(.text.SVC_Handler) for SVC_Handler
    startup_stm32f103xb.o(RESET) refers to stm32f1xx_it.o(.text.DebugMon_Handler) for DebugMon_Handler
    startup_stm32f103xb.o(RESET) refers to stm32f1xx_it.o(.text.PendSV_Handler) for PendSV_Handler
    startup_stm32f103xb.o(RESET) refers to stm32f1xx_it.o(.text.SysTick_Handler) for SysTick_Handler
    startup_stm32f103xb.o(RESET) refers to stm32f1xx_it.o(.text.USB_LP_CAN1_RX0_IRQHandler) for USB_LP_CAN1_RX0_IRQHandler
    startup_stm32f103xb.o(.text) refers to system_stm32f1xx.o(.text.SystemInit) for SystemInit
    startup_stm32f103xb.o(.text) refers to entry.o(.ARM.Collect$$$$00000000) for __main
    main.o(.text.USBRxHandler) refers to strncmp.o(.text) for strncmp
    main.o(.text.USBRxHandler) refers to main.o(.text.f_voltage_0V) for f_voltage_0V
    main.o(.text.USBRxHandler) refers to main.o(.text.f_sw_signal_not_use) for f_sw_signal_not_use
    main.o(.text.USBRxHandler) refers to main.o(.text.f_voltage_12V) for f_voltage_12V
    main.o(.text.USBRxHandler) refers to main.o(.text.f_voltage_24V) for f_voltage_24V
    main.o(.text.USBRxHandler) refers to main.o(.text.f_active_ST) for f_active_ST
    main.o(.text.USBRxHandler) refers to main.o(.text.f_active_BLE) for f_active_BLE
    main.o(.text.USBRxHandler) refers to main.o(.text.f_active_UWB) for f_active_UWB
    main.o(.ARM.exidx.text.USBRxHandler) refers to main.o(.text.USBRxHandler) for [Anonymous Symbol]
    main.o(.text.f_voltage_0V) refers to stm32f1xx_hal_gpio.o(.text.HAL_GPIO_WritePin) for HAL_GPIO_WritePin
    main.o(.ARM.exidx.text.f_voltage_0V) refers to main.o(.text.f_voltage_0V) for [Anonymous Symbol]
    main.o(.text.f_voltage_12V) refers to stm32f1xx_hal_gpio.o(.text.HAL_GPIO_WritePin) for HAL_GPIO_WritePin
    main.o(.ARM.exidx.text.f_voltage_12V) refers to main.o(.text.f_voltage_12V) for [Anonymous Symbol]
    main.o(.text.f_voltage_24V) refers to stm32f1xx_hal_gpio.o(.text.HAL_GPIO_WritePin) for HAL_GPIO_WritePin
    main.o(.ARM.exidx.text.f_voltage_24V) refers to main.o(.text.f_voltage_24V) for [Anonymous Symbol]
    main.o(.text.f_active_ST) refers to stm32f1xx_hal_gpio.o(.text.HAL_GPIO_WritePin) for HAL_GPIO_WritePin
    main.o(.ARM.exidx.text.f_active_ST) refers to main.o(.text.f_active_ST) for [Anonymous Symbol]
    main.o(.text.f_active_BLE) refers to stm32f1xx_hal_gpio.o(.text.HAL_GPIO_WritePin) for HAL_GPIO_WritePin
    main.o(.ARM.exidx.text.f_active_BLE) refers to main.o(.text.f_active_BLE) for [Anonymous Symbol]
    main.o(.text.f_active_UWB) refers to stm32f1xx_hal_gpio.o(.text.HAL_GPIO_WritePin) for HAL_GPIO_WritePin
    main.o(.ARM.exidx.text.f_active_UWB) refers to main.o(.text.f_active_UWB) for [Anonymous Symbol]
    main.o(.text.f_sw_signal_not_use) refers to stm32f1xx_hal_gpio.o(.text.HAL_GPIO_WritePin) for HAL_GPIO_WritePin
    main.o(.ARM.exidx.text.f_sw_signal_not_use) refers to main.o(.text.f_sw_signal_not_use) for [Anonymous Symbol]
    main.o(.text.main) refers to stm32f1xx_hal.o(.text.HAL_Init) for HAL_Init
    main.o(.text.main) refers to main.o(.text.SystemClock_Config) for SystemClock_Config
    main.o(.text.main) refers to main.o(.text.MX_GPIO_Init) for MX_GPIO_Init
    main.o(.text.main) refers to main.o(.text.MX_TIM3_Init) for MX_TIM3_Init
    main.o(.text.main) refers to usb_device.o(.text.MX_USB_DEVICE_Init) for MX_USB_DEVICE_Init
    main.o(.text.main) refers to main.o(.bss.htim3) for htim3
    main.o(.text.main) refers to stm32f1xx_hal_tim.o(.text.HAL_TIM_PWM_Start) for HAL_TIM_PWM_Start
    main.o(.text.main) refers to stm32f1xx_hal_gpio.o(.text.HAL_GPIO_WritePin) for HAL_GPIO_WritePin
    main.o(.text.main) refers to main.o(.bss.LCD1) for LCD1
    main.o(.text.main) refers to clcd.o(.text.CLCD_4BIT_Init) for CLCD_4BIT_Init
    main.o(.text.main) refers to main.o(.bss.enl_setting_state) for enl_setting_state
    main.o(.text.main) refers to main.o(.bss.u1l_LCD_pos_cur) for u1l_LCD_pos_cur
    main.o(.text.main) refers to main.o(.text.f_display_voltage) for f_display_voltage
    main.o(.text.main) refers to main.o(.text.f_voltage_0V) for f_voltage_0V
[...]
    stm32f1xx_ll_usb.c                       0x00000000   Number         0  stm32f1xx_ll_usb.o ABSOLUTE
    system_stm32f1xx.c                       0x00000000   Number         0  system_stm32f1xx.o ABSOLUTE
    usb_device.c                             0x00000000   Number         0  usb_device.o ABSOLUTE
    usbd_cdc.c                               0x00000000   Number         0  usbd_cdc.o ABSOLUTE
    usbd_cdc_if.c                            0x00000000   Number         0  usbd_cdc_if.o ABSOLUTE
    usbd_conf.c                              0x00000000   Number         0  usbd_conf.o ABSOLUTE
    usbd_core.c                              0x00000000   Number         0  usbd_core.o ABSOLUTE
    usbd_ctlreq.c                            0x00000000   Number         0  usbd_ctlreq.o ABSOLUTE
    usbd_desc.c                              0x00000000   Number         0  usbd_desc.o ABSOLUTE
    usbd_ioreq.c                             0x00000000   Number         0  usbd_ioreq.o ABSOLUTE
    RESET                                    0x08000000   Section      236  startup_stm32f103xb.o(RESET)
    .ARM.Collect$$$$00000000                 0x080000ec   Section        0  entry.o(.ARM.Collect$$$$00000000)
    .ARM.Collect$$$$00000001                 0x080000ec   Section        4  entry2.o(.ARM.Collect$$$$00000001)
    .ARM.Collect$$$$00000004                 0x080000f0   Section        4  entry5.o(.ARM.Collect$$$$00000004)
    .ARM.Collect$$$$00000008                 0x080000f4   Section        0  entry7b.o(.ARM.Collect$$$$00000008)
    .ARM.Collect$$$$0000000A                 0x080000f4   Section        0  entry8b.o(.ARM.Collect$$$$0000000A)
    .ARM.Collect$$$$0000000B                 0x080000f4   Section        8  entry9a.o(.ARM.Collect$$$$0000000B)
    __lit__00000000                          0x080000fc   Data           4  entry2.o(.ARM.Collect$$$$00002712)
    .ARM.Collect$$$$0000000D                 0x080000fc   Section        0  entry10a.o(.ARM.Collect$$$$0000000D)
    .ARM.Collect$$$$0000000F                 0x080000fc   Section        0  entry11a.o(.ARM.Collect$$$$0000000F)
    .ARM.Collect$$$$00002712                 0x080000fc   Section        4  entry2.o(.ARM.Collect$$$$00002712)
    .text                                    0x08000100   Section       36  startup_stm32f103xb.o(.text)
    .text                                    0x08000124   Section        0  memseta.o(.text)
    .text                                    0x08000148   Section        0  strncmp.o(.text)
    .text                                    0x08000168   Section       36  init.o(.text)
    .text                                    0x0800018c   Section        0  __dczerorl2.o(.text)
    [Anonymous Symbol]                       0x080001e4   Section        0  stm32f1xx_it.o(.text.BusFault_Handler)
    CDC_Control_FS                           0x080001e9   Thumb Code     4  usbd_cdc_if.o(.text.CDC_Control_FS)
    [Anonymous Symbol]                       0x080001e8   Section        0  usbd_cdc_if.o(.text.CDC_Control_FS)
    CDC_DeInit_FS                            0x080001ed   Thumb Code     4  usbd_cdc_if.o(.text.CDC_DeInit_FS)
    [Anonymous Symbol]                       0x080001ec   Section        0  usbd_cdc_if.o(.text.CDC_DeInit_FS)
    CDC_Init_FS                              0x080001f1   Thumb Code    44  usbd_cdc_if.o(.text.CDC_Init_FS)
    [Anonymous Symbol]                       0x080001f0   Section        0  usbd_cdc_if.o(.text.CDC_Init_FS)
    CDC_Receive_FS                           0x0800021d   Thumb Code    44  usbd_cdc_if.o(.text.CDC_Receive_FS)
    [Anonymous Symbol]                       0x0800021c   Section        0  usbd_cdc_if.o(.text.CDC_Receive_FS)
    [Anonymous Symbol]                       0x08000248   Section        0  clcd.o(.text.CLCD_4BIT_Init)
    [Anonymous Symbol]                       0x08000310   Section        0  clcd.o(.text.CLCD_Clear)
    CLCD_Delay                               0x08000335   Thumb Code     8  clcd.o(.text.CLCD_Delay)
    [Anonymous Symbol]                       0x08000334   Section        0  clcd.o(.text.CLCD_Delay)
    [Anonymous Symbol]                       0x0800033c   Section        0  clcd.o(.text.CLCD_SetCursor)
    CLCD_Write4                              0x0800038d   Thumb Code   226  clcd.o(.text.CLCD_Write4)
    [Anonymous Symbol]                       0x0800038c   Section        0  clcd.o(.text.CLCD_Write4)
    CLCD_Write8                              0x08000471   Thumb Code   168  clcd.o(.text.CLCD_Write8)
    [Anonymous Symbol]                       0x08000470   Section        0  clcd.o(.text.CLCD_Write8)
    [Anonymous Symbol]                       0x08000518   Section        0  clcd.o(.text.CLCD_WriteChar)
    [Anonymous Symbol]                       0x08000534   Section        0  clcd.o(.text.CLCD_WriteString)
    [Anonymous Symbol]                       0x08000558   Section        0  stm32f1xx_it.o(.text.DebugMon_Handler)
    [Anonymous Symbol]                       0x0800055c   Section        0  main.o(.text.Error_Handler)
    Get_SerialNum                            0x08000569   Thumb Code    52  usbd_desc.o(.text.Get_SerialNum)
    [Anonymous Symbol]                       0x08000568   Section        0  usbd_desc.o(.text.Get_SerialNum)
    [Anonymous Symbol]                       0x0800059c   Section        0  stm32f1xx_hal.o(.text.HAL_Delay)
    [Anonymous Symbol]                       0x080005c4   Section        0  stm32f1xx_hal_gpio.o(.text.HAL_GPIO_Init)
    [Anonymous Symbol]                       0x080007dc   Section        0  stm32f1xx_hal_gpio.o(.text.HAL_GPIO_ReadPin)
    [Anonymous Symbol]                       0x080007e8   Section        0  stm32f1xx_hal_gpio.o(.text.HAL_GPIO_WritePin)
    [Anonymous Symbol]                       0x080007f4   Section        0  stm32f1xx_hal.o(.text.HAL_GetTick)
    [Anonymous Symbol]                       0x08000800   Section        0  stm32f1xx_hal.o(.text.HAL_IncTick)
    [Anonymous Symbol]                       0x0800081c   Section        0  stm32f1xx_hal.o(.text.HAL_Init)
    [Anonymous Symbol]                       0x08000844   Section        0  stm32f1xx_hal.o(.text.HAL_InitTick)
    [Anonymous Symbol]                       0x08000894   Section        0  stm32f1xx_hal_msp.o(.text.HAL_MspInit)
    [Anonymous Symbol]                       0x080008d8   Section        0  stm32f1xx_hal_cortex.o(.text.HAL_NVIC_EnableIRQ)
    [Anonymous Symbol]                       0x080008e0   Section        0  stm32f1xx_hal_cortex.o(.text.HAL_NVIC_SetPriority)
    [Anonymous Symbol]                       0x08000900   Section        0  stm32f1xx_hal_cortex.o(.text.HAL_NVIC_SetPriorityGrouping)
    [Anonymous Symbol]                       0x08000908   Section        0  stm32f1xx_hal_pcd_ex.o(.text.HAL_PCDEx_PMAConfig)
    [Anonymous Symbol]                       0x08000950   Section        0  usbd_conf.o(.text.HAL_PCDEx_SetConnectionState)
    [Anonymous Symbol]                       0x08000954   Section        0  usbd_conf.o(.text.HAL_PCD_DataInStageCallback)
    [Anonymous Symbol]                       0x0800096c   Section        0  usbd_conf.o(.text.HAL_PCD_DataOutStageCallback)
    [Anonymous Symbol]                       0x08000988   Section        0  stm32f1xx_hal_pcd.o(.text.HAL_PCD_EP_Close)
    [Anonymous Symbol]                       0x080009d4   Section        0  stm32f1xx_hal_pcd.o(.text.HAL_PCD_EP_ClrStall)
    HAL_PCD_EP_DB_Receive                    0x08000a35   Thumb Code   198  stm32f1xx_hal_pcd.o(.text.HAL_PCD_EP_DB_Receive)
    [Anonymous Symbol]                       0x08000a34   Section        0  stm32f1xx_hal_pcd.o(.text.HAL_PCD_EP_DB_Receive)
    HAL_PCD_EP_DB_Transmit                   0x08000afd   Thumb Code   836  stm32f1xx_hal_pcd.o(.text.HAL_PCD_EP_DB_Transmit)
    [Anonymous Symbol]                       0x08000afc   Section        0  stm32f1xx_hal_pcd.o(.text.HAL_PCD_EP_DB_Transmit)
    [Anonymous Symbol]                       0x08000e40   Section        0  stm32f1xx_hal_pcd.o(.text.HAL_PCD_EP_GetRxCount)
    [Anonymous Symbol]                       0x08000e54   Section        0  stm32f1xx_hal_pcd.o(.text.HAL_PCD_EP_Open)
    [Anonymous Symbol]                       0x08000eb4   Section        0  stm32f1xx_hal_pcd.o(.text.HAL_PCD_EP_Receive)
    [Anonymous Symbol]                       0x08000ee8   Section        0  stm32f1xx_hal_pcd.o(.text.HAL_PCD_EP_SetStall)
    [Anonymous Symbol]                       0x08000f54   Section        0  stm32f1xx_hal_pcd.o(.text.HAL_PCD_EP_Transmit)
    [Anonymous Symbol]                       0x08000f8c   Section        0  stm32f1xx_hal_pcd.o(.text.HAL_PCD_IRQHandler)
    [Anonymous Symbol]                       0x080010fc   Section        0  stm32f1xx_hal_pcd.o(.text.HAL_PCD_Init)
    [Anonymous Symbol]                       0x080011f4   Section        0  usbd_conf.o(.text.HAL_PCD_MspInit)
    [Anonymous Symbol]                       0x08001238   Section        0  usbd_conf.o(.text.HAL_PCD_ResetCallback)
    [Anonymous Symbol]                       0x0800125c   Section        0  usbd_conf.o(.text.HAL_PCD_ResumeCallback)
    [Anonymous Symbol]                       0x08001268   Section        0  usbd_conf.o(.text.HAL_PCD_SOFCallback)
    [Anonymous Symbol]                       0x08001274   Section        0  stm32f1xx_hal_pcd.o(.text.HAL_PCD_SetAddress)
    [Anonymous Symbol]                       0x0800129c   Section        0  usbd_conf.o(.text.HAL_PCD_SetupStageCallback)
    [Anonymous Symbol]                       0x080012b0   Section        0  stm32f1xx_hal_pcd.o(.text.HAL_PCD_Start)
    [Anonymous Symbol]                       0x080012e4   Section        0  usbd_conf.o(.text.HAL_PCD_SuspendCallback)
    [Anonymous Symbol]                       0x0800130c   Section        0  stm32f1xx_hal_rcc_ex.o(.text.HAL_RCCEx_PeriphCLKConfig)
    [Anonymous Symbol]                       0x0800141c   Section        0  stm32f1xx_hal_rcc.o(.text.HAL_RCC_ClockConfig)
    [Anonymous Symbol]                       0x0800158c   Section        0  stm32f1xx_hal_rcc.o(.text.HAL_RCC_GetSysClockFreq)
    [Anonymous Symbol]                       0x080015ec   Section        0  stm32f1xx_hal_rcc.o(.text.HAL_RCC_OscConfig)
    [Anonymous Symbol]                       0x08001900   Section        0  stm32f1xx_hal_cortex.o(.text.HAL_SYSTICK_Config)
    [Anonymous Symbol]                       0x08001908   Section        0  stm32f1xx_hal_tim_ex.o(.text.HAL_TIMEx_MasterConfigSynchronization)
    [Anonymous Symbol]                       0x08001980   Section        0  stm32f1xx_hal_msp.o(.text.HAL_TIM_MspPostInit)
    [Anonymous Symbol]                       0x080019d4   Section        0  stm32f1xx_hal_tim.o(.text.HAL_TIM_PWM_ConfigChannel)
    [Anonymous Symbol]                       0x08001a6c   Section        0  stm32f1xx_hal_tim.o(.text.HAL_TIM_PWM_Init)
    [Anonymous Symbol]                       0x08001ac8   Section        0  stm32f1xx_hal_msp.o(.text.HAL_TIM_PWM_MspInit)
    [Anonymous Symbol]                       0x08001afc   Section        0  stm32f1xx_hal_tim.o(.text.HAL_TIM_PWM_Start)
    [Anonymous Symbol]                       0x08001bb4   Section        0  stm32f1xx_it.o(.text.HardFault_Handler)
    IntToUnicode                             0x08001bb9   Thumb Code    54  usbd_desc.o(.text.IntToUnicode)
    [Anonymous Symbol]                       0x08001bb8   Section        0  usbd_desc.o(.text.IntToUnicode)
    MX_GPIO_Init                             0x08001bf1   Thumb Code   182  main.o(.text.MX_GPIO_Init)
    [Anonymous Symbol]                       0x08001bf0   Section        0  main.o(.text.MX_GPIO_Init)
    MX_TIM3_Init                             0x08001ca9   Thumb Code   132  main.o(.text.MX_TIM3_Init)
    [Anonymous Symbol]                       0x08001ca8   Section        0  main.o(.text.MX_TIM3_Init)
    [Anonymous Symbol]                       0x08001d2c   Section        0  usb_device.o(.text.MX_USB_DEVICE_Init)
    [Anonymous Symbol]                       0x08001d9c   Section        0  stm32f1xx_it.o(.text.MemManage_Handler)
    [Anonymous Symbol]                       0x08001da0   Section        0  stm32f1xx_it.o(.text.NMI_Handler)
    NVIC_EncodePriority                      0x08001da5   Thumb Code    44  stm32f1xx_hal_cortex.o(.text.NVIC_EncodePriority)
    [Anonymous Symbol]                       0x08001da4   Section        0  stm32f1xx_hal_cortex.o(.text.NVIC_EncodePriority)
    PCD_EP_ISR_Handler                       0x08001dd1   Thumb Code   800  stm32f1xx_hal_pcd.o(.text.PCD_EP_ISR_Handler)
    [Anonymous Symbol]                       0x08001dd0   Section        0  stm32f1xx_hal_pcd.o(.text.PCD_EP_ISR_Handler)
    [Anonymous Symbol]                       0x080020f0   Section        0  stm32f1xx_it.o(.text.PendSV_Handler)
    RCC_Delay                                0x080020f5   Thumb Code    44  stm32f1xx_hal_rcc.o(.text.RCC_Delay)
    [Anonymous Symbol]                       0x080020f4   Section        0  stm32f1xx_hal_rcc.o(.text.RCC_Delay)
    [Anonymous Symbol]                       0x08002120   Section        0  stm32f1xx_it.o(.text.SVC_Handler)
    SysTick_Config                           0x08002125   Thumb Code    46  stm32f1xx_hal_cortex.o(.text.SysTick_Config)
    [Anonymous Symbol]                       0x08002124   Section        0  stm32f1xx_hal_cortex.o(.text.SysTick_Config)
    [Anonymous Symbol]                       0x08002154   Section        0  stm32f1xx_it.o(.text.SysTick_Handler)
    [Anonymous Symbol]                       0x0800215c   Section        0  main.o(.text.SystemClock_Config)
    [Anonymous Symbol]                       0x080021d4   Section        0  system_stm32f1xx.o(.text.SystemInit)
    [Anonymous Symbol]                       0x080021d8   Section        0  stm32f1xx_hal_tim.o(.text.TIM_Base_SetConfig)
    [Anonymous Symbol]                       0x08002264   Section        0  stm32f1xx_hal_tim.o(.text.TIM_CCxChannelCmd)
    TIM_OC1_SetConfig                        0x08002289   Thumb Code    96  stm32f1xx_hal_tim.o(.text.TIM_OC1_SetConfig)
    [Anonymous Symbol]                       0x08002288   Section        0  stm32f1xx_hal_tim.o(.text.TIM_OC1_SetConfig)
    [Anonymous Symbol]                       0x080022e8   Section        0  stm32f1xx_hal_tim.o(.text.TIM_OC2_SetConfig)
    TIM_OC3_SetConfig                        0x08002351   Thumb Code   104  stm32f1xx_hal_tim.o(.text.TIM_OC3_SetConfig)
    [Anonymous Symbol]                       0x08002350   Section        0  stm32f1xx_hal_tim.o(.text.TIM_OC3_SetConfig)
    TIM_OC4_SetConfig                        0x080023b9   Thumb Code    76  stm32f1xx_hal_tim.o(.text.TIM_OC4_SetConfig)
    [Anonymous Symbol]                       0x080023b8   Section        0  stm32f1xx_hal_tim.o(.text.TIM_OC4_SetConfig)
    USBD_CDC_DataIn                          0x08002405   Thumb Code    80  usbd_cdc.o(.text.USBD_CDC_DataIn)
    [Anonymous Symbol]                       0x08002404   Section        0  usbd_cdc.o(.text.USBD_CDC_DataIn)
    USBD_CDC_DataOut                         0x08002455   Thumb Code    46  usbd_cdc.o(.text.USBD_CDC_DataOut)
    [Anonymous Symbol]                       0x08002454   Section        0  usbd_cdc.o(.text.USBD_CDC_DataOut)
    USBD_CDC_DeInit                          0x08002485   Thumb Code    66  usbd_cdc.o(.text.USBD_CDC_DeInit)
    [Anonymous Symbol]                       0x08002484   Section        0  usbd_cdc.o(.text.USBD_CDC_DeInit)
    USBD_CDC_EP0_RxReady                     0x080024c9   Thumb Code    40  usbd_cdc.o(.text.USBD_CDC_EP0_RxReady)
    [Anonymous Symbol]                       0x080024c8   Section        0  usbd_cdc.o(.text.USBD_CDC_EP0_RxReady)
    [Anonymous Symbol]                       0x080024f0   Section        0  usbd_cdc.o(.text.USBD_CDC_GetDeviceQualifierDescriptor)
    USBD_CDC_GetFSCfgDesc                    0x08002501   Thumb Code    16  usbd_cdc.o(.text.USBD_CDC_GetFSCfgDesc)
    [Anonymous Symbol]                       0x08002500   Section        0  usbd_cdc.o(.text.USBD_CDC_GetFSCfgDesc)
    USBD_CDC_GetHSCfgDesc                    0x08002511   Thumb Code    16  usbd_cdc.o(.text.USBD_CDC_GetHSCfgDesc)
    [Anonymous Symbol]                       0x08002510   Section        0  usbd_cdc.o(.text.USBD_CDC_GetHSCfgDesc)
    USBD_CDC_GetOtherSpeedCfgDesc            0x08002521   Thumb Code    16  usbd_cdc.o(.text.USBD_CDC_GetOtherSpeedCfgDesc)
    [Anonymous Symbol]                       0x08002520   Section        0  usbd_cdc.o(.text.USBD_CDC_GetOtherSpeedCfgDesc)
    USBD_CDC_Init                            0x08002531   Thumb Code   130  usbd_cdc.o(.text.USBD_CDC_Init)
    [Anonymous Symbol]                       0x08002530   Section        0  usbd_cdc.o(.text.USBD_CDC_Init)
    [Anonymous Symbol]                       0x080025b4   Section        0  usbd_cdc.o(.text.USBD_CDC_ReceivePacket)
    [Anonymous Symbol]                       0x080025e0   Section        0  usbd_cdc.o(.text.USBD_CDC_RegisterInterface)
    [Anonymous Symbol]                       0x080025f0   Section        0  usbd_cdc.o(.text.USBD_CDC_SetRxBuffer)
    [Anonymous Symbol]                       0x080025fc   Section        0  usbd_cdc.o(.text.USBD_CDC_SetTxBuffer)
    USBD_CDC_Setup                           0x0800260d   Thumb Code   242  usbd_cdc.o(.text.USBD_CDC_Setup)
    [Anonymous Symbol]                       0x0800260c   Section        0  usbd_cdc.o(.text.USBD_CDC_Setup)
    [Anonymous Symbol]                       0x08002700   Section        0  usbd_core.o(.text.USBD_ClrClassConfig)
    USBD_ClrFeature                          0x08002711   Thumb Code    38  usbd_ctlreq.o(.text.USBD_ClrFeature)
    [Anonymous Symbol]                       0x08002710   Section        0  usbd_ctlreq.o(.text.USBD_ClrFeature)
    [Anonymous Symbol]                       0x08002738   Section        0  usbd_ioreq.o(.text.USBD_CtlContinueRx)
    [Anonymous Symbol]                       0x08002748   Section        0  usbd_ioreq.o(.text.USBD_CtlContinueSendData)
    [Anonymous Symbol]                       0x08002758   Section        0  usbd_ctlreq.o(.text.USBD_CtlError)
    [Anonymous Symbol]                       0x0800276c   Section        0  usbd_ioreq.o(.text.USBD_CtlPrepareRx)
    [Anonymous Symbol]                       0x08002788   Section        0  usbd_ioreq.o(.text.USBD_CtlReceiveStatus)
    [Anonymous Symbol]                       0x080027a0   Section        0  usbd_ioreq.o(.text.USBD_CtlSendData)
    [Anonymous Symbol]                       0x080027bc   Section        0  usbd_ioreq.o(.text.USBD_CtlSendStatus)
    [Anonymous Symbol]                       0x080027d4   Section        0  usbd_desc.o(.text.USBD_FS_ConfigStrDescriptor)
    [Anonymous Symbol]                       0x080027f8   Section        0  usbd_desc.o(.text.USBD_FS_DeviceDescriptor)
    [Anonymous Symbol]                       0x08002808   Section        0  usbd_desc.o(.text.USBD_FS_InterfaceStrDescriptor)
    [Anonymous Symbol]                       0x08002830   Section        0  usbd_desc.o(.text.USBD_FS_LangIDStrDescriptor)
    [Anonymous Symbol]                       0x08002840   Section        0  usbd_desc.o(.text.USBD_FS_ManufacturerStrDescriptor)
    [Anonymous Symbol]                       0x0800286c   Section        0  usbd_desc.o(.text.USBD_FS_ProductStrDescriptor)
    [Anonymous Symbol]                       0x0800289c   Section        0  usbd_desc.o(.text.USBD_FS_SerialStrDescriptor)
    USBD_GetConfig                           0x080028b1   Thumb Code    48  usbd_ctlreq.o(.text.USBD_GetConfig)
    [Anonymous Symbol]                       0x080028b0   Section        0  usbd_ctlreq.o(.text.USBD_GetConfig)
    USBD_GetDescriptor                       0x080028e1   Thumb Code   252  usbd_ctlreq.o(.text.USBD_GetDescriptor)
    [Anonymous Symbol]                       0x080028e0   Section        0  usbd_ctlreq.o(.text.USBD_GetDescriptor)
    USBD_GetLen                              0x080029dd   Thumb Code    30  usbd_ctlreq.o(.text.USBD_GetLen)
    [Anonymous Symbol]                       0x080029dc   Section        0  usbd_ctlreq.o(.text.USBD_GetLen)
    USBD_GetStatus                           0x080029fd   Thumb Code    50  usbd_ctlreq.o(.text.USBD_GetStatus)
    [Anonymous Symbol]                       0x080029fc   Section        0  usbd_ctlreq.o(.text.USBD_GetStatus)
    [Anonymous Symbol]                       0x08002a30   Section        0  usbd_ctlreq.o(.text.USBD_GetString)
    USBD_Get_USB_Status                      0x08002a75   Thumb Code    26  usbd_conf.o(.text.USBD_Get_USB_Status)
    [Anonymous Symbol]                       0x08002a74   Section        0  usbd_conf.o(.text.USBD_Get_USB_Status)
    [Anonymous Symbol]                       0x08002a90   Section        0  usbd_core.o(.text.USBD_Init)
    [Anonymous Symbol]                       0x08002ac0   Section        0  usbd_conf.o(.text.USBD_LL_ClearStallEP)
    [Anonymous Symbol]                       0x08002ad0   Section        0  usbd_conf.o(.text.USBD_LL_CloseEP)
    [Anonymous Symbol]                       0x08002ae0   Section        0  usbd_core.o(.text.USBD_LL_DataInStage)
    [Anonymous Symbol]                       0x08002ba4   Section        0  usbd_core.o(.text.USBD_LL_DataOutStage)
    [Anonymous Symbol]                       0x08002c2c   Section        0  usbd_conf.o(.text.USBD_LL_GetRxDataSize)
    [Anonymous Symbol]                       0x08002c38   Section        0  usbd_conf.o(.text.USBD_LL_Init)
    [Anonymous Symbol]                       0x08002cc0   Section        0  usbd_conf.o(.text.USBD_LL_IsStallEP)
    [Anonymous Symbol]                       0x08002ce0   Section        0  usbd_conf.o(.text.USBD_LL_OpenEP)
    [Anonymous Symbol]                       0x08002cf8   Section        0  usbd_conf.o(.text.USBD_LL_PrepareReceive)
    [Anonymous Symbol]                       0x08002d08   Section        0  usbd_core.o(.text.USBD_LL_Reset)
    [Anonymous Symbol]                       0x08002d5c   Section        0  usbd_core.o(.text.USBD_LL_Resume)
    [Anonymous Symbol]                       0x08002d70   Section        0  usbd_core.o(.text.USBD_LL_SOF)
    [Anonymous Symbol]                       0x08002d8c   Section        0  usbd_core.o(.text.USBD_LL_SetSpeed)
    [Anonymous Symbol]                       0x08002d94   Section        0  usbd_conf.o(.text.USBD_LL_SetUSBAddress)
    [Anonymous Symbol]                       0x08002da4   Section        0  usbd_core.o(.text.USBD_LL_SetupStage)
    [Anonymous Symbol]                       0x08002e04   Section        0  usbd_conf.o(.text.USBD_LL_StallEP)
    [Anonymous Symbol]                       0x08002e14   Section        0  usbd_conf.o(.text.USBD_LL_Start)
    [Anonymous Symbol]                       0x08002e24   Section        0  usbd_core.o(.text.USBD_LL_Suspend)
    [Anonymous Symbol]                       0x08002e38   Section        0  usbd_conf.o(.text.USBD_LL_Transmit)
    [Anonymous Symbol]                       0x08002e48   Section        0  usbd_ctlreq.o(.text.USBD_ParseSetupRequest)
    [Anonymous Symbol]                       0x08002e60   Section        0  usbd_core.o(.text.USBD_RegisterClass)
    USBD_SetAddress                          0x08002e71   Thumb Code    70  usbd_ctlreq.o(.text.USBD_SetAddress)
    [Anonymous Symbol]                       0x08002e70   Section        0  usbd_ctlreq.o(.text.USBD_SetAddress)
    [Anonymous Symbol]                       0x08002eb8   Section        0  usbd_core.o(.text.USBD_SetClassConfig)
    USBD_SetConfig                           0x08002ed5   Thumb Code   134  usbd_ctlreq.o(.text.USBD_SetConfig)
    [Anonymous Symbol]                       0x08002ed4   Section        0  usbd_ctlreq.o(.text.USBD_SetConfig)
    USBD_SetFeature                          0x08002f5d   Thumb Code    22  usbd_ctlreq.o(.text.USBD_SetFeature)
    [Anonymous Symbol]                       0x08002f5c   Section        0  usbd_ctlreq.o(.text.USBD_SetFeature)
    [Anonymous Symbol]                       0x08002f74   Section        0  usbd_core.o(.text.USBD_Start)
    [Anonymous Symbol]                       0x08002f80   Section        0  usbd_ctlreq.o(.text.USBD_StdDevReq)
    [Anonymous Symbol]                       0x08002ff4   Section        0  usbd_ctlreq.o(.text.USBD_StdEPReq)
    [Anonymous Symbol]                       0x08003150   Section        0  usbd_ctlreq.o(.text.USBD_StdItfReq)
    [Anonymous Symbol]                       0x080031ac   Section        0  usbd_conf.o(.text.USBD_static_free)
    [Anonymous Symbol]                       0x080031b0   Section        0  usbd_conf.o(.text.USBD_static_malloc)
    [Anonymous Symbol]                       0x080031bc   Section        0  main.o(.text.USBRxHandler)
    [Anonymous Symbol]                       0x0800325c   Section        0  stm32f1xx_ll_usb.o(.text.USB_ActivateEndpoint)
    [Anonymous Symbol]                       0x080034ac   Section        0  stm32f1xx_ll_usb.o(.text.USB_CoreInit)
    [Anonymous Symbol]                       0x080034b0   Section        0  stm32f1xx_ll_usb.o(.text.USB_DeactivateEndpoint)
    [Anonymous Symbol]                       0x080035b4   Section        0  stm32f1xx_ll_usb.o(.text.USB_DevConnect)
    [Anonymous Symbol]                       0x080035b8   Section        0  stm32f1xx_ll_usb.o(.text.USB_DevDisconnect)
    [Anonymous Symbol]                       0x080035bc   Section        0  stm32f1xx_ll_usb.o(.text.USB_DevInit)
    [Anonymous Symbol]                       0x080035d8   Section        0  stm32f1xx_ll_usb.o(.text.USB_DisableGlobalInt)
    [Anonymous Symbol]                       0x080035ec   Section        0  stm32f1xx_ll_usb.o(.text.USB_EP0_OutStart)
    [Anonymous Symbol]                       0x080035f0   Section        0  stm32f1xx_ll_usb.o(.text.USB_EPClearStall)
    [Anonymous Symbol]                       0x08003670   Section        0  stm32f1xx_ll_usb.o(.text.USB_EPSetStall)
    [Anonymous Symbol]                       0x080036a4   Section        0  stm32f1xx_ll_usb.o(.text.USB_EPStartXfer)
    [Anonymous Symbol]                       0x08003d48   Section        0  stm32f1xx_ll_usb.o(.text.USB_EnableGlobalInt)
    [Anonymous Symbol]                       0x08003d5c   Section        0  stm32f1xx_it.o(.text.USB_LP_CAN1_RX0_IRQHandler)
    [Anonymous Symbol]                       0x08003d6c   Section        0  stm32f1xx_ll_usb.o(.text.USB_ReadInterrupts)
    [Anonymous Symbol]                       0x08003d74   Section        0  stm32f1xx_ll_usb.o(.text.USB_ReadPMA)
    [Anonymous Symbol]                       0x08003da8   Section        0  stm32f1xx_ll_usb.o(.text.USB_SetCurrentMode)
    [Anonymous Symbol]                       0x08003dac   Section        0  stm32f1xx_ll_usb.o(.text.USB_SetDevAddress)
    [Anonymous Symbol]                       0x08003dbc   Section        0  stm32f1xx_ll_usb.o(.text.USB_WritePMA)
    [Anonymous Symbol]                       0x08003de8   Section        0  stm32f1xx_it.o(.text.UsageFault_Handler)
    __NVIC_EnableIRQ                         0x08003ded   Thumb Code    32  stm32f1xx_hal_cortex.o(.text.__NVIC_EnableIRQ)
    [Anonymous Symbol]                       0x08003dec   Section        0  stm32f1xx_hal_cortex.o(.text.__NVIC_EnableIRQ)
    __NVIC_GetPriorityGrouping               0x08003e0d   Thumb Code    16  stm32f1xx_hal_cortex.o(.text.__NVIC_GetPriorityGrouping)
    [Anonymous Symbol]                       0x08003e0c   Section        0  stm32f1xx_hal_cortex.o(.text.__NVIC_GetPriorityGrouping)
    __NVIC_SetPriority                       0x08003e1d   Thumb Code    34  stm32f1xx_hal_cortex.o(.text.__NVIC_SetPriority)
    [Anonymous Symbol]                       0x08003e1c   Section        0  stm32f1xx_hal_cortex.o(.text.__NVIC_SetPriority)
    __NVIC_SetPriorityGrouping               0x08003e41   Thumb Code    32  stm32f1xx_hal_cortex.o(.text.__NVIC_SetPriorityGrouping)
    [Anonymous Symbol]                       0x08003e40   Section        0  stm32f1xx_hal_cortex.o(.text.__NVIC_SetPriorityGrouping)
    [Anonymous Symbol]                       0x08003e60   Section        0  main.o(.text.f_active_BLE)
    [Anonymous Symbol]                       0x08003e84   Section        0  main.o(.text.f_active_ST)
    [Anonymous Symbol]                       0x08003ea8   Section        0  main.o(.text.f_active_UWB)
    [Anonymous Symbol]                       0x08003ecc   Section        0  main.o(.text.f_active_sw)
    [Anonymous Symbol]                       0x08003ee4   Section        0  main.o(.text.f_clr_pos_lcd)
    [Anonymous Symbol]                       0x08003f38   Section        0  main.o(.text.f_deactive_sw)
    [Anonymous Symbol]                       0x08003f68   Section        0  main.o(.text.f_display_sw_signal)
    [Anonymous Symbol]                       0x08004004   Section        0  main.o(.text.f_display_voltage)
    [Anonymous Symbol]                       0x08004084   Section        0  main.o(.text.f_pos_lcd)
    [Anonymous Symbol]                       0x080040b4   Section        0  main.o(.text.f_sw_signal_not_use)
    [Anonymous Symbol]                       0x080040d8   Section        0  main.o(.text.f_voltage_0V)
    [Anonymous Symbol]                       0x080040f8   Section        0  main.o(.text.f_voltage_12V)
    [Anonymous Symbol]                       0x08004118   Section        0  main.o(.text.f_voltage_24V)
    [Anonymous Symbol]                       0x08004138   Section        0  main.o(.text.main)
    i.__scatterload_copy                     0x08004358   Section       14  handlers.o(i.__scatterload_copy)
    i.__scatterload_null                     0x08004366   Section        2  handlers.o(i.__scatterload_null)
    i.__scatterload_zeroinit                 0x08004368   Section       14  handlers.o(i.__scatterload_zeroinit)
    USBD_CDC_DeviceQualifierDesc             0x200000e0   Data          10  usbd_cdc.o(.data.USBD_CDC_DeviceQualifierDesc)
    [Anonymous Symbol]                       0x200000e0   Section        0  usbd_cdc.o(.data.USBD_CDC_DeviceQualifierDesc)
    USBD_SetConfig.cfgidx                    0x200001e0   Data           1  usbd_ctlreq.o(.bss.USBD_SetConfig.cfgidx)
    [Anonymous Symbol]                       0x200001e0   Section        0  usbd_ctlreq.o(.bss.USBD_SetConfig.cfgidx)
    USBD_static_malloc.mem                   0x200003e4   Data         544  usbd_conf.o(.bss.USBD_static_malloc.mem)
    [Anonymous Symbol]                       0x200003e4   Section        0  usbd_conf.o(.bss.USBD_static_malloc.mem)
    STACK                                    0x20000c88   Section     1024  startup_stm32f103xb.o(STACK)

    Global Symbols

    Symbol Name                              Value     Ov Type        Size  Object(Section)

    BuildAttributes$$THM_ISAv4$P$D$K$B$S$PE$A:L22UL41UL21$X:L11$S22US41US21$IEEE1$IW$~IW$USESV6$~STKCKD$USESV7$~SHL$OTIME$EBA8$MICROLIB$REQ8$PRES8$EABIv2 0x00000000   Number         0  anon$$obj.o ABSOLUTE
    __cpp_initialize__aeabi_                  - Undefined Weak Reference
    __cxa_finalize                            - Undefined Weak Reference
    _clock_init                               - Undefined Weak Reference
    _microlib_exit                            - Undefined Weak Reference
    __Vectors_Size                           0x000000ec   Number         0  startup_stm32f103xb.o ABSOLUTE
    __Vectors                                0x08000000   Data           4  startup_stm32f103xb.o(RESET)
    __Vectors_End                            0x080000ec   Data           0  startup_stm32f103xb.o(RESET)
    __main                                   0x080000ed   Thumb Code     0  entry.o(.ARM.Collect$$$$00000000)
    _main_stk                                0x080000ed   Thumb Code     0  entry2.o(.ARM.Collect$$$$00000001)
    _main_scatterload                        0x080000f1   Thumb Code     0  entry5.o(.ARM.Collect$$$$00000004)
    __main_after_scatterload                 0x080000f5   Thumb Code     0  entry5.o(.ARM.Collect$$$$00000004)
    _main_clock                              0x080000f5   Thumb Code     0  entry7b.o(.ARM.Collect$$$$00000008)
    _main_cpp_init                           0x080000f5   Thumb Code     0  entry8b.o(.ARM.Collect$$$$0000000A)
    _main_init                               0x080000f5   Thumb Code     0  entry9a.o(.ARM.Collect$$$$0000000B)
    __rt_final_cpp                           0x080000fd   Thumb Code     0  entry10a.o(.ARM.Collect$$$$0000000D)
    __rt_final_exit                          0x080000fd   Thumb Code     0  entry11a.o(.ARM.Collect$$$$0000000F)
    Reset_Handler                            0x08000101   Thumb Code     8  startup_stm32f103xb.o(.text)
    ADC1_2_IRQHandler                        0x0800011b   Thumb Code     0  startup_stm32f103xb.o(.text)
    CAN1_RX1_IRQHandler                      0x0800011b   Thumb Code     0  startup_stm32f103xb.o(.text)
    CAN1_SCE_IRQHandler                      0x0800011b   Thumb Code     0  startup_stm32f103xb.o(.text)
    DMA1_Channel1_IRQHandler                 0x0800011b   Thumb Code     0  startup_stm32f103xb.o(.text)
    DMA1_Channel2_IRQHandler                 0x0800011b   Thumb Code     0  startup_stm32f103xb.o(.text)
    DMA1_Channel3_IRQHandler                 0x0800011b   Thumb Code     0  startup_stm32f103xb.o(.text)
    DMA1_Channel4_IRQHandler                 0x0800011b   Thumb Code     0  startup_stm32f103xb.o(.text)
    DMA1_Channel5_IRQHandler                 0x0800011b   Thumb Code     0  startup_stm32f103xb.o(.text)
    DMA1_Channel6_IRQHandler                 0x0800011b   Thumb Code     0  startup_stm32f103xb.o(.text)
    DMA1_Channel7_IRQHandler                 0x0800011b   Thumb Code     0  startup_stm32f103xb.o(.text)
    EXTI0_IRQHandler                         0x0800011b   Thumb Code     0  startup_stm32f103xb.o(.text)
    EXTI15_10_IRQHandler                     0x0800011b   Thumb Code     0  startup_stm32f103xb.o(.text)
    EXTI1_IRQHandler                         0x0800011b   Thumb Code     0  startup_stm32f103xb.o(.text)
    EXTI2_IRQHandler                         0x0800011b   Thumb Code     0  startup_stm32f103xb.o(.text)
    EXTI3_IRQHandler                         0x0800011b   Thumb Code     0  startup_stm32f103xb.o(.text)
    EXTI4_IRQHandler                         0x0800011b   Thumb Code     0  startup_stm32f103xb.o(.text)
    EXTI9_5_IRQHandler                       0x0800011b   Thumb Code     0  startup_stm32f103xb.o(.text)
    FLASH_IRQHandler                         0x0800011b   Thumb Code     0  startup_stm32f103xb.o(.text)
    I2C1_ER_IRQHandler                       0x0800011b   Thumb Code     0  startup_stm32f103xb.o(.text)
    I2C1_EV_IRQHandler                       0x0800011b   Thumb Code     0  startup_stm32f103xb.o(.text)
    I2C2_ER_IRQHandler                       0x0800011b   Thumb Code     0  startup_stm32f103xb.o(.text)
    I2C2_EV_IRQHandler                       0x0800011b   Thumb Code     0  startup_stm32f103xb.o(.text)
    PVD_IRQHandler                           0x0800011b   Thumb Code     0  startup_stm32f103xb.o(.text)
    RCC_IRQHandler                           0x0800011b   Thumb Code     0  startup_stm32f103xb.o(.text)
    RTC_Alarm_IRQHandler                     0x0800011b   Thumb Code     0  startup_stm32f103xb.o(.text)
    RTC_IRQHandler                           0x0800011b   Thumb Code     0  startup_stm32f103xb.o(.text)
    SPI1_IRQHandler                          0x0800011b   Thumb Code     0  startup_stm32f103xb.o(.text)
    SPI2_IRQHandler                          0x0800011b   Thumb Code     0  startup_stm32f103xb.o(.text)
    TAMPER_IRQHandler                        0x0800011b   Thumb Code     0  startup_stm32f103xb.o(.text)
    TIM1_BRK_IRQHandler                      0x0800011b   Thumb Code     0  startup_stm32f103xb.o(.text)
    TIM1_CC_IRQHandler                       0x0800011b   Thumb Code     0  startup_stm32f103xb.o(.text)
    TIM1_TRG_COM_IRQHandler                  0x0800011b   Thumb Code     0  startup_stm32f103xb.o(.text)
    TIM1_UP_IRQHandler                       0x0800011b   Thumb Code     0  startup_stm32f103xb.o(.text)
    TIM2_IRQHandler                          0x0800011b   Thumb Code     0  startup_stm32f103xb.o(.text)
    TIM3_IRQHandler                          0x0800011b   Thumb Code     0  startup_stm32f103xb.o(.text)
    TIM4_IRQHandler                          0x0800011b   Thumb Code     0  startup_stm32f103xb.o(.text)
    USART1_IRQHandler                        0x0800011b   Thumb Code     0  startup_stm32f103xb.o(.text)
    USART2_IRQHandler                        0x0800011b   Thumb Code     0  startup_stm32f103xb.o(.text)
    USART3_IRQHandler                        0x0800011b   Thumb Code     0  startup_stm32f103xb.o(.text)
    USBWakeUp_IRQHandler                     0x0800011b   Thumb Code     0  startup_stm32f103xb.o(.text)
    USB_HP_CAN1_TX_IRQHandler                0x0800011b   Thumb Code     0  startup_stm32f103xb.o(.text)
    WWDG_IRQHandler                          0x0800011b   Thumb Code     0  startup_stm32f103xb.o(.text)
    __aeabi_memset                           0x08000125   Thumb Code    14  memseta.o(.text)
    __aeabi_memset4                          0x08000125   Thumb Code     0  memseta.o(.text)
    __aeabi_memset8                          0x08000125   Thumb Code     0  memseta.o(.text)
    __aeabi_memclr                           0x08000133   Thumb Code     4  memseta.o(.text)
    __aeabi_memclr4                          0x08000133   Thumb Code     0  memseta.o(.text)
    __aeabi_memclr8                          0x08000133   Thumb Code     0  memseta.o(.text)
    _memset$wrapper                          0x08000137   Thumb Code    18  memseta.o(.text)
    strncmp                                  0x08000149   Thumb Code    30  strncmp.o(.text)
    __scatterload                            0x08000169   Thumb Code    28  init.o(.text)
    __scatterload_rt2                        0x08000169   Thumb Code     0  init.o(.text)
    __decompress                             0x0800018d   Thumb Code     0  __dczerorl2.o(.text)
    __decompress1                            0x0800018d   Thumb Code    86  __dczerorl2.o(.text)
    BusFault_Handler                         0x080001e5   Thumb Code     2  stm32f1xx_it.o(.text.BusFault_Handler)
    CLCD_4BIT_Init                           0x08000249   Thumb Code   200  clcd.o(.text.CLCD_4BIT_Init)
    CLCD_Clear                               0x08000311   Thumb Code    36  clcd.o(.text.CLCD_Clear)
    CLCD_SetCursor                           0x0800033d   Thumb Code    80  clcd.o(.text.CLCD_SetCursor)
    CLCD_WriteChar                           0x08000519   Thumb Code    28  clcd.o(.text.CLCD_WriteChar)
    CLCD_WriteString                         0x08000535   Thumb Code    34  clcd.o(.text.CLCD_WriteString)
    DebugMon_Handler                         0x08000559   Thumb Code     2  stm32f1xx_it.o(.text.DebugMon_Handler)
    Error_Handler                            0x0800055d   Thumb Code    10  main.o(.text.Error_Handler)
    HAL_Delay                                0x0800059d   Thumb Code    40  stm32f1xx_hal.o(.text.HAL_Delay)
    HAL_GPIO_Init                            0x080005c5   Thumb Code   536  stm32f1xx_hal_gpio.o(.text.HAL_GPIO_Init)
    HAL_GPIO_ReadPin                         0x080007dd   Thumb Code    10  stm32f1xx_hal_gpio.o(.text.HAL_GPIO_ReadPin)
    HAL_GPIO_WritePin                        0x080007e9   Thumb Code    10  stm32f1xx_hal_gpio.o(.text.HAL_GPIO_WritePin)
    HAL_GetTick                              0x080007f5   Thumb Code    12  stm32f1xx_hal.o(.text.HAL_GetTick)
    HAL_IncTick                              0x08000801   Thumb Code    26  stm32f1xx_hal.o(.text.HAL_IncTick)
    HAL_Init                                 0x0800081d   Thumb Code    38  stm32f1xx_hal.o(.text.HAL_Init)
    HAL_InitTick                             0x08000845   Thumb Code    80  stm32f1xx_hal.o(.text.HAL_InitTick)
    HAL_MspInit                              0x08000895   Thumb Code    66  stm32f1xx_hal_msp.o(.text.HAL_MspInit)
    HAL_NVIC_EnableIRQ                       0x080008d9   Thumb Code     8  stm32f1xx_hal_cortex.o(.text.HAL_NVIC_EnableIRQ)
    HAL_NVIC_SetPriority                     0x080008e1   Thumb Code    30  stm32f1xx_hal_cortex.o(.text.HAL_NVIC_SetPriority)
    HAL_NVIC_SetPriorityGrouping             0x08000901   Thumb Code     8  stm32f1xx_hal_cortex.o(.text.HAL_NVIC_SetPriorityGrouping)
    HAL_PCDEx_PMAConfig                      0x08000909   Thumb Code    70  stm32f1xx_hal_pcd_ex.o(.text.HAL_PCDEx_PMAConfig)
    HAL_PCDEx_SetConnectionState             0x08000951   Thumb Code     2  usbd_conf.o(.text.HAL_PCDEx_SetConnectionState)
    HAL_PCD_DataInStageCallback              0x08000955   Thumb Code    24  usbd_conf.o(.text.HAL_PCD_DataInStageCallback)
    HAL_PCD_DataOutStageCallback             0x0800096d   Thumb Code    26  usbd_conf.o(.text.HAL_PCD_DataOutStageCallback)
    HAL_PCD_EP_Close                         0x08000989   Thumb Code    76  stm32f1xx_hal_pcd.o(.text.HAL_PCD_EP_Close)
    HAL_PCD_EP_ClrStall                      0x080009d5   Thumb Code    94  stm32f1xx_hal_pcd.o(.text.HAL_PCD_EP_ClrStall)
    HAL_PCD_EP_GetRxCount                    0x08000e41   Thumb Code    18  stm32f1xx_hal_pcd.o(.text.HAL_PCD_EP_GetRxCount)
    HAL_PCD_EP_Open                          0x08000e55   Thumb Code    96  stm32f1xx_hal_pcd.o(.text.HAL_PCD_EP_Open)
    HAL_PCD_EP_Receive                       0x08000eb5   Thumb Code    50  stm32f1xx_hal_pcd.o(.text.HAL_PCD_EP_Receive)
    HAL_PCD_EP_SetStall                      0x08000ee9   Thumb Code   108  stm32f1xx_hal_pcd.o(.text.HAL_PCD_EP_SetStall)
    HAL_PCD_EP_Transmit                      0x08000f55   Thumb Code    54  stm32f1xx_hal_pcd.o(.text.HAL_PCD_EP_Transmit)
    HAL_PCD_IRQHandler                       0x08000f8d   Thumb Code   366  stm32f1xx_hal_pcd.o(.text.HAL_PCD_IRQHandler)
    HAL_PCD_Init                             0x080010fd   Thumb Code   246  stm32f1xx_hal_pcd.o(.text.HAL_PCD_Init)
    HAL_PCD_MspInit                          0x080011f5   Thumb Code    68  usbd_conf.o(.text.HAL_PCD_MspInit)
    HAL_PCD_ResetCallback                    0x08001239   Thumb Code    34  usbd_conf.o(.text.HAL_PCD_ResetCallback)
    HAL_PCD_ResumeCallback                   0x0800125d   Thumb Code    12  usbd_conf.o(.text.HAL_PCD_ResumeCallback)
    HAL_PCD_SOFCallback                      0x08001269   Thumb Code    12  usbd_conf.o(.text.HAL_PCD_SOFCallback)
    HAL_PCD_SetAddress                       0x08001275   Thumb Code    40  stm32f1xx_hal_pcd.o(.text.HAL_PCD_SetAddress)
    HAL_PCD_SetupStageCallback               0x0800129d   Thumb Code    18  usbd_conf.o(.text.HAL_PCD_SetupStageCallback)
    HAL_PCD_Start                            0x080012b1   Thumb Code    50  stm32f1xx_hal_pcd.o(.text.HAL_PCD_Start)
    HAL_PCD_SuspendCallback                  0x080012e5   Thumb Code    38  usbd_conf.o(.text.HAL_PCD_SuspendCallback)
    HAL_RCCEx_PeriphCLKConfig                0x0800130d   Thumb Code   270  stm32f1xx_hal_rcc_ex.o(.text.HAL_RCCEx_PeriphCLKConfig)
    HAL_RCC_ClockConfig                      0x0800141d   Thumb Code   366  stm32f1xx_hal_rcc.o(.text.HAL_RCC_ClockConfig)
    HAL_RCC_GetSysClockFreq                  0x0800158d   Thumb Code    96  stm32f1xx_hal_rcc.o(.text.HAL_RCC_GetSysClockFreq)
    HAL_RCC_OscConfig                        0x080015ed   Thumb Code   788  stm32f1xx_hal_rcc.o(.text.HAL_RCC_OscConfig)
    HAL_SYSTICK_Config                       0x08001901   Thumb Code     8  stm32f1xx_hal_cortex.o(.text.HAL_SYSTICK_Config)
    HAL_TIMEx_MasterConfigSynchronization    0x08001909   Thumb Code   118  stm32f1xx_hal_tim_ex.o(.text.HAL_TIMEx_MasterConfigSynchronization)
    HAL_TIM_MspPostInit                      0x08001981   Thumb Code    84  stm32f1xx_hal_msp.o(.text.HAL_TIM_MspPostInit)
    HAL_TIM_PWM_ConfigChannel                0x080019d5   Thumb Code   150  stm32f1xx_hal_tim.o(.text.HAL_TIM_PWM_ConfigChannel)
    HAL_TIM_PWM_Init                         0x08001a6d   Thumb Code    90  stm32f1xx_hal_tim.o(.text.HAL_TIM_PWM_Init)
    HAL_TIM_PWM_MspInit                      0x08001ac9   Thumb Code    50  stm32f1xx_hal_msp.o(.text.HAL_TIM_PWM_MspInit)
    HAL_TIM_PWM_Start                        0x08001afd   Thumb Code   184  stm32f1xx_hal_tim.o(.text.HAL_TIM_PWM_Start)
    HardFault_Handler                        0x08001bb5   Thumb Code     2  stm32f1xx_it.o(.text.HardFault_Handler)
    MX_USB_DEVICE_Init                       0x08001d2d   Thumb Code   110  usb_device.o(.text.MX_USB_DEVICE_Init)
    MemManage_Handler                        0x08001d9d   Thumb Code     2  stm32f1xx_it.o(.text.MemManage_Handler)
    NMI_Handler                              0x08001da1   Thumb Code     2  stm32f1xx_it.o(.text.NMI_Handler)
    PendSV_Handler                           0x080020f1   Thumb Code     2  stm32f1xx_it.o(.text.PendSV_Handler)
    SVC_Handler                              0x08002121   Thumb Code     2  stm32f1xx_it.o(.text.SVC_Handler)
    SysTick_Handler                          0x08002155   Thumb Code     8  stm32f1xx_it.o(.text.SysTick_Handler)
    SystemClock_Config                       0x0800215d   Thumb Code   120  main.o(.text.SystemClock_Config)
    SystemInit                               0x080021d5   Thumb Code     2  system_stm32f1xx.o(.text.SystemInit)
    TIM_Base_SetConfig                       0x080021d9   Thumb Code   138  stm32f1xx_hal_tim.o(.text.TIM_Base_SetConfig)
    TIM_CCxChannelCmd                        0x08002265   Thumb Code    36  stm32f1xx_hal_tim.o(.text.TIM_CCxChannelCmd)
    TIM_OC2_SetConfig                        0x080022e9   Thumb Code   104  stm32f1xx_hal_tim.o(.text.TIM_OC2_SetConfig)
    USBD_CDC_GetDeviceQualifierDescriptor    0x080024f1   Thumb Code    16  usbd_cdc.o(.text.USBD_CDC_GetDeviceQualifierDescriptor)
    USBD_CDC_ReceivePacket                   0x080025b5   Thumb Code    42  usbd_cdc.o(.text.USBD_CDC_ReceivePacket)
    USBD_CDC_RegisterInterface               0x080025e1   Thumb Code    14  usbd_cdc.o(.text.USBD_CDC_RegisterInterface)
    USBD_CDC_SetRxBuffer                     0x080025f1   Thumb Code    12  usbd_cdc.o(.text.USBD_CDC_SetRxBuffer)
    USBD_CDC_SetTxBuffer                     0x080025fd   Thumb Code    16  usbd_cdc.o(.text.USBD_CDC_SetTxBuffer)
    USBD_ClrClassConfig                      0x08002701   Thumb Code    14  usbd_core.o(.text.USBD_ClrClassConfig)
    USBD_CtlContinueRx                       0x08002739   Thumb Code    16  usbd_ioreq.o(.text.USBD_CtlContinueRx)
    USBD_CtlContinueSendData                 0x08002749   Thumb Code    16  usbd_ioreq.o(.text.USBD_CtlContinueSendData)
    USBD_CtlError                            0x08002759   Thumb Code    20  usbd_ctlreq.o(.text.USBD_CtlError)
    USBD_CtlPrepareRx                        0x0800276d   Thumb Code    26  usbd_ioreq.o(.text.USBD_CtlPrepareRx)
    USBD_CtlReceiveStatus                    0x08002789   Thumb Code    22  usbd_ioreq.o(.text.USBD_CtlReceiveStatus)
    USBD_CtlSendData                         0x080027a1   Thumb Code    26  usbd_ioreq.o(.text.USBD_CtlSendData)
    USBD_CtlSendStatus                       0x080027bd   Thumb Code    22  usbd_ioreq.o(.text.USBD_CtlSendStatus)
    USBD_FS_ConfigStrDescriptor              0x080027d5   Thumb Code    36  usbd_desc.o(.text.USBD_FS_ConfigStrDescriptor)
    USBD_FS_DeviceDescriptor                 0x080027f9   Thumb Code    14  usbd_desc.o(.text.USBD_FS_DeviceDescriptor)
    USBD_FS_InterfaceStrDescriptor           0x08002809   Thumb Code    40  usbd_desc.o(.text.USBD_FS_InterfaceStrDescriptor)
    USBD_FS_LangIDStrDescriptor              0x08002831   Thumb Code    14  usbd_desc.o(.text.USBD_FS_LangIDStrDescriptor)
    USBD_FS_ManufacturerStrDescriptor        0x08002841   Thumb Code    44  usbd_desc.o(.text.USBD_FS_ManufacturerStrDescriptor)
    USBD_FS_ProductStrDescriptor             0x0800286d   Thumb Code    48  usbd_desc.o(.text.USBD_FS_ProductStrDescriptor)
    USBD_FS_SerialStrDescriptor              0x0800289d   Thumb Code    20  usbd_desc.o(.text.USBD_FS_SerialStrDescriptor)
    USBD_GetString                           0x08002a31   Thumb Code    68  usbd_ctlreq.o(.text.USBD_GetString)
    USBD_Init                                0x08002a91   Thumb Code    48  usbd_core.o(.text.USBD_Init)
    USBD_LL_ClearStallEP                     0x08002ac1   Thumb Code    16  usbd_conf.o(.text.USBD_LL_ClearStallEP)
    USBD_LL_CloseEP                          0x08002ad1   Thumb Code    16  usbd_conf.o(.text.USBD_LL_CloseEP)
    USBD_LL_DataInStage                      0x08002ae1   Thumb Code   194  usbd_core.o(.text.USBD_LL_DataInStage)
    USBD_LL_DataOutStage                     0x08002ba5   Thumb Code   134  usbd_core.o(.text.USBD_LL_DataOutStage)
    USBD_LL_GetRxDataSize                    0x08002c2d   Thumb Code    12  usbd_conf.o(.text.USBD_LL_GetRxDataSize)
    USBD_LL_Init                             0x08002c39   Thumb Code   134  usbd_conf.o(.text.USBD_LL_Init)
    USBD_LL_IsStallEP                        0x08002cc1   Thumb Code    32  usbd_conf.o(.text.USBD_LL_IsStallEP)
    USBD_LL_OpenEP                           0x08002ce1   Thumb Code    22  usbd_conf.o(.text.USBD_LL_OpenEP)
    USBD_LL_PrepareReceive                   0x08002cf9   Thumb Code    16  usbd_conf.o(.text.USBD_LL_PrepareReceive)
    USBD_LL_Reset                            0x08002d09   Thumb Code    84  usbd_core.o(.text.USBD_LL_Reset)
    USBD_LL_Resume                           0x08002d5d   Thumb Code    20  usbd_core.o(.text.USBD_LL_Resume)
    USBD_LL_SOF                              0x08002d71   Thumb Code    26  usbd_core.o(.text.USBD_LL_SOF)
    USBD_LL_SetSpeed                         0x08002d8d   Thumb Code     8  usbd_core.o(.text.USBD_LL_SetSpeed)
    USBD_LL_SetUSBAddress                    0x08002d95   Thumb Code    16  usbd_conf.o(.text.USBD_LL_SetUSBAddress)
    USBD_LL_SetupStage                       0x08002da5   Thumb Code    96  usbd_core.o(.text.USBD_LL_SetupStage)
    USBD_LL_StallEP                          0x08002e05   Thumb Code    16  usbd_conf.o(.text.USBD_LL_StallEP)
    USBD_LL_Start                            0x08002e15   Thumb Code    16  usbd_conf.o(.text.USBD_LL_Start)
    USBD_LL_Suspend                          0x08002e25   Thumb Code    20  usbd_core.o(.text.USBD_LL_Suspend)
    USBD_LL_Transmit                         0x08002e39   Thumb Code    16  usbd_conf.o(.text.USBD_LL_Transmit)
    USBD_ParseSetupRequest                   0x08002e49   Thumb Code    22  usbd_ctlreq.o(.text.USBD_ParseSetupRequest)
    USBD_RegisterClass                       0x08002e61   Thumb Code    14  usbd_core.o(.text.USBD_RegisterClass)
    USBD_SetClassConfig                      0x08002eb9   Thumb Code    26  usbd_core.o(.text.USBD_SetClassConfig)
    USBD_Start                               0x08002f75   Thumb Code    10  usbd_core.o(.text.USBD_Start)
    USBD_StdDevReq                           0x08002f81   Thumb Code   114  usbd_ctlreq.o(.text.USBD_StdDevReq)
    USBD_StdEPReq                            0x08002ff5   Thumb Code   348  usbd_ctlreq.o(.text.USBD_StdEPReq)
    USBD_StdItfReq                           0x08003151   Thumb Code    92  usbd_ctlreq.o(.text.USBD_StdItfReq)
    USBD_static_free                         0x080031ad   Thumb Code     2  usbd_conf.o(.text.USBD_static_free)
    USBD_static_malloc                       0x080031b1   Thumb Code    10  usbd_conf.o(.text.USBD_static_malloc)
    USBRxHandler                             0x080031bd   Thumb Code   160  main.o(.text.USBRxHandler)
    USB_ActivateEndpoint                     0x0800325d   Thumb Code   592  stm32f1xx_ll_usb.o(.text.USB_ActivateEndpoint)
    USB_CoreInit                             0x080034ad   Thumb Code     4  stm32f1xx_ll_usb.o(.text.USB_CoreInit)
    USB_DeactivateEndpoint                   0x080034b1   Thumb Code   260  stm32f1xx_ll_usb.o(.text.USB_DeactivateEndpoint)
    USB_DevConnect                           0x080035b5   Thumb Code     4  stm32f1xx_ll_usb.o(.text.USB_DevConnect)
    USB_DevDisconnect                        0x080035b9   Thumb Code     4  stm32f1xx_ll_usb.o(.text.USB_DevDisconnect)
    USB_DevInit                              0x080035bd   Thumb Code    26  stm32f1xx_ll_usb.o(.text.USB_DevInit)
    USB_DisableGlobalInt                     0x080035d9   Thumb Code    20  stm32f1xx_ll_usb.o(.text.USB_DisableGlobalInt)
    USB_EP0_OutStart                         0x080035ed   Thumb Code     4  stm32f1xx_ll_usb.o(.text.USB_EP0_OutStart)
    USB_EPClearStall                         0x080035f1   Thumb Code   126  stm32f1xx_ll_usb.o(.text.USB_EPClearStall)
    USB_EPSetStall                           0x08003671   Thumb Code    50  stm32f1xx_ll_usb.o(.text.USB_EPSetStall)
    USB_EPStartXfer                          0x080036a5   Thumb Code  1700  stm32f1xx_ll_usb.o(.text.USB_EPStartXfer)
    USB_EnableGlobalInt                      0x08003d49   Thumb Code    20  stm32f1xx_ll_usb.o(.text.USB_EnableGlobalInt)
    USB_LP_CAN1_RX0_IRQHandler               0x08003d5d   Thumb Code    16  stm32f1xx_it.o(.text.USB_LP_CAN1_RX0_IRQHandler)
    USB_ReadInterrupts                       0x08003d6d   Thumb Code     6  stm32f1xx_ll_usb.o(.text.USB_ReadInterrupts)
    USB_ReadPMA                              0x08003d75   Thumb Code    50  stm32f1xx_ll_usb.o(.text.USB_ReadPMA)
    USB_SetCurrentMode                       0x08003da9   Thumb Code     4  stm32f1xx_ll_usb.o(.text.USB_SetCurrentMode)
    USB_SetDevAddress                        0x08003dad   Thumb Code    14  stm32f1xx_ll_usb.o(.text.USB_SetDevAddress)
    USB_WritePMA                             0x08003dbd   Thumb Code    42  stm32f1xx_ll_usb.o(.text.USB_WritePMA)
    UsageFault_Handler                       0x08003de9   Thumb Code     2  stm32f1xx_it.o(.text.UsageFault_Handler)
    f_active_BLE                             0x08003e61   Thumb Code    36  main.o(.text.f_active_BLE)
    f_active_ST                              0x08003e85   Thumb Code    36  main.o(.text.f_active_ST)
    f_active_UWB                             0x08003ea9   Thumb Code    36  main.o(.text.f_active_UWB)
    f_active_sw                              0x08003ecd   Thumb Code    22  main.o(.text.f_active_sw)
    f_clr_pos_lcd                            0x08003ee5   Thumb Code    84  main.o(.text.f_clr_pos_lcd)
    f_deactive_sw                            0x08003f39   Thumb Code    48  main.o(.text.f_deactive_sw)
    f_display_sw_signal                      0x08003f69   Thumb Code   156  main.o(.text.f_display_sw_signal)
    f_display_voltage                        0x08004005   Thumb Code   128  main.o(.text.f_display_voltage)
    f_pos_lcd                                0x08004085   Thumb Code    48  main.o(.text.f_pos_lcd)
    f_sw_signal_not_use                      0x080040b5   Thumb Code    36  main.o(.text.f_sw_signal_not_use)
    f_voltage_0V                             0x080040d9   Thumb Code    32  main.o(.text.f_voltage_0V)
    f_voltage_12V                            0x080040f9   Thumb Code    32  main.o(.text.f_voltage_12V)
    f_voltage_24V                            0x08004119   Thumb Code    32  main.o(.text.f_voltage_24V)
    main                                     0x08004139   Thumb Code   544  main.o(.text.main)
    __scatterload_copy                       0x08004359   Thumb Code    14  handlers.o(i.__scatterload_copy)
    __scatterload_null                       0x08004367   Thumb Code     2  handlers.o(i.__scatterload_null)
    __scatterload_zeroinit                   0x08004369   Thumb Code    14  handlers.o(i.__scatterload_zeroinit)
    AHBPrescTable                            0x08004376   Data          16  system_stm32f1xx.o(.rodata.AHBPrescTable)
    Region$$Table$$Base                      0x08004388   Number         0  anon$$obj.o(Region$$Table)
    Region$$Table$$Limit                     0x080043a8   Number         0  anon$$obj.o(Region$$Table)
    FS_Desc                                  0x20000000   Data          28  usbd_desc.o(.data.FS_Desc)
    SystemCoreClock                          0x2000001c   Data           4  system_stm32f1xx.o(.data.SystemCoreClock)
    USBD_CDC                                 0x20000020   Data          56  usbd_cdc.o(.data.USBD_CDC)
    USBD_CDC_CfgFSDesc                       0x20000058   Data          67  usbd_cdc.o(.data.USBD_CDC_CfgFSDesc)
    USBD_CDC_CfgHSDesc                       0x2000009c   Data          67  usbd_cdc.o(.data.USBD_CDC_CfgHSDesc)
    USBD_CDC_OtherSpeedCfgDesc               0x200000ec   Data          67  usbd_cdc.o(.data.USBD_CDC_OtherSpeedCfgDesc)
    USBD_FS_DeviceDesc                       0x20000130   Data          18  usbd_desc.o(.data.USBD_FS_DeviceDesc)
    USBD_Interface_fops_FS                   0x20000144   Data          16  usbd_cdc_if.o(.data.USBD_Interface_fops_FS)
    USBD_LangIDDesc                          0x20000154   Data           4  usbd_desc.o(.data.USBD_LangIDDesc)
    USBD_StringSerial                        0x20000158   Data          26  usbd_desc.o(.data.USBD_StringSerial)
    u1l_LCD_pos_Sig                          0x20000172   Data           8  main.o(.data.u1l_LCD_pos_Sig)
    u1l_LCD_pos_Vol                          0x2000017a   Data           6  main.o(.data.u1l_LCD_pos_Vol)
    uwTickFreq                               0x20000180   Data           1  stm32f1xx_hal.o(.data.uwTickFreq)
    uwTickPrio                               0x20000184   Data           4  stm32f1xx_hal.o(.data.uwTickPrio)
    LCD1                                     0x20000188   Data          88  main.o(.bss.LCD1)
    USBD_StrDesc                             0x200001e4   Data         512  usbd_desc.o(.bss.USBD_StrDesc)
    UserRxBufferFS                           0x20000604   Data          64  usbd_cdc_if.o(.bss.UserRxBufferFS)
    UserTxBufferFS                           0x20000644   Data          64  usbd_cdc_if.o(.bss.UserTxBufferFS)
    enl_setting_state                        0x20000684   Data           1  main.o(.bss.enl_setting_state)
    hUsbDeviceFS                             0x20000688   Data         708  usb_device.o(.bss.hUsbDeviceFS)
    hpcd_USB_FS                              0x2000094c   Data         748  usbd_conf.o(.bss.hpcd_USB_FS)
    htim3                                    0x20000c38   Data          72  main.o(.bss.htim3)
    u1l_LCD_pos_cur                          0x20000c80   Data           1  main.o(.bss.u1l_LCD_pos_cur)
    uwTick                                   0x20000c84   Data           4  stm32f1xx_hal.o(.bss.uwTick)
    __initial_sp                             0x20001088   Data           0  startup_stm32f103xb.o(STACK)



==============================================================================

Memory Map of the image

  Image Entry point : 0x080000ed

  Load Region LR_IROM1 (Base: 0x08000000, Size: 0x00004530, Max: 0x00010000, ABSOLUTE, COMPRESSED[0x00004478])

    Execution Region ER_IROM1 (Exec base: 0x08000000, Load base: 0x08000000, Size: 0x000043a8, Max: 0x00010000, ABSOLUTE)

    Exec Addr    Load Addr    Size         Type   Attr      Idx    E Section Name        Object

    0x08000000   0x08000000   0x000000ec   Data   RO            3    RESET               startup_stm32f103xb.o
    0x080000ec   0x080000ec   0x00000000   Code   RO         1336  * .ARM.Collect$$$$00000000  mc_w.l(entry.o)
    0x080000ec   0x080000ec   0x00000004   Code   RO         1343    .ARM.Collect$$$$00000001  mc_w.l(entry2.o)
    0x080000f0   0x080000f0   0x00000004   Code   RO         1346    .ARM.Collect$$$$00000004  mc_w.l(entry5.o)
    0x080000f4   0x080000f4   0x00000000   Code   RO         1348    .ARM.Collect$$$$00000008  mc_w.l(entry7b.o)
    0x080000f4   0x080000f4   0x00000000   Code   RO         1350    .ARM.Collect$$$$0000000A  mc_w.l(entry8b.o)
    0x080000f4   0x080000f4   0x00000008   Code   RO         1351    .ARM.Collect$$$$0000000B  mc_w.l(entry9a.o)
    0x080000fc   0x080000fc   0x00000000   Code   RO         1353    .ARM.Collect$$$$0000000D  mc_w.l(entry10a.o)
    0x080000fc   0x080000fc   0x00000000   Code   RO         1355    .ARM.Collect$$$$0000000F  mc_w.l(entry11a.o)
    0x080000fc   0x080000fc   0x00000004   Code   RO         1344    .ARM.Collect$$$$00002712  mc_w.l(entry2.o)
    0x08000100   0x08000100   0x00000024   Code   RO            4    .text               startup_stm32f103xb.o
    0x08000124   0x08000124   0x00000024   Code   RO         1339    .text               mc_w.l(memseta.o)
    0x08000148   0x08000148   0x0000001e   Code   RO         1341    .text               mc_w.l(strncmp.o)
    0x08000166   0x08000166   0x00000002   PAD
    0x08000168   0x08000168   0x00000024   Code   RO         1357    .text               mc_w.l(init.o)
    0x0800018c   0x0800018c   0x00000056   Code   RO         1367    .text               mc_w.l(__dczerorl2.o)
    0x080001e2   0x080001e2   0x00000002   PAD
    0x080001e4   0x080001e4   0x00000002   Code   RO           70    .text.BusFault_Handler  stm32f1xx_it.o
    0x080001e6   0x080001e6   0x00000002   PAD
    0x080001e8   0x080001e8   0x00000004   Code   RO         1096    .text.CDC_Control_FS  usbd_cdc_if.o
    0x080001ec   0x080001ec   0x00000004   Code   RO         1094    .text.CDC_DeInit_FS  usbd_cdc_if.o
    0x080001f0   0x080001f0   0x0000002c   Code   RO         1092    .text.CDC_Init_FS   usbd_cdc_if.o
    0x0800021c   0x0800021c   0x0000002c   Code   RO         1098    .text.CDC_Receive_FS  usbd_cdc_if.o
    0x08000248   0x08000248   0x000000c8   Code   RO         1022    .text.CLCD_4BIT_Init  clcd.o
    0x08000310   0x08000310   0x00000024   Code   RO         1032    .text.CLCD_Clear    clcd.o
    0x08000334   0x08000334   0x00000008   Code   RO         1018    .text.CLCD_Delay    clcd.o
    0x0800033c   0x0800033c   0x00000050   Code   RO         1026    .text.CLCD_SetCursor  clcd.o
    0x0800038c   0x0800038c   0x000000e2   Code   RO         1024    .text.CLCD_Write4   clcd.o
    0x0800046e   0x0800046e   0x00000002   PAD
    0x08000470   0x08000470   0x000000a8   Code   RO         1020    .text.CLCD_Write8   clcd.o
    0x08000518   0x08000518   0x0000001c   Code   RO         1028    .text.CLCD_WriteChar  clcd.o
    0x08000534   0x08000534   0x00000022   Code   RO         1030    .text.CLCD_WriteString  clcd.o
    0x08000556   0x08000556   0x00000002   PAD
    0x08000558   0x08000558   0x00000002   Code   RO           76    .text.DebugMon_Handler  stm32f1xx_it.o
    0x0800055a   0x0800055a   0x00000002   PAD
    0x0800055c   0x0800055c   0x0000000a   Code   RO           45    .text.Error_Handler  main.o
    0x08000566   0x08000566   0x00000002   PAD
    0x08000568   0x08000568   0x00000034   Code   RO         1075    .text.Get_SerialNum  usbd_desc.o
    0x0800059c   0x0800059c   0x00000028   Code   RO          299    .text.HAL_Delay     stm32f1xx_hal.o
    0x080005c4   0x080005c4   0x00000218   Code   RO          392    .text.HAL_GPIO_Init  stm32f1xx_hal_gpio.o
    0x080007dc   0x080007dc   0x0000000a   Code   RO          396    .text.HAL_GPIO_ReadPin  stm32f1xx_hal_gpio.o
    0x080007e6   0x080007e6   0x00000002   PAD
    0x080007e8   0x080007e8   0x0000000a   Code   RO          398    .text.HAL_GPIO_WritePin  stm32f1xx_hal_gpio.o
    0x080007f2   0x080007f2   0x00000002   PAD
    0x080007f4   0x080007f4   0x0000000c   Code   RO          291    .text.HAL_GetTick   stm32f1xx_hal.o
    0x08000800   0x08000800   0x0000001a   Code   RO          289    .text.HAL_IncTick   stm32f1xx_hal.o
    0x0800081a   0x0800081a   0x00000002   PAD
    0x0800081c   0x0800081c   0x00000026   Code   RO          279    .text.HAL_Init      stm32f1xx_hal.o
    0x08000842   0x08000842   0x00000002   PAD
    0x08000844   0x08000844   0x00000050   Code   RO          281    .text.HAL_InitTick  stm32f1xx_hal.o
    0x08000894   0x08000894   0x00000042   Code   RO           91    .text.HAL_MspInit   stm32f1xx_hal_msp.o
    0x080008d6   0x080008d6   0x00000002   PAD
    0x080008d8   0x080008d8   0x00000008   Code   RO          462    .text.HAL_NVIC_EnableIRQ  stm32f1xx_hal_cortex.o
    0x080008e0   0x080008e0   0x0000001e   Code   RO          454    .text.HAL_NVIC_SetPriority  stm32f1xx_hal_cortex.o
    0x080008fe   0x080008fe   0x00000002   PAD
    0x08000900   0x08000900   0x00000008   Code   RO          450    .text.HAL_NVIC_SetPriorityGrouping  stm32f1xx_hal_cortex.o
    0x08000908   0x08000908   0x00000046   Code   RO          201    .text.HAL_PCDEx_PMAConfig  stm32f1xx_hal_pcd_ex.o
    0x0800094e   0x0800094e   0x00000002   PAD
    0x08000950   0x08000950   0x00000002   Code   RO         1175    .text.HAL_PCDEx_SetConnectionState  usbd_conf.o
    0x08000952   0x08000952   0x00000002   PAD
    0x08000954   0x08000954   0x00000018   Code   RO         1121    .text.HAL_PCD_DataInStageCallback  usbd_conf.o
    0x0800096c   0x0800096c   0x0000001a   Code   RO         1119    .text.HAL_PCD_DataOutStageCallback  usbd_conf.o
    0x08000986   0x08000986   0x00000002   PAD
    0x08000988   0x08000988   0x0000004c   Code   RO          169    .text.HAL_PCD_EP_Close  stm32f1xx_hal_pcd.o
    0x080009d4   0x080009d4   0x0000005e   Code   RO          179    .text.HAL_PCD_EP_ClrStall  stm32f1xx_hal_pcd.o
    0x08000a32   0x08000a32   0x00000002   PAD
    0x08000a34   0x08000a34   0x000000c6   Code   RO          189    .text.HAL_PCD_EP_DB_Receive  stm32f1xx_hal_pcd.o
    0x08000afa   0x08000afa   0x00000002   PAD
    0x08000afc   0x08000afc   0x00000344   Code   RO          191    .text.HAL_PCD_EP_DB_Transmit  stm32f1xx_hal_pcd.o
    0x08000e40   0x08000e40   0x00000012   Code   RO          173    .text.HAL_PCD_EP_GetRxCount  stm32f1xx_hal_pcd.o
    0x08000e52   0x08000e52   0x00000002   PAD
    0x08000e54   0x08000e54   0x00000060   Code   RO          167    .text.HAL_PCD_EP_Open  stm32f1xx_hal_pcd.o
    0x08000eb4   0x08000eb4   0x00000032   Code   RO          171    .text.HAL_PCD_EP_Receive  stm32f1xx_hal_pcd.o
    0x08000ee6   0x08000ee6   0x00000002   PAD
    0x08000ee8   0x08000ee8   0x0000006c   Code   RO          177    .text.HAL_PCD_EP_SetStall  stm32f1xx_hal_pcd.o
    0x08000f54   0x08000f54   0x00000036   Code   RO          175    .text.HAL_PCD_EP_Transmit  stm32f1xx_hal_pcd.o
    0x08000f8a   0x08000f8a   0x00000002   PAD
    0x08000f8c   0x08000f8c   0x0000016e   Code   RO          133    .text.HAL_PCD_IRQHandler  stm32f1xx_hal_pcd.o
    0x080010fa   0x080010fa   0x00000002   PAD
    0x080010fc   0x080010fc   0x000000f6   Code   RO          121    .text.HAL_PCD_Init  stm32f1xx_hal_pcd.o
    0x080011f2   0x080011f2   0x00000002   PAD
    0x080011f4   0x080011f4   0x00000044   Code   RO         1113    .text.HAL_PCD_MspInit  usbd_conf.o
    0x08001238   0x08001238   0x00000022   Code   RO         1125    .text.HAL_PCD_ResetCallback  usbd_conf.o
    0x0800125a   0x0800125a   0x00000002   PAD
    0x0800125c   0x0800125c   0x0000000c   Code   RO         1129    .text.HAL_PCD_ResumeCallback  usbd_conf.o
    0x08001268   0x08001268   0x0000000c   Code   RO         1123    .text.HAL_PCD_SOFCallback  usbd_conf.o
    0x08001274   0x08001274   0x00000028   Code   RO          139    .text.HAL_PCD_SetAddress  stm32f1xx_hal_pcd.o
    0x0800129c   0x0800129c   0x00000012   Code   RO         1117    .text.HAL_PCD_SetupStageCallback  usbd_conf.o
    0x080012ae   0x080012ae   0x00000002   PAD
    0x080012b0   0x080012b0   0x00000032   Code   RO          129    .text.HAL_PCD_Start  stm32f1xx_hal_pcd.o
    0x080012e2   0x080012e2   0x00000002   PAD
    0x080012e4   0x080012e4   0x00000026   Code   RO         1127    .text.HAL_PCD_SuspendCallback  usbd_conf.o
    0x0800130a   0x0800130a   0x00000002   PAD
    0x0800130c   0x0800130c   0x0000010e   Code   RO          378    .text.HAL_RCCEx_PeriphCLKConfig  stm32f1xx_hal_rcc_ex.o
    0x0800141a   0x0800141a   0x00000002   PAD
    0x0800141c   0x0800141c   0x0000016e   Code   RO          346    .text.HAL_RCC_ClockConfig  stm32f1xx_hal_rcc.o
    0x0800158a   0x0800158a   0x00000002   PAD
    0x0800158c   0x0800158c   0x00000060   Code   RO          348    .text.HAL_RCC_GetSysClockFreq  stm32f1xx_hal_rcc.o
    0x080015ec   0x080015ec   0x00000314   Code   RO          342    .text.HAL_RCC_OscConfig  stm32f1xx_hal_rcc.o
    0x08001900   0x08001900   0x00000008   Code   RO          474    .text.HAL_SYSTICK_Config  stm32f1xx_hal_cortex.o
    0x08001908   0x08001908   0x00000076   Code   RO          977    .text.HAL_TIMEx_MasterConfigSynchronization  stm32f1xx_hal_tim_ex.o
    0x0800197e   0x0800197e   0x00000002   PAD
    0x08001980   0x08001980   0x00000054   Code   RO           95    .text.HAL_TIM_MspPostInit  stm32f1xx_hal_msp.o
    0x080019d4   0x080019d4   0x00000096   Code   RO          829    .text.HAL_TIM_PWM_ConfigChannel  stm32f1xx_hal_tim.o
    0x08001a6a   0x08001a6a   0x00000002   PAD
    0x08001a6c   0x08001a6c   0x0000005a   Code   RO          717    .text.HAL_TIM_PWM_Init  stm32f1xx_hal_tim.o
    0x08001ac6   0x08001ac6   0x00000002   PAD
    0x08001ac8   0x08001ac8   0x00000032   Code   RO           93    .text.HAL_TIM_PWM_MspInit  stm32f1xx_hal_msp.o
    0x08001afa   0x08001afa   0x00000002   PAD
    0x08001afc   0x08001afc   0x000000b8   Code   RO          725    .text.HAL_TIM_PWM_Start  stm32f1xx_hal_tim.o
    0x08001bb4   0x08001bb4   0x00000002   Code   RO           66    .text.HardFault_Handler  stm32f1xx_it.o
    0x08001bb6   0x08001bb6   0x00000002   PAD
    0x08001bb8   0x08001bb8   0x00000036   Code   RO         1077    .text.IntToUnicode  usbd_desc.o
    0x08001bee   0x08001bee   0x00000002   PAD
    0x08001bf0   0x08001bf0   0x000000b6   Code   RO           31    .text.MX_GPIO_Init  main.o
    0x08001ca6   0x08001ca6   0x00000002   PAD
    0x08001ca8   0x08001ca8   0x00000084   Code   RO           33    .text.MX_TIM3_Init  main.o
    0x08001d2c   0x08001d2c   0x0000006e   Code   RO         1052    .text.MX_USB_DEVICE_Init  usb_device.o
    0x08001d9a   0x08001d9a   0x00000002   PAD
    0x08001d9c   0x08001d9c   0x00000002   Code   RO           68    .text.MemManage_Handler  stm32f1xx_it.o
    0x08001d9e   0x08001d9e   0x00000002   PAD
    0x08001da0   0x08001da0   0x00000002   Code   RO           64    .text.NMI_Handler   stm32f1xx_it.o
    0x08001da2   0x08001da2   0x00000002   PAD
    0x08001da4   0x08001da4   0x0000002c   Code   RO          460    .text.NVIC_EncodePriority  stm32f1xx_hal_cortex.o
    0x08001dd0   0x08001dd0   0x00000320   Code   RO          135    .text.PCD_EP_ISR_Handler  stm32f1xx_hal_pcd.o
    0x080020f0   0x080020f0   0x00000002   Code   RO           78    .text.PendSV_Handler  stm32f1xx_it.o
    0x080020f2   0x080020f2   0x00000002   PAD
    0x080020f4   0x080020f4   0x0000002c   Code   RO          344    .text.RCC_Delay     stm32f1xx_hal_rcc.o
    0x08002120   0x08002120   0x00000002   Code   RO           74    .text.SVC_Handler   stm32f1xx_it.o
    0x08002122   0x08002122   0x00000002   PAD
    0x08002124   0x08002124   0x0000002e   Code   RO          476    .text.SysTick_Config  stm32f1xx_hal_cortex.o
    0x08002152   0x08002152   0x00000002   PAD
    0x08002154   0x08002154   0x00000008   Code   RO           80    .text.SysTick_Handler  stm32f1xx_it.o
    0x0800215c   0x0800215c   0x00000078   Code   RO           29    .text.SystemClock_Config  main.o
    0x080021d4   0x080021d4   0x00000002   Code   RO         1001    .text.SystemInit    system_stm32f1xx.o
    0x080021d6   0x080021d6   0x00000002   PAD
    0x080021d8   0x080021d8   0x0000008a   Code   RO          667    .text.TIM_Base_SetConfig  stm32f1xx_hal_tim.o
    0x08002262   0x08002262   0x00000002   PAD
    0x08002264   0x08002264   0x00000024   Code   RO          701    .text.TIM_CCxChannelCmd  stm32f1xx_hal_tim.o
    0x08002288   0x08002288   0x00000060   Code   RO          811    .text.TIM_OC1_SetConfig  stm32f1xx_hal_tim.o
    0x080022e8   0x080022e8   0x00000068   Code   RO          813    .text.TIM_OC2_SetConfig  stm32f1xx_hal_tim.o
    0x08002350   0x08002350   0x00000068   Code   RO          815    .text.TIM_OC3_SetConfig  stm32f1xx_hal_tim.o
    0x080023b8   0x080023b8   0x0000004c   Code   RO          817    .text.TIM_OC4_SetConfig  stm32f1xx_hal_tim.o
    0x08002404   0x08002404   0x00000050   Code   RO         1302    .text.USBD_CDC_DataIn  usbd_cdc.o
    0x08002454   0x08002454   0x0000002e   Code   RO         1304    .text.USBD_CDC_DataOut  usbd_cdc.o
    0x08002482   0x08002482   0x00000002   PAD
    0x08002484   0x08002484   0x00000042   Code   RO         1296    .text.USBD_CDC_DeInit  usbd_cdc.o
    0x080024c6   0x080024c6   0x00000002   PAD
    0x080024c8   0x080024c8   0x00000028   Code   RO         1300    .text.USBD_CDC_EP0_RxReady  usbd_cdc.o
    0x080024f0   0x080024f0   0x00000010   Code   RO         1312    .text.USBD_CDC_GetDeviceQualifierDescriptor  usbd_cdc.o
    0x08002500   0x08002500   0x00000010   Code   RO         1308    .text.USBD_CDC_GetFSCfgDesc  usbd_cdc.o
    0x08002510   0x08002510   0x00000010   Code   RO         1306    .text.USBD_CDC_GetHSCfgDesc  usbd_cdc.o
    0x08002520   0x08002520   0x00000010   Code   RO         1310    .text.USBD_CDC_GetOtherSpeedCfgDesc  usbd_cdc.o
    0x08002530   0x08002530   0x00000082   Code   RO         1294    .text.USBD_CDC_Init  usbd_cdc.o
    0x080025b2   0x080025b2   0x00000002   PAD
    0x080025b4   0x080025b4   0x0000002a   Code   RO         1322    .text.USBD_CDC_ReceivePacket  usbd_cdc.o
    0x080025de   0x080025de   0x00000002   PAD
    0x080025e0   0x080025e0   0x0000000e   Code   RO         1314    .text.USBD_CDC_RegisterInterface  usbd_cdc.o
    0x080025ee   0x080025ee   0x00000002   PAD
    0x080025f0   0x080025f0   0x0000000c   Code   RO         1318    .text.USBD_CDC_SetRxBuffer  usbd_cdc.o
    0x080025fc   0x080025fc   0x00000010   Code   RO         1316    .text.USBD_CDC_SetTxBuffer  usbd_cdc.o
    0x0800260c   0x0800260c   0x000000f2   Code   RO         1298    .text.USBD_CDC_Setup  usbd_cdc.o
    0x080026fe   0x080026fe   0x00000002   PAD
    0x08002700   0x08002700   0x0000000e   Code   RO         1201    .text.USBD_ClrClassConfig  usbd_core.o
    0x0800270e   0x0800270e   0x00000002   PAD
    0x08002710   0x08002710   0x00000026   Code   RO         1249    .text.USBD_ClrFeature  usbd_ctlreq.o
    0x08002736   0x08002736   0x00000002   PAD
    0x08002738   0x08002738   0x00000010   Code   RO         1278    .text.USBD_CtlContinueRx  usbd_ioreq.o
    0x08002748   0x08002748   0x00000010   Code   RO         1274    .text.USBD_CtlContinueSendData  usbd_ioreq.o
    0x08002758   0x08002758   0x00000014   Code   RO         1251    .text.USBD_CtlError  usbd_ctlreq.o
    0x0800276c   0x0800276c   0x0000001a   Code   RO         1276    .text.USBD_CtlPrepareRx  usbd_ioreq.o
    0x08002786   0x08002786   0x00000002   PAD
    0x08002788   0x08002788   0x00000016   Code   RO         1282    .text.USBD_CtlReceiveStatus  usbd_ioreq.o
    0x0800279e   0x0800279e   0x00000002   PAD
    0x080027a0   0x080027a0   0x0000001a   Code   RO         1272    .text.USBD_CtlSendData  usbd_ioreq.o
    0x080027ba   0x080027ba   0x00000002   PAD
    0x080027bc   0x080027bc   0x00000016   Code   RO         1280    .text.USBD_CtlSendStatus  usbd_ioreq.o
    0x080027d2   0x080027d2   0x00000002   PAD
    0x080027d4   0x080027d4   0x00000024   Code   RO         1071    .text.USBD_FS_ConfigStrDescriptor  usbd_desc.o
    0x080027f8   0x080027f8   0x0000000e   Code   RO         1061    .text.USBD_FS_DeviceDescriptor  usbd_desc.o
    0x08002806   0x08002806   0x00000002   PAD
    0x08002808   0x08002808   0x00000028   Code   RO         1073    .text.USBD_FS_InterfaceStrDescriptor  usbd_desc.o
    0x08002830   0x08002830   0x0000000e   Code   RO         1063    .text.USBD_FS_LangIDStrDescriptor  usbd_desc.o
    0x0800283e   0x0800283e   0x00000002   PAD
    0x08002840   0x08002840   0x0000002c   Code   RO         1065    .text.USBD_FS_ManufacturerStrDescriptor  usbd_desc.o
    0x0800286c   0x0800286c   0x00000030   Code   RO         1067    .text.USBD_FS_ProductStrDescriptor  usbd_desc.o
    0x0800289c   0x0800289c   0x00000014   Code   RO         1069    .text.USBD_FS_SerialStrDescriptor  usbd_desc.o
    0x080028b0   0x080028b0   0x00000030   Code   RO         1243    .text.USBD_GetConfig  usbd_ctlreq.o
    0x080028e0   0x080028e0   0x000000fc   Code   RO         1237    .text.USBD_GetDescriptor  usbd_ctlreq.o
    0x080029dc   0x080029dc   0x0000001e   Code   RO         1261    .text.USBD_GetLen   usbd_ctlreq.o
    0x080029fa   0x080029fa   0x00000002   PAD
    0x080029fc   0x080029fc   0x00000032   Code   RO         1245    .text.USBD_GetStatus  usbd_ctlreq.o
    0x08002a2e   0x08002a2e   0x00000002   PAD
    0x08002a30   0x08002a30   0x00000044   Code   RO         1259    .text.USBD_GetString  usbd_ctlreq.o
    0x08002a74   0x08002a74   0x0000001a   Code   RO         1143    .text.USBD_Get_USB_Status  usbd_conf.o
    0x08002a8e   0x08002a8e   0x00000002   PAD
    0x08002a90   0x08002a90   0x00000030   Code   RO         1187    .text.USBD_Init     usbd_core.o
    0x08002ac0   0x08002ac0   0x00000010   Code   RO         1157    .text.USBD_LL_ClearStallEP  usbd_conf.o
    0x08002ad0   0x08002ad0   0x00000010   Code   RO         1151    .text.USBD_LL_CloseEP  usbd_conf.o
    0x08002ae0   0x08002ae0   0x000000c2   Code   RO         1207    .text.USBD_LL_DataInStage  usbd_core.o
    0x08002ba2   0x08002ba2   0x00000002   PAD
    0x08002ba4   0x08002ba4   0x00000086   Code   RO         1205    .text.USBD_LL_DataOutStage  usbd_core.o
    0x08002c2a   0x08002c2a   0x00000002   PAD
    0x08002c2c   0x08002c2c   0x0000000c   Code   RO         1167    .text.USBD_LL_GetRxDataSize  usbd_conf.o
    0x08002c38   0x08002c38   0x00000086   Code   RO         1139    .text.USBD_LL_Init  usbd_conf.o
    0x08002cbe   0x08002cbe   0x00000002   PAD
    0x08002cc0   0x08002cc0   0x00000020   Code   RO         1159    .text.USBD_LL_IsStallEP  usbd_conf.o
    0x08002ce0   0x08002ce0   0x00000016   Code   RO         1149    .text.USBD_LL_OpenEP  usbd_conf.o
    0x08002cf6   0x08002cf6   0x00000002   PAD
    0x08002cf8   0x08002cf8   0x00000010   Code   RO         1165    .text.USBD_LL_PrepareReceive  usbd_conf.o
    0x08002d08   0x08002d08   0x00000054   Code   RO         1209    .text.USBD_LL_Reset  usbd_core.o
    0x08002d5c   0x08002d5c   0x00000014   Code   RO         1215    .text.USBD_LL_Resume  usbd_core.o
    0x08002d70   0x08002d70   0x0000001a   Code   RO         1217    .text.USBD_LL_SOF   usbd_core.o
    0x08002d8a   0x08002d8a   0x00000002   PAD
    0x08002d8c   0x08002d8c   0x00000008   Code   RO         1211    .text.USBD_LL_SetSpeed  usbd_core.o
    0x08002d94   0x08002d94   0x00000010   Code   RO         1161    .text.USBD_LL_SetUSBAddress  usbd_conf.o
    0x08002da4   0x08002da4   0x00000060   Code   RO         1203    .text.USBD_LL_SetupStage  usbd_core.o
    0x08002e04   0x08002e04   0x00000010   Code   RO         1155    .text.USBD_LL_StallEP  usbd_conf.o
    0x08002e14   0x08002e14   0x00000010   Code   RO         1145    .text.USBD_LL_Start  usbd_conf.o
    0x08002e24   0x08002e24   0x00000014   Code   RO         1213    .text.USBD_LL_Suspend  usbd_core.o
    0x08002e38   0x08002e38   0x00000010   Code   RO         1163    .text.USBD_LL_Transmit  usbd_conf.o
    0x08002e48   0x08002e48   0x00000016   Code   RO         1257    .text.USBD_ParseSetupRequest  usbd_ctlreq.o
    0x08002e5e   0x08002e5e   0x00000002   PAD
    0x08002e60   0x08002e60   0x0000000e   Code   RO         1191    .text.USBD_RegisterClass  usbd_core.o
    0x08002e6e   0x08002e6e   0x00000002   PAD
    0x08002e70   0x08002e70   0x00000046   Code   RO         1239    .text.USBD_SetAddress  usbd_ctlreq.o
    0x08002eb6   0x08002eb6   0x00000002   PAD
    0x08002eb8   0x08002eb8   0x0000001a   Code   RO         1199    .text.USBD_SetClassConfig  usbd_core.o
    0x08002ed2   0x08002ed2   0x00000002   PAD
    0x08002ed4   0x08002ed4   0x00000086   Code   RO         1241    .text.USBD_SetConfig  usbd_ctlreq.o
    0x08002f5a   0x08002f5a   0x00000002   PAD
    0x08002f5c   0x08002f5c   0x00000016   Code   RO         1247    .text.USBD_SetFeature  usbd_ctlreq.o
    0x08002f72   0x08002f72   0x00000002   PAD
    0x08002f74   0x08002f74   0x0000000a   Code   RO         1193    .text.USBD_Start    usbd_core.o
    0x08002f7e   0x08002f7e   0x00000002   PAD
    0x08002f80   0x08002f80   0x00000072   Code   RO         1235    .text.USBD_StdDevReq  usbd_ctlreq.o
    0x08002ff2   0x08002ff2   0x00000002   PAD
    0x08002ff4   0x08002ff4   0x0000015c   Code   RO         1255    .text.USBD_StdEPReq  usbd_ctlreq.o
    0x08003150   0x08003150   0x0000005c   Code   RO         1253    .text.USBD_StdItfReq  usbd_ctlreq.o
    0x080031ac   0x080031ac   0x00000002   Code   RO         1173    .text.USBD_static_free  usbd_conf.o
    0x080031ae   0x080031ae   0x00000002   PAD
    0x080031b0   0x080031b0   0x0000000a   Code   RO         1171    .text.USBD_static_malloc  usbd_conf.o
    0x080031ba   0x080031ba   0x00000002   PAD
    0x080031bc   0x080031bc   0x000000a0   Code   RO           11    .text.USBRxHandler  main.o
    0x0800325c   0x0800325c   0x00000250   Code   RO          231    .text.USB_ActivateEndpoint  stm32f1xx_ll_usb.o
    0x080034ac   0x080034ac   0x00000004   Code   RO          217    .text.USB_CoreInit  stm32f1xx_ll_usb.o
    0x080034b0   0x080034b0   0x00000104   Code   RO          233    .text.USB_DeactivateEndpoint  stm32f1xx_ll_usb.o
    0x080035b4   0x080035b4   0x00000004   Code   RO          247    .text.USB_DevConnect  stm32f1xx_ll_usb.o
    0x080035b8   0x080035b8   0x00000004   Code   RO          249    .text.USB_DevDisconnect  stm32f1xx_ll_usb.o
    0x080035bc   0x080035bc   0x0000001a   Code   RO          225    .text.USB_DevInit   stm32f1xx_ll_usb.o
    0x080035d6   0x080035d6   0x00000002   PAD
    0x080035d8   0x080035d8   0x00000014   Code   RO          221    .text.USB_DisableGlobalInt  stm32f1xx_ll_usb.o
    0x080035ec   0x080035ec   0x00000004   Code   RO          263    .text.USB_EP0_OutStart  stm32f1xx_ll_usb.o
    0x080035f0   0x080035f0   0x0000007e   Code   RO          241    .text.USB_EPClearStall  stm32f1xx_ll_usb.o
    0x0800366e   0x0800366e   0x00000002   PAD
    0x08003670   0x08003670   0x00000032   Code   RO          239    .text.USB_EPSetStall  stm32f1xx_ll_usb.o
    0x080036a2   0x080036a2   0x00000002   PAD
    0x080036a4   0x080036a4   0x000006a4   Code   RO          235    .text.USB_EPStartXfer  stm32f1xx_ll_usb.o
    0x08003d48   0x08003d48   0x00000014   Code   RO          219    .text.USB_EnableGlobalInt  stm32f1xx_ll_usb.o
    0x08003d5c   0x08003d5c   0x00000010   Code   RO           82    .text.USB_LP_CAN1_RX0_IRQHandler  stm32f1xx_it.o
    0x08003d6c   0x08003d6c   0x00000006   Code   RO          251    .text.USB_ReadInterrupts  stm32f1xx_ll_usb.o
    0x08003d72   0x08003d72   0x00000002   PAD
    0x08003d74   0x08003d74   0x00000032   Code   RO          269    .text.USB_ReadPMA   stm32f1xx_ll_usb.o
    0x08003da6   0x08003da6   0x00000002   PAD
    0x08003da8   0x08003da8   0x00000004   Code   RO          223    .text.USB_SetCurrentMode  stm32f1xx_ll_usb.o
    0x08003dac   0x08003dac   0x0000000e   Code   RO          245    .text.USB_SetDevAddress  stm32f1xx_ll_usb.o
    0x08003dba   0x08003dba   0x00000002   PAD
    0x08003dbc   0x08003dbc   0x0000002a   Code   RO          237    .text.USB_WritePMA  stm32f1xx_ll_usb.o
    0x08003de6   0x08003de6   0x00000002   PAD
    0x08003de8   0x08003de8   0x00000002   Code   RO           72    .text.UsageFault_Handler  stm32f1xx_it.o
    0x08003dea   0x08003dea   0x00000002   PAD
    0x08003dec   0x08003dec   0x00000020   Code   RO          464    .text.__NVIC_EnableIRQ  stm32f1xx_hal_cortex.o
    0x08003e0c   0x08003e0c   0x00000010   Code   RO          456    .text.__NVIC_GetPriorityGrouping  stm32f1xx_hal_cortex.o
    0x08003e1c   0x08003e1c   0x00000022   Code   RO          458    .text.__NVIC_SetPriority  stm32f1xx_hal_cortex.o
    0x08003e3e   0x08003e3e   0x00000002   PAD
    0x08003e40   0x08003e40   0x00000020   Code   RO          452    .text.__NVIC_SetPriorityGrouping  stm32f1xx_hal_cortex.o
    0x08003e60   0x08003e60   0x00000024   Code   RO           21    .text.f_active_BLE  main.o
    0x08003e84   0x08003e84   0x00000024   Code   RO           19    .text.f_active_ST   main.o
    0x08003ea8   0x08003ea8   0x00000024   Code   RO           23    .text.f_active_UWB  main.o
    0x08003ecc   0x08003ecc   0x00000016   Code   RO           41    .text.f_active_sw   main.o
    0x08003ee2   0x08003ee2   0x00000002   PAD
    0x08003ee4   0x08003ee4   0x00000054   Code   RO           47    .text.f_clr_pos_lcd  main.o
    0x08003f38   0x08003f38   0x00000030   Code   RO           37    .text.f_deactive_sw  main.o
    0x08003f68   0x08003f68   0x0000009c   Code   RO           43    .text.f_display_sw_signal  main.o
    0x08004004   0x08004004   0x00000080   Code   RO           35    .text.f_display_voltage  main.o
    0x08004084   0x08004084   0x00000030   Code   RO           39    .text.f_pos_lcd     main.o
    0x080040b4   0x080040b4   0x00000024   Code   RO           25    .text.f_sw_signal_not_use  main.o
    0x080040d8   0x080040d8   0x00000020   Code   RO           13    .text.f_voltage_0V  main.o
    0x080040f8   0x080040f8   0x00000020   Code   RO           15    .text.f_voltage_12V  main.o
    0x08004118   0x08004118   0x00000020   Code   RO           17    .text.f_voltage_24V  main.o
    0x08004138   0x08004138   0x00000220   Code   RO           27    .text.main          main.o
    0x08004358   0x08004358   0x0000000e   Code   RO         1361    i.__scatterload_copy  mc_w.l(handlers.o)
    0x08004366   0x08004366   0x00000002   Code   RO         1362    i.__scatterload_null  mc_w.l(handlers.o)
    0x08004368   0x08004368   0x0000000e   Code   RO         1363    i.__scatterload_zeroinit  mc_w.l(handlers.o)
    0x08004376   0x08004376   0x00000010   Data   RO         1006    .rodata.AHBPrescTable  system_stm32f1xx.o
    0x08004386   0x08004386   0x00000002   PAD
    0x08004388   0x08004388   0x00000020   Data   RO         1360    Region$$Table       anon$$obj.o


    Execution Region RW_IRAM1 (Exec base: 0x20000000, Load base: 0x080043a8, Size: 0x00001088, Max: 0x00005000, ABSOLUTE, COMPRESSED[0x000000d0])

    Exec Addr    Load Addr    Size         Type   Attr      Idx    E Section Name        Object

    0x20000000   COMPRESSED   0x0000001c   Data   RW         1079    .data.FS_Desc       usbd_desc.o
    0x2000001c   COMPRESSED   0x00000004   Data   RW         1005    .data.SystemCoreClock  system_stm32f1xx.o
    0x20000020   COMPRESSED   0x00000038   Data   RW         1324    .data.USBD_CDC      usbd_cdc.o
    0x20000058   COMPRESSED   0x00000043   Data   RW         1326    .data.USBD_CDC_CfgFSDesc  usbd_cdc.o
    0x2000009b   COMPRESSED   0x00000001   PAD
    0x2000009c   COMPRESSED   0x00000043   Data   RW         1325    .data.USBD_CDC_CfgHSDesc  usbd_cdc.o
    0x200000df   COMPRESSED   0x00000001   PAD
    0x200000e0   COMPRESSED   0x0000000a   Data   RW         1328    .data.USBD_CDC_DeviceQualifierDesc  usbd_cdc.o
    0x200000ea   COMPRESSED   0x00000002   PAD
    0x200000ec   COMPRESSED   0x00000043   Data   RW         1327    .data.USBD_CDC_OtherSpeedCfgDesc  usbd_cdc.o
    0x2000012f   COMPRESSED   0x00000001   PAD
    0x20000130   COMPRESSED   0x00000012   Data   RW         1080    .data.USBD_FS_DeviceDesc  usbd_desc.o
    0x20000142   COMPRESSED   0x00000002   PAD
    0x20000144   COMPRESSED   0x00000010   Data   RW         1102    .data.USBD_Interface_fops_FS  usbd_cdc_if.o
    0x20000154   COMPRESSED   0x00000004   Data   RW         1081    .data.USBD_LangIDDesc  usbd_desc.o
    0x20000158   COMPRESSED   0x0000001a   Data   RW         1082    .data.USBD_StringSerial  usbd_desc.o
    0x20000172   COMPRESSED   0x00000008   Data   RW           50    .data.u1l_LCD_pos_Sig  main.o
    0x2000017a   COMPRESSED   0x00000006   Data   RW           49    .data.u1l_LCD_pos_Vol  main.o
    0x20000180   COMPRESSED   0x00000001   Data   RW          330    .data.uwTickFreq    stm32f1xx_hal.o
    0x20000181   COMPRESSED   0x00000003   PAD
    0x20000184   COMPRESSED   0x00000004   Data   RW          329    .data.uwTickPrio    stm32f1xx_hal.o
    0x20000188        -       0x00000058   Zero   RW           52    .bss.LCD1           main.o
    0x200001e0        -       0x00000001   Zero   RW         1263    .bss.USBD_SetConfig.cfgidx  usbd_ctlreq.o
    0x200001e1   COMPRESSED   0x00000003   PAD
    0x200001e4        -       0x00000200   Zero   RW         1083    .bss.USBD_StrDesc   usbd_desc.o
    0x200003e4        -       0x00000220   Zero   RW         1178    .bss.USBD_static_malloc.mem  usbd_conf.o
    0x20000604        -       0x00000040   Zero   RW         1103    .bss.UserRxBufferFS  usbd_cdc_if.o
    0x20000644        -       0x00000040   Zero   RW         1104    .bss.UserTxBufferFS  usbd_cdc_if.o
    0x20000684        -       0x00000001   Zero   RW           53    .bss.enl_setting_state  main.o
    0x20000685   COMPRESSED   0x00000003   PAD
    0x20000688        -       0x000002c4   Zero   RW         1054    .bss.hUsbDeviceFS   usb_device.o
    0x2000094c        -       0x000002ec   Zero   RW         1177    .bss.hpcd_USB_FS    usbd_conf.o
    0x20000c38        -       0x00000048   Zero   RW           51    .bss.htim3          main.o
    0x20000c80        -       0x00000001   Zero   RW           54    .bss.u1l_LCD_pos_cur  main.o
    0x20000c81   COMPRESSED   0x00000003   PAD
    0x20000c84        -       0x00000004   Zero   RW          331    .bss.uwTick         stm32f1xx_hal.o
    0x20000c88        -       0x00000400   Zero   RW            1    STACK               startup_stm32f103xb.o


==============================================================================

Image component sizes


      Code (inc. data)   RO Data    RW Data    ZI Data      Debug   Object Name

       780          4          0          0          0       5777   clcd.o
      1874        108          0         14        162       9153   main.o
        36          8        236          0       1024        796   startup_stm32f103xb.o
       196          0          0          5          4       5744   stm32f1xx_hal.o
       258          0          0          0          0       8353   stm32f1xx_hal_cortex.o
       556         20          0          0          0       4618   stm32f1xx_hal_gpio.o
       200          0          0          0          0       4897   stm32f1xx_hal_msp.o
      3032          0          0          0          0      15144   stm32f1xx_hal_pcd.o
        70          0          0          0          0       4069   stm32f1xx_hal_pcd_ex.o
      1294         20          0          0          0       7009   stm32f1xx_hal_rcc.o
       270          0          0          0          0       3494   stm32f1xx_hal_rcc_ex.o
       978          4          0          0          0      40201   stm32f1xx_hal_tim.o
       118          0          0          0          0      16939   stm32f1xx_hal_tim_ex.o
        40          0          0          0          0       1140   stm32f1xx_it.o
      2926          4          0          0          0      15282   stm32f1xx_ll_usb.o
         2          0         16          4          0       1606   system_stm32f1xx.o
       110          0          0          0        708       2834   usb_device.o
       752          0          0        267          0      10063   usbd_cdc.o
        96          0          0         16        128       2555   usbd_cdc_if.o
       584          0          0          0       1292      14044   usbd_conf.o
       694          0          0          0          0       7014   usbd_core.o
      1308         24          0          0          1       8151   usbd_ctlreq.o
       322         72          0         76        512       3343   usbd_desc.o
       128          0          0          0          0       4289   usbd_ioreq.o

    ----------------------------------------------------------------------
     16792        264        286        392       3840     196515   Object Totals
         0          0         32          0          0          0   (incl. Generated)
       168          0          2         10          9          0   (incl. Padding)

    ----------------------------------------------------------------------

      Code (inc. data)   RO Data    RW Data    ZI Data      Debug   Library Member Name

        86          0          0          0          0          0   __dczerorl2.o
         0          0          0          0          0          0   entry.o
         0          0          0          0          0          0   entry10a.o
         0          0          0          0          0          0   entry11a.o
         8          4          0          0          0          0   entry2.o
         4          0          0          0          0          0   entry5.o
         0          0          0          0          0          0   entry7b.o
         0          0          0          0          0          0   entry8b.o
         8          4          0          0          0          0   entry9a.o
        30          0          0          0          0          0   handlers.o
        36          8          0          0          0         68   init.o
        36          0          0          0          0        108   memseta.o
        30          0          0          0          0         80   strncmp.o

    ----------------------------------------------------------------------
       242         16          0          0          0        256   Library Totals
         4          0          0          0          0          0   (incl. Padding)

    ----------------------------------------------------------------------

      Code (inc. data)   RO Data    RW Data    ZI Data      Debug   Library Name

       238         16          0          0          0        256   mc_w.l

    ----------------------------------------------------------------------
       242         16          0          0          0        256   Library Totals

    ----------------------------------------------------------------------

==============================================================================


      Code (inc. data)   RO Data    RW Data    ZI Data      Debug   

     17034        280        286        392       3840     196599   Grand Totals
     17034        280        286        208       3840     196599   ELF Image Totals (compressed)
     17034        280        286        208          0          0   ROM Totals

==============================================================================

    Total RO  Size (Code + RO Data)                17320 (  16.91kB)
    Total RW  Size (RW Data + ZI Data)              4232 (   4.13kB)
    Total ROM Size (Code + RO Data + RW Data)      17528 (  17.12kB)

==============================================================================

